
PROGRAM "C:\Users\Administrator\Desktop\GEC16W-1-S11X  V1.0\bin\Project.abs"

*********************************************************************************************
TARGET SECTION
---------------------------------------------------------------------------------------------
Processor   : Freescale HC12
Memory Model: BANKED
File Format : ELF\DWARF 2.0
Linker      : SmartLinker V-5.0.40 Build 10203, Jul 23 2010

*********************************************************************************************
FILE SECTION
---------------------------------------------------------------------------------------------
MC9S12XS128.c.o                         Model: BANKED,        Lang: ANSI-C
btn.c.o                                 Model: BANKED,        Lang: ANSI-C
datapage.c.o                            Model: BANKED,        Lang: ANSI-C
io.c.o                                  Model: BANKED,        Lang: ANSI-C
lcdfont.c.o                             Model: BANKED,        Lang: ANSI-C
lcd.c.o                                 Model: BANKED,        Lang: ANSI-C
main.c.o                                Model: BANKED,        Lang: ANSI-C
mcu_init.c.o                            Model: BANKED,        Lang: ANSI-C
sci.c.o                                 Model: BANKED,        Lang: ANSI-C
Start12.c.o                             Model: BANKED,        Lang: ANSI-C
MATH.C.o (ansixbf.lib)                  Model: BANKED,        Lang: ANSI-C
DADD.C.o (ansixbf.lib)                  Model: BANKED,        Lang: ANSI-C
DANSI.C.o (ansixbf.lib)                 Model: BANKED,        Lang: ANSI-C
DCMP.C.o (ansixbf.lib)                  Model: BANKED,        Lang: ANSI-C
DCONV.C.o (ansixbf.lib)                 Model: BANKED,        Lang: ANSI-C
DFCONV.C.o (ansixbf.lib)                Model: BANKED,        Lang: ANSI-C
DMUL.C.o (ansixbf.lib)                  Model: BANKED,        Lang: ANSI-C
DREGS.C.o (ansixbf.lib)                 Model: BANKED,        Lang: ANSI-C
FCMP.C.o (ansixbf.lib)                  Model: BANKED,        Lang: ANSI-C
FCONV.C.o (ansixbf.lib)                 Model: BANKED,        Lang: ANSI-C
FMUL.C.o (ansixbf.lib)                  Model: BANKED,        Lang: ANSI-C
FREGS.C.o (ansixbf.lib)                 Model: BANKED,        Lang: ANSI-C
rtshc12.c.o (ansixbf.lib)               Model: BANKED,        Lang: ANSI-C
VREGS.C.o (ansixbf.lib)                 Model: BANKED,        Lang: ANSI-C

*********************************************************************************************
STARTUP SECTION
---------------------------------------------------------------------------------------------
Entry point: 0xC000 (_Startup)
_startupData is allocated at 0xC00F and uses 6 Bytes
extern struct _tagStartup {
  unsigned nofZeroOut     1
  _Range   pZeroOut       0x2200     4125
  _Copy    *toCopyDownBeg 0xD664
} _startupData;

*********************************************************************************************
SECTION-ALLOCATION SECTION
Section Name                    Size  Type     From       To       Segment
---------------------------------------------------------------------------------------------
.init                             15     R     0xC000     0xC00E   ROM_C000
.startData                        11     R     0xC00F     0xC019   ROM_C000
.rodata1                        2042     R     0xC01A     0xC813   ROM_C000
NON_BANKED                      3467     R     0xC814     0xD59E   ROM_C000
MY_INTERRUPT                     197     R     0xD59F     0xD663   ROM_C000
.copy                            712     R     0xD664     0xD92B   ROM_C000
.text                          16088     R   0xFE8000   0xFEBED7   PAGE_FE
.stack                           512   R/W     0x2000     0x21FF   RAM
.data                           1085   R/W     0x2200     0x263C   RAM
PAGE_1                          9791     R   0xF88000   0xF8A63E   PAGE_F8
PAGE_2                          8280     R   0xF98000   0xF9A057   PAGE_F9
PAGE_3                         12012     R   0xFA8000   0xFAAEEB   PAGE_FA
PAGE_4                         12190     R   0xFB8000   0xFBAF9D   PAGE_FB
.abs_section_8                     1   N/I        0x8        0x8   .absSeg0
.abs_section_9                     1   N/I        0x9        0x9   .absSeg1
.abs_section_b                     1   N/I        0xB        0xB   .absSeg2
.abs_section_c                     1   N/I        0xC        0xC   .absSeg3
.abs_section_d                     1   N/I        0xD        0xD   .absSeg4
.abs_section_10                    1   N/I       0x10       0x10   .absSeg5
.abs_section_11                    1   N/I       0x11       0x11   .absSeg6
.abs_section_13                    1   N/I       0x13       0x13   .absSeg7
.abs_section_15                    1   N/I       0x15       0x15   .absSeg8
.abs_section_16                    1   N/I       0x16       0x16   .absSeg9
.abs_section_17                    1   N/I       0x17       0x17   .absSeg10
.abs_section_1c                    1   N/I       0x1C       0x1C   .absSeg11
.abs_section_1e                    1   N/I       0x1E       0x1E   .absSeg12
.abs_section_20                    1   N/I       0x20       0x20   .absSeg13
.abs_section_21                    1   N/I       0x21       0x21   .absSeg14
.abs_section_22                    1   N/I       0x22       0x22   .absSeg15
.abs_section_23                    1   N/I       0x23       0x23   .absSeg16
.abs_section_26                    1   N/I       0x26       0x26   .absSeg17
.abs_section_27                    1   N/I       0x27       0x27   .absSeg18
.abs_section_28                    1   N/I       0x28       0x28   .absSeg19
.abs_section_29                    1   N/I       0x29       0x29   .absSeg20
.abs_section_2a                    1   N/I       0x2A       0x2A   .absSeg21
.abs_section_2b                    1   N/I       0x2B       0x2B   .absSeg22
.abs_section_2c                    1   N/I       0x2C       0x2C   .absSeg23
.abs_section_2d                    1   N/I       0x2D       0x2D   .absSeg24
.abs_section_2e                    1   N/I       0x2E       0x2E   .absSeg25
.abs_section_2f                    1   N/I       0x2F       0x2F   .absSeg26
.abs_section_32                    1   N/I       0x32       0x32   .absSeg27
.abs_section_33                    1   N/I       0x33       0x33   .absSeg28
.abs_section_34                    1   N/I       0x34       0x34   .absSeg29
.abs_section_35                    1   N/I       0x35       0x35   .absSeg30
.abs_section_36                    1   N/I       0x36       0x36   .absSeg31
.abs_section_37                    1   N/I       0x37       0x37   .absSeg32
.abs_section_38                    1   N/I       0x38       0x38   .absSeg33
.abs_section_39                    1   N/I       0x39       0x39   .absSeg34
.abs_section_3a                    1   N/I       0x3A       0x3A   .absSeg35
.abs_section_3b                    1   N/I       0x3B       0x3B   .absSeg36
.abs_section_3c                    1   N/I       0x3C       0x3C   .absSeg37
.abs_section_3f                    1   N/I       0x3F       0x3F   .absSeg38
.abs_section_40                    1   N/I       0x40       0x40   .absSeg39
.abs_section_41                    1   N/I       0x41       0x41   .absSeg40
.abs_section_42                    1   N/I       0x42       0x42   .absSeg41
.abs_section_43                    1   N/I       0x43       0x43   .absSeg42
.abs_section_46                    1   N/I       0x46       0x46   .absSeg43
.abs_section_47                    1   N/I       0x47       0x47   .absSeg44
.abs_section_48                    1   N/I       0x48       0x48   .absSeg45
.abs_section_49                    1   N/I       0x49       0x49   .absSeg46
.abs_section_4a                    1   N/I       0x4A       0x4A   .absSeg47
.abs_section_4b                    1   N/I       0x4B       0x4B   .absSeg48
.abs_section_4c                    1   N/I       0x4C       0x4C   .absSeg49
.abs_section_4d                    1   N/I       0x4D       0x4D   .absSeg50
.abs_section_4e                    1   N/I       0x4E       0x4E   .absSeg51
.abs_section_4f                    1   N/I       0x4F       0x4F   .absSeg52
.abs_section_60                    1   N/I       0x60       0x60   .absSeg53
.abs_section_61                    1   N/I       0x61       0x61   .absSeg54
.abs_section_6c                    1   N/I       0x6C       0x6C   .absSeg55
.abs_section_6e                    1   N/I       0x6E       0x6E   .absSeg56
.abs_section_ca                    1   N/I       0xCA       0xCA   .absSeg57
.abs_section_cb                    1   N/I       0xCB       0xCB   .absSeg58
.abs_section_cc                    1   N/I       0xCC       0xCC   .absSeg59
.abs_section_cd                    1   N/I       0xCD       0xCD   .absSeg60
.abs_section_ce                    1   N/I       0xCE       0xCE   .absSeg61
.abs_section_cf                    1   N/I       0xCF       0xCF   .absSeg62
.abs_section_d2                    1   N/I       0xD2       0xD2   .absSeg63
.abs_section_d3                    1   N/I       0xD3       0xD3   .absSeg64
.abs_section_d4                    1   N/I       0xD4       0xD4   .absSeg65
.abs_section_d5                    1   N/I       0xD5       0xD5   .absSeg66
.abs_section_d6                    1   N/I       0xD6       0xD6   .absSeg67
.abs_section_d7                    1   N/I       0xD7       0xD7   .absSeg68
.abs_section_d8                    1   N/I       0xD8       0xD8   .absSeg69
.abs_section_d9                    1   N/I       0xD9       0xD9   .absSeg70
.abs_section_da                    1   N/I       0xDA       0xDA   .absSeg71
.abs_section_db                    1   N/I       0xDB       0xDB   .absSeg72
.abs_section_100                   1   N/I      0x100      0x100   .absSeg73
.abs_section_101                   1   N/I      0x101      0x101   .absSeg74
.abs_section_102                   1   N/I      0x102      0x102   .absSeg75
.abs_section_103                   1   N/I      0x103      0x103   .absSeg76
.abs_section_104                   1   N/I      0x104      0x104   .absSeg77
.abs_section_105                   1   N/I      0x105      0x105   .absSeg78
.abs_section_106                   1   N/I      0x106      0x106   .absSeg79
.abs_section_107                   1   N/I      0x107      0x107   .absSeg80
.abs_section_108                   1   N/I      0x108      0x108   .absSeg81
.abs_section_109                   1   N/I      0x109      0x109   .absSeg82
.abs_section_110                   1   N/I      0x110      0x110   .absSeg83
.abs_section_121                   1   N/I      0x121      0x121   .absSeg84
.abs_section_126                   1   N/I      0x126      0x126   .absSeg85
.abs_section_127                   1   N/I      0x127      0x127   .absSeg86
.abs_section_128                   1   N/I      0x128      0x128   .absSeg87
.abs_section_129                   1   N/I      0x129      0x129   .absSeg88
.abs_section_12a                   1   N/I      0x12A      0x12A   .absSeg89
.abs_section_12b                   1   N/I      0x12B      0x12B   .absSeg90
.abs_section_12c                   1   N/I      0x12C      0x12C   .absSeg91
.abs_section_12d                   1   N/I      0x12D      0x12D   .absSeg92
.abs_section_12e                   1   N/I      0x12E      0x12E   .absSeg93
.abs_section_12f                   1   N/I      0x12F      0x12F   .absSeg94
.abs_section_140                   1   N/I      0x140      0x140   .absSeg95
.abs_section_141                   1   N/I      0x141      0x141   .absSeg96
.abs_section_142                   1   N/I      0x142      0x142   .absSeg97
.abs_section_143                   1   N/I      0x143      0x143   .absSeg98
.abs_section_144                   1   N/I      0x144      0x144   .absSeg99
.abs_section_145                   1   N/I      0x145      0x145   .absSeg100
.abs_section_146                   1   N/I      0x146      0x146   .absSeg101
.abs_section_147                   1   N/I      0x147      0x147   .absSeg102
.abs_section_148                   1   N/I      0x148      0x148   .absSeg103
.abs_section_149                   1   N/I      0x149      0x149   .absSeg104
.abs_section_14a                   1   N/I      0x14A      0x14A   .absSeg105
.abs_section_14b                   1   N/I      0x14B      0x14B   .absSeg106
.abs_section_14d                   1   N/I      0x14D      0x14D   .absSeg107
.abs_section_14e                   1   N/I      0x14E      0x14E   .absSeg108
.abs_section_14f                   1   N/I      0x14F      0x14F   .absSeg109
.abs_section_150                   1   N/I      0x150      0x150   .absSeg110
.abs_section_151                   1   N/I      0x151      0x151   .absSeg111
.abs_section_152                   1   N/I      0x152      0x152   .absSeg112
.abs_section_153                   1   N/I      0x153      0x153   .absSeg113
.abs_section_154                   1   N/I      0x154      0x154   .absSeg114
.abs_section_155                   1   N/I      0x155      0x155   .absSeg115
.abs_section_156                   1   N/I      0x156      0x156   .absSeg116
.abs_section_157                   1   N/I      0x157      0x157   .absSeg117
.abs_section_158                   1   N/I      0x158      0x158   .absSeg118
.abs_section_159                   1   N/I      0x159      0x159   .absSeg119
.abs_section_15a                   1   N/I      0x15A      0x15A   .absSeg120
.abs_section_15b                   1   N/I      0x15B      0x15B   .absSeg121
.abs_section_15c                   1   N/I      0x15C      0x15C   .absSeg122
.abs_section_15d                   1   N/I      0x15D      0x15D   .absSeg123
.abs_section_15e                   1   N/I      0x15E      0x15E   .absSeg124
.abs_section_15f                   1   N/I      0x15F      0x15F   .absSeg125
.abs_section_160                   1   N/I      0x160      0x160   .absSeg126
.abs_section_161                   1   N/I      0x161      0x161   .absSeg127
.abs_section_162                   1   N/I      0x162      0x162   .absSeg128
.abs_section_163                   1   N/I      0x163      0x163   .absSeg129
.abs_section_164                   1   N/I      0x164      0x164   .absSeg130
.abs_section_165                   1   N/I      0x165      0x165   .absSeg131
.abs_section_166                   1   N/I      0x166      0x166   .absSeg132
.abs_section_167                   1   N/I      0x167      0x167   .absSeg133
.abs_section_168                   1   N/I      0x168      0x168   .absSeg134
.abs_section_169                   1   N/I      0x169      0x169   .absSeg135
.abs_section_16a                   1   N/I      0x16A      0x16A   .absSeg136
.abs_section_16b                   1   N/I      0x16B      0x16B   .absSeg137
.abs_section_16c                   1   N/I      0x16C      0x16C   .absSeg138
.abs_section_170                   1   N/I      0x170      0x170   .absSeg139
.abs_section_171                   1   N/I      0x171      0x171   .absSeg140
.abs_section_172                   1   N/I      0x172      0x172   .absSeg141
.abs_section_173                   1   N/I      0x173      0x173   .absSeg142
.abs_section_174                   1   N/I      0x174      0x174   .absSeg143
.abs_section_175                   1   N/I      0x175      0x175   .absSeg144
.abs_section_176                   1   N/I      0x176      0x176   .absSeg145
.abs_section_177                   1   N/I      0x177      0x177   .absSeg146
.abs_section_178                   1   N/I      0x178      0x178   .absSeg147
.abs_section_179                   1   N/I      0x179      0x179   .absSeg148
.abs_section_17a                   1   N/I      0x17A      0x17A   .absSeg149
.abs_section_17b                   1   N/I      0x17B      0x17B   .absSeg150
.abs_section_17c                   1   N/I      0x17C      0x17C   .absSeg151
.abs_section_17d                   1   N/I      0x17D      0x17D   .absSeg152
.abs_section_240                   1   N/I      0x240      0x240   .absSeg153
.abs_section_241                   1   N/I      0x241      0x241   .absSeg154
.abs_section_242                   1   N/I      0x242      0x242   .absSeg155
.abs_section_243                   1   N/I      0x243      0x243   .absSeg156
.abs_section_244                   1   N/I      0x244      0x244   .absSeg157
.abs_section_245                   1   N/I      0x245      0x245   .absSeg158
.abs_section_247                   1   N/I      0x247      0x247   .absSeg159
.abs_section_248                   1   N/I      0x248      0x248   .absSeg160
.abs_section_249                   1   N/I      0x249      0x249   .absSeg161
.abs_section_24a                   1   N/I      0x24A      0x24A   .absSeg162
.abs_section_24b                   1   N/I      0x24B      0x24B   .absSeg163
.abs_section_24c                   1   N/I      0x24C      0x24C   .absSeg164
.abs_section_24d                   1   N/I      0x24D      0x24D   .absSeg165
.abs_section_24e                   1   N/I      0x24E      0x24E   .absSeg166
.abs_section_250                   1   N/I      0x250      0x250   .absSeg167
.abs_section_251                   1   N/I      0x251      0x251   .absSeg168
.abs_section_252                   1   N/I      0x252      0x252   .absSeg169
.abs_section_253                   1   N/I      0x253      0x253   .absSeg170
.abs_section_254                   1   N/I      0x254      0x254   .absSeg171
.abs_section_255                   1   N/I      0x255      0x255   .absSeg172
.abs_section_256                   1   N/I      0x256      0x256   .absSeg173
.abs_section_257                   1   N/I      0x257      0x257   .absSeg174
.abs_section_258                   1   N/I      0x258      0x258   .absSeg175
.abs_section_259                   1   N/I      0x259      0x259   .absSeg176
.abs_section_25a                   1   N/I      0x25A      0x25A   .absSeg177
.abs_section_25b                   1   N/I      0x25B      0x25B   .absSeg178
.abs_section_25c                   1   N/I      0x25C      0x25C   .absSeg179
.abs_section_25d                   1   N/I      0x25D      0x25D   .absSeg180
.abs_section_25e                   1   N/I      0x25E      0x25E   .absSeg181
.abs_section_25f                   1   N/I      0x25F      0x25F   .absSeg182
.abs_section_260                   1   N/I      0x260      0x260   .absSeg183
.abs_section_261                   1   N/I      0x261      0x261   .absSeg184
.abs_section_262                   1   N/I      0x262      0x262   .absSeg185
.abs_section_263                   1   N/I      0x263      0x263   .absSeg186
.abs_section_264                   1   N/I      0x264      0x264   .absSeg187
.abs_section_265                   1   N/I      0x265      0x265   .absSeg188
.abs_section_266                   1   N/I      0x266      0x266   .absSeg189
.abs_section_267                   1   N/I      0x267      0x267   .absSeg190
.abs_section_268                   1   N/I      0x268      0x268   .absSeg191
.abs_section_269                   1   N/I      0x269      0x269   .absSeg192
.abs_section_26a                   1   N/I      0x26A      0x26A   .absSeg193
.abs_section_26b                   1   N/I      0x26B      0x26B   .absSeg194
.abs_section_26c                   1   N/I      0x26C      0x26C   .absSeg195
.abs_section_26d                   1   N/I      0x26D      0x26D   .absSeg196
.abs_section_26e                   1   N/I      0x26E      0x26E   .absSeg197
.abs_section_26f                   1   N/I      0x26F      0x26F   .absSeg198
.abs_section_2c6                   1   N/I      0x2C6      0x2C6   .absSeg199
.abs_section_2f0                   1   N/I      0x2F0      0x2F0   .absSeg200
.abs_section_2f1                   1   N/I      0x2F1      0x2F1   .absSeg201
.abs_section_2f2                   1   N/I      0x2F2      0x2F2   .absSeg202
.abs_section_2f3                   1   N/I      0x2F3      0x2F3   .absSeg203
.abs_section_2f7                   1   N/I      0x2F7      0x2F7   .absSeg204
.abs_section_300                   1   N/I      0x300      0x300   .absSeg205
.abs_section_301                   1   N/I      0x301      0x301   .absSeg206
.abs_section_302                   1   N/I      0x302      0x302   .absSeg207
.abs_section_303                   1   N/I      0x303      0x303   .absSeg208
.abs_section_304                   1   N/I      0x304      0x304   .absSeg209
.abs_section_305                   1   N/I      0x305      0x305   .absSeg210
.abs_section_308                   1   N/I      0x308      0x308   .absSeg211
.abs_section_309                   1   N/I      0x309      0x309   .absSeg212
.abs_section_324                   1   N/I      0x324      0x324   .absSeg213
.abs_section_340                   1   N/I      0x340      0x340   .absSeg214
.abs_section_341                   1   N/I      0x341      0x341   .absSeg215
.abs_section_342                   1   N/I      0x342      0x342   .absSeg216
.abs_section_343                   1   N/I      0x343      0x343   .absSeg217
.abs_section_344                   1   N/I      0x344      0x344   .absSeg218
.abs_section_345                   1   N/I      0x345      0x345   .absSeg219
.abs_section_346                   1   N/I      0x346      0x346   .absSeg220
.abs_section_347                   1   N/I      0x347      0x347   .absSeg221
.abs_section_0                     2   N/I        0x0        0x1   .absSeg222
.abs_section_2                     2   N/I        0x2        0x3   .absSeg223
.abs_section_1a                    2   N/I       0x1A       0x1B   .absSeg224
.abs_section_24                    2   N/I       0x24       0x25   .absSeg225
.abs_section_44                    2   N/I       0x44       0x45   .absSeg226
.abs_section_50                    2   N/I       0x50       0x51   .absSeg227
.abs_section_52                    2   N/I       0x52       0x53   .absSeg228
.abs_section_54                    2   N/I       0x54       0x55   .absSeg229
.abs_section_56                    2   N/I       0x56       0x57   .absSeg230
.abs_section_58                    2   N/I       0x58       0x59   .absSeg231
.abs_section_5a                    2   N/I       0x5A       0x5B   .absSeg232
.abs_section_5c                    2   N/I       0x5C       0x5D   .absSeg233
.abs_section_5e                    2   N/I       0x5E       0x5F   .absSeg234
.abs_section_62                    2   N/I       0x62       0x63   .absSeg235
.abs_section_c8                    2   N/I       0xC8       0xC9   .absSeg236
.abs_section_d0                    2   N/I       0xD0       0xD1   .absSeg237
.abs_section_dc                    2   N/I       0xDC       0xDD   .absSeg238
.abs_section_10a                   2   N/I      0x10A      0x10B   .absSeg239
.abs_section_10e                   2   N/I      0x10E      0x10F   .absSeg240
.abs_section_16e                   2   N/I      0x16E      0x16F   .absSeg241
.abs_section_17e                   2   N/I      0x17E      0x17F   .absSeg242
.abs_section_270                   2   N/I      0x270      0x271   .absSeg243
.abs_section_272                   2   N/I      0x272      0x273   .absSeg244
.abs_section_274                   2   N/I      0x274      0x275   .absSeg245
.abs_section_276                   2   N/I      0x276      0x277   .absSeg246
.abs_section_2c0                   2   N/I      0x2C0      0x2C1   .absSeg247
.abs_section_2c2                   2   N/I      0x2C2      0x2C3   .absSeg248
.abs_section_2c4                   2   N/I      0x2C4      0x2C5   .absSeg249
.abs_section_2c8                   2   N/I      0x2C8      0x2C9   .absSeg250
.abs_section_2ca                   2   N/I      0x2CA      0x2CB   .absSeg251
.abs_section_2cc                   2   N/I      0x2CC      0x2CD   .absSeg252
.abs_section_2ce                   2   N/I      0x2CE      0x2CF   .absSeg253
.abs_section_2d0                   2   N/I      0x2D0      0x2D1   .absSeg254
.abs_section_2d2                   2   N/I      0x2D2      0x2D3   .absSeg255
.abs_section_2d4                   2   N/I      0x2D4      0x2D5   .absSeg256
.abs_section_2d6                   2   N/I      0x2D6      0x2D7   .absSeg257
.abs_section_2d8                   2   N/I      0x2D8      0x2D9   .absSeg258
.abs_section_2da                   2   N/I      0x2DA      0x2DB   .absSeg259
.abs_section_2dc                   2   N/I      0x2DC      0x2DD   .absSeg260
.abs_section_2de                   2   N/I      0x2DE      0x2DF   .absSeg261
.abs_section_2e0                   2   N/I      0x2E0      0x2E1   .absSeg262
.abs_section_2e2                   2   N/I      0x2E2      0x2E3   .absSeg263
.abs_section_2e4                   2   N/I      0x2E4      0x2E5   .absSeg264
.abs_section_2e6                   2   N/I      0x2E6      0x2E7   .absSeg265
.abs_section_2e8                   2   N/I      0x2E8      0x2E9   .absSeg266
.abs_section_2ea                   2   N/I      0x2EA      0x2EB   .absSeg267
.abs_section_2ec                   2   N/I      0x2EC      0x2ED   .absSeg268
.abs_section_2ee                   2   N/I      0x2EE      0x2EF   .absSeg269
.abs_section_2f4                   2   N/I      0x2F4      0x2F5   .absSeg270
.abs_section_30c                   2   N/I      0x30C      0x30D   .absSeg271
.abs_section_30e                   2   N/I      0x30E      0x30F   .absSeg272
.abs_section_310                   2   N/I      0x310      0x311   .absSeg273
.abs_section_312                   2   N/I      0x312      0x313   .absSeg274
.abs_section_314                   2   N/I      0x314      0x315   .absSeg275
.abs_section_316                   2   N/I      0x316      0x317   .absSeg276
.abs_section_318                   2   N/I      0x318      0x319   .absSeg277
.abs_section_31a                   2   N/I      0x31A      0x31B   .absSeg278
.abs_section_31c                   2   N/I      0x31C      0x31D   .absSeg279
.abs_section_31e                   2   N/I      0x31E      0x31F   .absSeg280
.abs_section_320                   2   N/I      0x320      0x321   .absSeg281
.abs_section_322                   2   N/I      0x322      0x323   .absSeg282
.abs_section_348                   2   N/I      0x348      0x349   .absSeg283
.abs_section_34a                   2   N/I      0x34A      0x34B   .absSeg284
.abs_section_34c                   2   N/I      0x34C      0x34D   .absSeg285
.abs_section_34e                   2   N/I      0x34E      0x34F   .absSeg286
.abs_section_350                   2   N/I      0x350      0x351   .absSeg287
.abs_section_352                   2   N/I      0x352      0x353   .absSeg288
.abs_section_354                   2   N/I      0x354      0x355   .absSeg289
.abs_section_356                   2   N/I      0x356      0x357   .absSeg290
.abs_section_ffd6                  2     R     0xFFD6     0xFFD7   .absSeg291
.abs_section_ff7a                  2     R     0xFF7A     0xFF7B   .absSeg292
.bss                             407   R/W     0x263D     0x27D3   RAM
.common                         2633   R/W     0x27D4     0x321C   RAM
PAGE_FC_293                     7592     R   0xFC8000   0xFC9DA7   PAGE_FC
.vectSeg294_vect                   2     R     0xFFFE     0xFFFF   .vectSeg294

Summary of section sizes per section type:
READ_ONLY (R):       11AD3 (dec:    72403)
READ_WRITE (R/W):     121D (dec:     4637)
NO_INIT (N/I):         168 (dec:      360)

*********************************************************************************************
VECTOR-ALLOCATION SECTION
    Address     InitValue   InitFunction
---------------------------------------------------------------------------------------------
     0xFFFE        0xC000   _Startup

*********************************************************************************************
OBJECT-ALLOCATION SECTION
     Name               Module                 Addr   hSize   dSize     Ref    Section   RLIB
---------------------------------------------------------------------------------------------
MODULE:                 -- MC9S12XS128.c.o --
- PROCEDURES:
- VARIABLES:
     _PORTE                                       8       1       1       0   .abs_section_8
     _DDRE                                        9       1       1       0   .abs_section_9
     _MODE                                        B       1       1       0   .abs_section_b
     _PUCR                                        C       1       1       0   .abs_section_c
     _RDRIV                                       D       1       1       0   .abs_section_d
     _GPAGE                                      10       1       1       0   .abs_section_10
     _DIRECT                                     11       1       1       0   .abs_section_11
     _MMCCTL1                                    13       1       1       0   .abs_section_13
     _PPAGE                                      15       1       1       0   .abs_section_15
     _RPAGE                                      16       1       1       0   .abs_section_16
     _EPAGE                                      17       1       1       0   .abs_section_17
     _ECLKCTL                                    1C       1       1       0   .abs_section_1c
     _IRQCR                                      1E       1       1       0   .abs_section_1e
     _DBGC1                                      20       1       1       0   .abs_section_20
     _DBGSR                                      21       1       1       0   .abs_section_21
     _DBGTCR                                     22       1       1       0   .abs_section_22
     _DBGC2                                      23       1       1       0   .abs_section_23
     _DBGCNT                                     26       1       1       0   .abs_section_26
     _DBGSCRX                                    27       1       1       0   .abs_section_27
     _DBGXCTL                                    28       1       1       0   .abs_section_28
     _DBGXAH                                     29       1       1       0   .abs_section_29
     _DBGXAM                                     2A       1       1       0   .abs_section_2a
     _DBGXAL                                     2B       1       1       0   .abs_section_2b
     _DBGXDH                                     2C       1       1       0   .abs_section_2c
     _DBGXDL                                     2D       1       1       0   .abs_section_2d
     _DBGXDHM                                    2E       1       1       0   .abs_section_2e
     _DBGXDLM                                    2F       1       1       0   .abs_section_2f
     _PORTK                                      32       1       1       0   .abs_section_32
     _DDRK                                       33       1       1       0   .abs_section_33
     _SYNR                                       34       1       1       1   .abs_section_34
     _REFDV                                      35       1       1       1   .abs_section_35
     _POSTDIV                                    36       1       1       1   .abs_section_36
     _CRGFLG                                     37       1       1       1   .abs_section_37
     _CRGINT                                     38       1       1       0   .abs_section_38
     _CLKSEL                                     39       1       1       2   .abs_section_39
     _PLLCTL                                     3A       1       1       1   .abs_section_3a
     _RTICTL                                     3B       1       1       0   .abs_section_3b
     _COPCTL                                     3C       1       1       0   .abs_section_3c
     _ARMCOP                                     3F       1       1       0   .abs_section_3f
     _TIOS                                       40       1       1       0   .abs_section_40
     _CFORC                                      41       1       1       0   .abs_section_41
     _OC7M                                       42       1       1       0   .abs_section_42
     _OC7D                                       43       1       1       0   .abs_section_43
     _TSCR1                                      46       1       1       0   .abs_section_46
     _TTOV                                       47       1       1       0   .abs_section_47
     _TCTL1                                      48       1       1       0   .abs_section_48
     _TCTL2                                      49       1       1       0   .abs_section_49
     _TCTL3                                      4A       1       1       0   .abs_section_4a
     _TCTL4                                      4B       1       1       0   .abs_section_4b
     _TIE                                        4C       1       1       0   .abs_section_4c
     _TSCR2                                      4D       1       1       0   .abs_section_4d
     _TFLG1                                      4E       1       1       0   .abs_section_4e
     _TFLG2                                      4F       1       1       0   .abs_section_4f
     _PACTL                                      60       1       1       1   .abs_section_60
     _PAFLG                                      61       1       1       0   .abs_section_61
     _OCPD                                       6C       1       1       0   .abs_section_6c
     _PTPSR                                      6E       1       1       0   .abs_section_6e
     _SCI0ACR2                                   CA       1       1       0   .abs_section_ca
     _SCI0CR2                                    CB       1       1       1   .abs_section_cb
     _SCI0SR1                                    CC       1       1       1   .abs_section_cc
     _SCI0SR2                                    CD       1       1       1   .abs_section_cd
     _SCI0DRH                                    CE       1       1       0   .abs_section_ce
     _SCI0DRL                                    CF       1       1       1   .abs_section_cf
     _SCI1ACR2                                   D2       1       1       0   .abs_section_d2
     _SCI1CR2                                    D3       1       1       0   .abs_section_d3
     _SCI1SR1                                    D4       1       1       0   .abs_section_d4
     _SCI1SR2                                    D5       1       1       0   .abs_section_d5
     _SCI1DRH                                    D6       1       1       0   .abs_section_d6
     _SCI1DRL                                    D7       1       1       0   .abs_section_d7
     _SPI0CR1                                    D8       1       1       0   .abs_section_d8
     _SPI0CR2                                    D9       1       1       0   .abs_section_d9
     _SPI0BR                                     DA       1       1       0   .abs_section_da
     _SPI0SR                                     DB       1       1       0   .abs_section_db
     _FCLKDIV                                   100       1       1       0   .abs_section_100
     _FSEC                                      101       1       1       0   .abs_section_101
     _FCCOBIX                                   102       1       1       0   .abs_section_102
     _FECCRIX                                   103       1       1       0   .abs_section_103
     _FCNFG                                     104       1       1       0   .abs_section_104
     _FERCNFG                                   105       1       1       0   .abs_section_105
     _FSTAT                                     106       1       1       0   .abs_section_106
     _FERSTAT                                   107       1       1       0   .abs_section_107
     _FPROT                                     108       1       1       0   .abs_section_108
     _DFPROT                                    109       1       1       0   .abs_section_109
     _FOPT                                      110       1       1       0   .abs_section_110
     _IVBR                                      121       1       1       0   .abs_section_121
     _INT_XGPRIO                                126       1       1       0   .abs_section_126
     _INT_CFADDR                                127       1       1       0   .abs_section_127
     _INT_CFDATA0                               128       1       1       0   .abs_section_128
     _INT_CFDATA1                               129       1       1       0   .abs_section_129
     _INT_CFDATA2                               12A       1       1       0   .abs_section_12a
     _INT_CFDATA3                               12B       1       1       0   .abs_section_12b
     _INT_CFDATA4                               12C       1       1       0   .abs_section_12c
     _INT_CFDATA5                               12D       1       1       0   .abs_section_12d
     _INT_CFDATA6                               12E       1       1       0   .abs_section_12e
     _INT_CFDATA7                               12F       1       1       0   .abs_section_12f
     _CAN0CTL0                                  140       1       1       0   .abs_section_140
     _CAN0CTL1                                  141       1       1       0   .abs_section_141
     _CAN0BTR0                                  142       1       1       0   .abs_section_142
     _CAN0BTR1                                  143       1       1       0   .abs_section_143
     _CAN0RFLG                                  144       1       1       0   .abs_section_144
     _CAN0RIER                                  145       1       1       0   .abs_section_145
     _CAN0TFLG                                  146       1       1       0   .abs_section_146
     _CAN0TIER                                  147       1       1       0   .abs_section_147
     _CAN0TARQ                                  148       1       1       0   .abs_section_148
     _CAN0TAAK                                  149       1       1       0   .abs_section_149
     _CAN0TBSEL                                 14A       1       1       0   .abs_section_14a
     _CAN0IDAC                                  14B       1       1       0   .abs_section_14b
     _CAN0MISC                                  14D       1       1       0   .abs_section_14d
     _CAN0RXERR                                 14E       1       1       0   .abs_section_14e
     _CAN0TXERR                                 14F       1       1       0   .abs_section_14f
     _CAN0IDAR0                                 150       1       1       0   .abs_section_150
     _CAN0IDAR1                                 151       1       1       0   .abs_section_151
     _CAN0IDAR2                                 152       1       1       0   .abs_section_152
     _CAN0IDAR3                                 153       1       1       0   .abs_section_153
     _CAN0IDMR0                                 154       1       1       0   .abs_section_154
     _CAN0IDMR1                                 155       1       1       0   .abs_section_155
     _CAN0IDMR2                                 156       1       1       0   .abs_section_156
     _CAN0IDMR3                                 157       1       1       0   .abs_section_157
     _CAN0IDAR4                                 158       1       1       0   .abs_section_158
     _CAN0IDAR5                                 159       1       1       0   .abs_section_159
     _CAN0IDAR6                                 15A       1       1       0   .abs_section_15a
     _CAN0IDAR7                                 15B       1       1       0   .abs_section_15b
     _CAN0IDMR4                                 15C       1       1       0   .abs_section_15c
     _CAN0IDMR5                                 15D       1       1       0   .abs_section_15d
     _CAN0IDMR6                                 15E       1       1       0   .abs_section_15e
     _CAN0IDMR7                                 15F       1       1       0   .abs_section_15f
     _CAN0RXIDR0                                160       1       1       0   .abs_section_160
     _CAN0RXIDR1                                161       1       1       0   .abs_section_161
     _CAN0RXIDR2                                162       1       1       0   .abs_section_162
     _CAN0RXIDR3                                163       1       1       0   .abs_section_163
     _CAN0RXDSR0                                164       1       1       0   .abs_section_164
     _CAN0RXDSR1                                165       1       1       0   .abs_section_165
     _CAN0RXDSR2                                166       1       1       0   .abs_section_166
     _CAN0RXDSR3                                167       1       1       0   .abs_section_167
     _CAN0RXDSR4                                168       1       1       0   .abs_section_168
     _CAN0RXDSR5                                169       1       1       0   .abs_section_169
     _CAN0RXDSR6                                16A       1       1       0   .abs_section_16a
     _CAN0RXDSR7                                16B       1       1       0   .abs_section_16b
     _CAN0RXDLR                                 16C       1       1       0   .abs_section_16c
     _CAN0TXIDR0                                170       1       1       0   .abs_section_170
     _CAN0TXIDR1                                171       1       1       0   .abs_section_171
     _CAN0TXIDR2                                172       1       1       0   .abs_section_172
     _CAN0TXIDR3                                173       1       1       0   .abs_section_173
     _CAN0TXDSR0                                174       1       1       0   .abs_section_174
     _CAN0TXDSR1                                175       1       1       0   .abs_section_175
     _CAN0TXDSR2                                176       1       1       0   .abs_section_176
     _CAN0TXDSR3                                177       1       1       0   .abs_section_177
     _CAN0TXDSR4                                178       1       1       0   .abs_section_178
     _CAN0TXDSR5                                179       1       1       0   .abs_section_179
     _CAN0TXDSR6                                17A       1       1       0   .abs_section_17a
     _CAN0TXDSR7                                17B       1       1       0   .abs_section_17b
     _CAN0TXDLR                                 17C       1       1       0   .abs_section_17c
     _CAN0TXTBPR                                17D       1       1       0   .abs_section_17d
     _PTT                                       240       1       1      15   .abs_section_240
     _PTIT                                      241       1       1       0   .abs_section_241
     _DDRT                                      242       1       1       6   .abs_section_242
     _RDRT                                      243       1       1       0   .abs_section_243
     _PERT                                      244       1       1       0   .abs_section_244
     _PPST                                      245       1       1       0   .abs_section_245
     _PTTRR                                     247       1       1       0   .abs_section_247
     _PTS                                       248       1       1       0   .abs_section_248
     _PTIS                                      249       1       1       0   .abs_section_249
     _DDRS                                      24A       1       1       0   .abs_section_24a
     _RDRS                                      24B       1       1       0   .abs_section_24b
     _PERS                                      24C       1       1       0   .abs_section_24c
     _PPSS                                      24D       1       1       0   .abs_section_24d
     _WOMS                                      24E       1       1       0   .abs_section_24e
     _PTM                                       250       1       1       6   .abs_section_250
     _PTIM                                      251       1       1       0   .abs_section_251
     _DDRM                                      252       1       1       4   .abs_section_252
     _RDRM                                      253       1       1       0   .abs_section_253
     _PERM                                      254       1       1       0   .abs_section_254
     _PPSM                                      255       1       1       0   .abs_section_255
     _WOMM                                      256       1       1       0   .abs_section_256
     _MODRR                                     257       1       1       0   .abs_section_257
     _PTP                                       258       1       1      19   .abs_section_258
     _PTIP                                      259       1       1       0   .abs_section_259
     _DDRP                                      25A       1       1       6   .abs_section_25a
     _RDRP                                      25B       1       1       0   .abs_section_25b
     _PERP                                      25C       1       1       0   .abs_section_25c
     _PPSP                                      25D       1       1       0   .abs_section_25d
     _PIEP                                      25E       1       1       0   .abs_section_25e
     _PIFP                                      25F       1       1       0   .abs_section_25f
     _PTH                                       260       1       1       0   .abs_section_260
     _PTIH                                      261       1       1       0   .abs_section_261
     _DDRH                                      262       1       1       0   .abs_section_262
     _RDRH                                      263       1       1       0   .abs_section_263
     _PERH                                      264       1       1       0   .abs_section_264
     _PPSH                                      265       1       1       0   .abs_section_265
     _PIEH                                      266       1       1       0   .abs_section_266
     _PIFH                                      267       1       1       0   .abs_section_267
     _PTJ                                       268       1       1       0   .abs_section_268
     _PTIJ                                      269       1       1       0   .abs_section_269
     _DDRJ                                      26A       1       1       0   .abs_section_26a
     _RDRJ                                      26B       1       1       0   .abs_section_26b
     _PERJ                                      26C       1       1       0   .abs_section_26c
     _PPSJ                                      26D       1       1       0   .abs_section_26d
     _PIEJ                                      26E       1       1       0   .abs_section_26e
     _PIFJ                                      26F       1       1       0   .abs_section_26f
     _ATD0STAT0                                 2C6       1       1       0   .abs_section_2c6
     _VREGHTCL                                  2F0       1       1       0   .abs_section_2f0
     _VREGCTRL                                  2F1       1       1       0   .abs_section_2f1
     _VREGAPICL                                 2F2       1       1       0   .abs_section_2f2
     _VREGAPITR                                 2F3       1       1       0   .abs_section_2f3
     _VREGHTTR                                  2F7       1       1       0   .abs_section_2f7
     _PWME                                      300       1       1       0   .abs_section_300
     _PWMPOL                                    301       1       1       0   .abs_section_301
     _PWMCLK                                    302       1       1       0   .abs_section_302
     _PWMPRCLK                                  303       1       1       0   .abs_section_303
     _PWMCAE                                    304       1       1       0   .abs_section_304
     _PWMCTL                                    305       1       1       0   .abs_section_305
     _PWMSCLA                                   308       1       1       0   .abs_section_308
     _PWMSCLB                                   309       1       1       0   .abs_section_309
     _PWMSDN                                    324       1       1       0   .abs_section_324
     _PITCFLMT                                  340       1       1       4   .abs_section_340
     _PITFLT                                    341       1       1       1   .abs_section_341
     _PITCE                                     342       1       1       2   .abs_section_342
     _PITMUX                                    343       1       1       0   .abs_section_343
     _PITINTE                                   344       1       1       2   .abs_section_344
     _PITTF                                     345       1       1       1   .abs_section_345
     _PITMTLD0                                  346       1       1       2   .abs_section_346
     _PITMTLD1                                  347       1       1       0   .abs_section_347
     _PORTAB                                      0       2       2      29   .abs_section_0
     _DDRAB                                       2       2       2      21   .abs_section_2
     _PARTID                                     1A       2       2       0   .abs_section_1a
     _DBGTB                                      24       2       2       0   .abs_section_24
     _TCNT                                       44       2       2       0   .abs_section_44
     _TC0                                        50       2       2       0   .abs_section_50
     _TC1                                        52       2       2       0   .abs_section_52
     _TC2                                        54       2       2       0   .abs_section_54
     _TC3                                        56       2       2       0   .abs_section_56
     _TC4                                        58       2       2       0   .abs_section_58
     _TC5                                        5A       2       2       0   .abs_section_5a
     _TC6                                        5C       2       2       0   .abs_section_5c
     _TC7                                        5E       2       2       0   .abs_section_5e
     _PACNT                                      62       2       2       0   .abs_section_62
     _SCI0BD                                     C8       2       2       0   .abs_section_c8
     _SCI1BD                                     D0       2       2       0   .abs_section_d0
     _SPI0DR                                     DC       2       2       0   .abs_section_dc
     _FCCOB                                     10A       2       2       0   .abs_section_10a
     _FECCR                                     10E       2       2       0   .abs_section_10e
     _CAN0RXTSR                                 16E       2       2       0   .abs_section_16e
     _CAN0TXTSR                                 17E       2       2       0   .abs_section_17e
     _PT01AD0                                   270       2       2      10   .abs_section_270
     _DDR01AD0                                  272       2       2       9   .abs_section_272
     _RDR01AD0                                  274       2       2       0   .abs_section_274
     _PER01AD0                                  276       2       2       0   .abs_section_276
     _ATD0CTL01                                 2C0       2       2       0   .abs_section_2c0
     _ATD0CTL23                                 2C2       2       2       0   .abs_section_2c2
     _ATD0CTL45                                 2C4       2       2       0   .abs_section_2c4
     _ATD0CMPE                                  2C8       2       2       0   .abs_section_2c8
     _ATD0STAT2                                 2CA       2       2       0   .abs_section_2ca
     _ATD0DIEN                                  2CC       2       2       1   .abs_section_2cc
     _ATD0CMPHT                                 2CE       2       2       0   .abs_section_2ce
     _ATD0DR0                                   2D0       2       2       0   .abs_section_2d0
     _ATD0DR1                                   2D2       2       2       0   .abs_section_2d2
     _ATD0DR2                                   2D4       2       2       0   .abs_section_2d4
     _ATD0DR3                                   2D6       2       2       0   .abs_section_2d6
     _ATD0DR4                                   2D8       2       2       0   .abs_section_2d8
     _ATD0DR5                                   2DA       2       2       0   .abs_section_2da
     _ATD0DR6                                   2DC       2       2       0   .abs_section_2dc
     _ATD0DR7                                   2DE       2       2       0   .abs_section_2de
     _ATD0DR8                                   2E0       2       2       0   .abs_section_2e0
     _ATD0DR9                                   2E2       2       2       0   .abs_section_2e2
     _ATD0DR10                                  2E4       2       2       0   .abs_section_2e4
     _ATD0DR11                                  2E6       2       2       0   .abs_section_2e6
     _ATD0DR12                                  2E8       2       2       0   .abs_section_2e8
     _ATD0DR13                                  2EA       2       2       0   .abs_section_2ea
     _ATD0DR14                                  2EC       2       2       0   .abs_section_2ec
     _ATD0DR15                                  2EE       2       2       0   .abs_section_2ee
     _VREGAPIR                                  2F4       2       2       0   .abs_section_2f4
     _PWMCNT01                                  30C       2       2       0   .abs_section_30c
     _PWMCNT23                                  30E       2       2       0   .abs_section_30e
     _PWMCNT45                                  310       2       2       0   .abs_section_310
     _PWMCNT67                                  312       2       2       0   .abs_section_312
     _PWMPER01                                  314       2       2       0   .abs_section_314
     _PWMPER23                                  316       2       2       0   .abs_section_316
     _PWMPER45                                  318       2       2       0   .abs_section_318
     _PWMPER67                                  31A       2       2       0   .abs_section_31a
     _PWMDTY01                                  31C       2       2       0   .abs_section_31c
     _PWMDTY23                                  31E       2       2       0   .abs_section_31e
     _PWMDTY45                                  320       2       2       0   .abs_section_320
     _PWMDTY67                                  322       2       2       0   .abs_section_322
     _PITLD0                                    348       2       2       2   .abs_section_348
     _PITCNT0                                   34A       2       2       0   .abs_section_34a
     _PITLD1                                    34C       2       2       0   .abs_section_34c
     _PITCNT1                                   34E       2       2       0   .abs_section_34e
     _PITLD2                                    350       2       2       0   .abs_section_350
     _PITCNT2                                   352       2       2       0   .abs_section_352
     _PITLD3                                    354       2       2       0   .abs_section_354
     _PITCNT3                                   356       2       2       0   .abs_section_356
MODULE:                 -- btn.c.o --
- PROCEDURES:
     CheckDate                               FE8000      4B      75       4   .text       
     DateADD                                 FE804B     115     277       8   .text       
     btn_process                             FE8160     8FD    2301     105   .text       
- VARIABLES:
     btn_buf_pre                               263D       2       2       2   .bss        
     btn_cnt                                   263F       1       1       2   .bss        
     timevalue                                 2640       2       2       8   .bss        
     timetick                                  2642       1       1       4   .bss        
     changestep                                2643       1       1      11   .bss        
     LimitH                                    2644       4       4      13   .bss        
     LimitL                                    2648       4       4      10   .bss        
     FLAG_BTN                                  27D4       2       2      36   .common     
     btn_buf                                   27D6       2       2      20   .common     
     DATEMAX                                   27D8       1       1       3   .common     
     MONTHMAX                                  27D9       1       1       3   .common     
     YEARMAX                                   27DA       1       1       3   .common     
MODULE:                 -- datapage.c.o --
- PROCEDURES:
     _CONV_NEAR_TO_GLOBAL                      C814      62      98       2   NON_BANKED  
- VARIABLES:
MODULE:                 -- io.c.o --
- PROCEDURES:
     ai_pushdata_uint                        FE8A5D      13      19       6   .text       
     alarm_check                             FE8A70      80     128     124   .text       
     status_check                            FE8AF0     892    2194       6   .text       
     io_refresh                              FE9382     109     265       2   .text       
- VARIABLES:
MODULE:                 -- lcdfont.c.o --
- PROCEDURES:
- VARIABLES:
     PageP1                                    2200       7       7       9   .data       
     PageP2                                    2207       7       7       2   .data       
     PageP3                                    220E       7       7       2   .data       
     PageP4                                    2215       7       7       2   .data       
     PageP5                                    221C       7       7       2   .data       
     PageP6                                    2223       7       7       2   .data       
     PageP7                                    222A       7       7       2   .data       
     PageP8                                    2231       7       7       2   .data       
     PageP9                                    2238       7       7       2   .data       
     PageP10                                   223F       7       7       2   .data       
     PageP11                                   2246       7       7       2   .data       
     PageP12                                   224D       7       7       2   .data       
     PageP13                                   2254       7       7       2   .data       
     PageP14                                   225B       7       7       2   .data       
     PageShow                                  2262      3D      61      15   .data       
     MAINMENU                                  229F      1C      28       7   .data       
     SUBMENU_DI_POL                            22BB      62      98       2   .data       
     SUBMENU_PASS                              231D      62      98       2   .data       
     SUBMENU_BASIC                             237F      62      98       2   .data       
     SUBMENU_ENGINE                            23E1      62      98       2   .data       
     SUBMENU_ENGINE_PROTECT                    2443      62      98       2   .data       
     SUBMENU_TIMEDATE                          24A5      62      98       2   .data       
     SUBMENU_SENSOR_ADJUST                     2507      62      98       2   .data       
     SUBMENU_CUSTOMIO                          2569      62      98       2   .data       
     SUBMENU_SENSORCURVE                       25CB      62      98       2   .data       
     PARAMS_PASS                             F88000      90     144       4   PAGE_1      
     PARAMS_BASIC                            F88090     3F0    1008      28   PAGE_1      
     PARAMS_ENGINE                           F88480     558    1368      38   PAGE_1      
     PARAMS_ENGINE_PROTECT                   F889D8     5A0    1440      50   PAGE_1      
     PARAMS_TIMEDATE                         F88F78      90     144       4   PAGE_1      
     PARAMS_SENSOR_ADJUST                    F89008     1B0     432      12   PAGE_1      
     PARAMS_CUSTOMIO                         F891B8     708    1800      50   PAGE_1      
     NONC_Stringlist                         F898C0      73     115      44   PAGE_1      
     PARAMS_CUSTOMDI_POL                     F89933     630    1584      44   PAGE_1      
     AISEL_Stringlist                        F89F63      E6     230      36   PAGE_1      
     DUALSEL_Stringlist                      F8A049      73     115       4   PAGE_1      
     ENABLE_Stringlist                       F8A0BC      73     115       4   PAGE_1      
     PARAMS_SENSORCURVE                      F8A12F     510    1296      36   PAGE_1      
     Page_Param_EN                           F98000     159     345      18   PAGE_2      
     Page_Param_CN                           F98159     159     345      18   PAGE_2      
     AlarmStrings_CN                         F982B2     6BD    1725       2   PAGE_2      
     AlarmStrings_EN                         F9896F     6BD    1725       1   PAGE_2      
     Page_Status_P0                          F9902C      73     115       2   PAGE_2      
     Page_Status_P1_CN_D2                    F9909F      73     115       2   PAGE_2      
     Page_Status_P1_EN_D2                    F99112      73     115       2   PAGE_2      
     Page_Status_P1_CN_D4                    F99185      73     115       3   PAGE_2      
     Page_Status_P1_EN_D4                    F991F8      73     115       4   PAGE_2      
     Page_Status_P2_CN                       F9926B      73     115       2   PAGE_2      
     Page_Status_P2_EN                       F992DE      73     115       2   PAGE_2      
     Page_Status_P3_CN                       F99351      73     115       2   PAGE_2      
     Page_Status_P3_EN                       F993C4      73     115       2   PAGE_2      
     Page_Status_P4_CN                       F99437      73     115       2   PAGE_2      
     Page_Status_P4_EN                       F994AA      73     115       2   PAGE_2      
     Page_Status_P5_CN                       F9951D      73     115       2   PAGE_2      
     Page_Status_P5_EN                       F99590      73     115       2   PAGE_2      
     Page_Status_P6_CN                       F99603      73     115       2   PAGE_2      
     Page_Status_P6_EN                       F99676      73     115       2   PAGE_2      
     Page_Status_P7                          F996E9      73     115       4   PAGE_2      
     Page_Status_P8                          F9975C      73     115       4   PAGE_2      
     Page_Status_P9                          F997CF      73     115       4   PAGE_2      
     Page_Status_P10                         F99842      73     115       4   PAGE_2      
     Page_Status_P11_CN                      F998B5      73     115       2   PAGE_2      
     Page_Status_P11_EN                      F99928      73     115       2   PAGE_2      
     Page_Status_P12_CN                      F9999B      73     115       2   PAGE_2      
     Page_Status_P12_EN                      F99A0E      73     115       2   PAGE_2      
     Page_Status_P13_CN                      F99A81      73     115       2   PAGE_2      
     Page_Status_P13_EN                      F99AF4      73     115       2   PAGE_2      
     Page_Status_P14_CN                      F99B67      73     115       2   PAGE_2      
     Page_Status_P14_EN                      F99BDA      73     115       2   PAGE_2      
     Page_Start_Status1_CN                   F99C4D      73     115       2   PAGE_2      
     Page_Start_Status1_EN                   F99CC0      73     115       1   PAGE_2      
     RecDetailPage_CN                        F99D33     159     345       2   PAGE_2      
     RecDetailPage_EN                        F99E8C     159     345       2   PAGE_2      
     LngPage                                 F99FE5      73     115       2   PAGE_2      
     ASC_16                                  FA8000     478    1144       5   PAGE_3      
     GB_16                                   FA8478    2A74   10868       6   PAGE_3      
     Stringlist_EN                           FB8000    14AA    5290      64   PAGE_4      
     DI_Stringlist_CN                        FB94AA     2B2     690      46   PAGE_4      
     DI_Stringlist_EN                        FB975C     2B2     690      46   PAGE_4      
     Model_Stringlist                        FB9A0E      73     115       4   PAGE_4      
     CMODE_Stringlist                        FB9A81      73     115       4   PAGE_4      
     Stringlist_CN                           FB9AF4    14AA    5290      74   PAGE_4      
     RecDetailPage_POINT                       27DB       3       3       6   .common     
     Stringlist_POINT                          27DE       3       3      32   .common     
     AlarmStrings_POINT                        27E1       3       3       7   .common     
MODULE:                 -- lcd.c.o --
- PROCEDURES:
     strlen                                  FE948B      1E      30      34   .text       
     lcd_delay_ms                            FE94A9      13      19       2   .text       
     lcd_clr_buf                             FE94BC      12      18      50   .text       
     lcd_clr_page                            FE94CE      2A      42       8   .text       
     GetLineNum                              FE94F8       8       8       4   .text       
     lcd_ser_chs                             FE9500     100     256     103   .text       
     lcd_data_convert                        FE9600      6D     109       4   .text       
     lcd_cs_en                               FE966D       7       7       2   .text       
     lcd_cs_dis                              FE9674       7       7       4   .text       
     lcd_ctr_en                              FE967B       7       7       2   .text       
     lcd_rd_dis                              FE9682       7       7       2   .text       
     lcd_wr_en                               FE9689       7       7       2   .text       
     lcd_wr_dis                              FE9690       7       7       2   .text       
     lcd_wr_ctr                              FE9697      25      37      10   .text       
     lcd_putchar                             FE96BC      2F      47       4   .text       
     lcd_colu_set                            FE96EB      1B      27       4   .text       
     lcd_clear                               FE9706      32      50       2   .text       
     lcd_initial                             FE9738      70     112       2   .text       
     lcd_puts                                FE97A8     1DC     476      85   .text       
     lcd_show_number                         FE9984     1CA     458     234   .text       
     lcd_show_number_lng                     FE9B4E      DB     219       2   .text       
     GetParamString                          FE9C29     1F8     504      92   .text       
     Reverseblock                            FE9E21      B5     181      11   .text       
     Clearline                               FE9ED6      81     129       6   .text       
     drawpixel                               FE9F57      A6     166      18   .text       
     Bresenham                               FE9FFD      C7     199      10   .text       
     SelfTestProcess                         FEA0C4     63F    1599     126   .text       
     ConfirmProcess                          FEA703      C0     192       3   .text       
     DISP_PAGEMAIN                           FEA7C3     8F8    2296      96   .text       
     DISP_PAGEDES                            FEB0BB     237     567      28   .text       
     DISP_PAGEDI_1                           FEB2F2     12A     298      13   .text       
     DISP_PAGEDI_2                           FEB41C     124     292      13   .text       
     DISP_PAGEDI_3                           FEB540      4B      75       2   .text       
     DISP_PAGEDO_1                           FEB58B     12A     298      13   .text       
     DISP_PAGEDO_2                           FEB6B5     124     292      13   .text       
     DISP_PAGEDO_3                           FEB7D9      F5     245      10   .text       
     DISP_PAGEACC                            FEB8CE      3D      61       2   .text       
     DISP_PAGEALARM                          FEB90B      F6     246      12   .text       
     DISP_PAGECOIL                           FEBA01      51      81       2   .text       
     lcd_disp_status                         FEBA52     486    1158      24   .text       
     lcd_disp_setup                          FC8000     12C     300       8   PAGE_FC_293 
     lcd_disp_setup_submenu                  FC812C     C2E    3118     296   PAGE_FC_293 
     lcd_disp_history                        FC8D5A     571    1393      60   PAGE_FC_293 
     lcd_display                             FC92CB      60      96      12   PAGE_FC_293 
     ChangeLng                               FC932B      47      71       2   PAGE_FC_293 
     CheckMenu                               FC9372       1       1       2   PAGE_FC_293 
- VARIABLES:
     STRING......selftest........3             C01A      16      22       2   .rodata1    
     STRING......................4             C030      16      22       2   .rodata1    
     STRING.GearTeeth............5             C046      16      22       2   .rodata1    
     STRING......................6             C05C      16      22       2   .rodata1    
     STRING.Nominal.Speed.....RP.7             C072      16      22       2   .rodata1    
     STRING...................RP.8             C088      16      22       2   .rodata1    
     STRING......selftest........9             C09E      16      22       2   .rodata1    
     STRING......................10            C0B4      16      22       2   .rodata1    
     STRING.OverSpeed.Sd......RP.11            C0CA      16      22       2   .rodata1    
     STRING...................RP.12            C0E0      16      22       2   .rodata1    
     STRING.OverSpeed.Wrn.....RP.13            C0F6      16      22       2   .rodata1    
     STRING...................RP.14            C10C      16      22       2   .rodata1    
     STRING.O.P.Sd............Ba.15            C122      16      22       2   .rodata1    
     STRING...................Ba.16            C138      16      22       2   .rodata1    
     STRING.O.P.Wrn...........Ba.17            C14E      16      22       2   .rodata1    
     STRING...................Ba.18            C164      16      22       2   .rodata1    
     STRING......selftest........19            C17A      16      22       2   .rodata1    
     STRING......................20            C190      16      22       2   .rodata1    
     STRING.CoolTemp.Wrn.........21            C1A6      16      22       2   .rodata1    
     STRING......................22            C1BC      16      22       2   .rodata1    
     STRING.CoolTemp.Sd..........23            C1D2      16      22       2   .rodata1    
     STRING......................24            C1E8      16      22       2   .rodata1    
     STRING.OilTemp.Wrn..........25            C1FE      16      22       2   .rodata1    
     STRING.FuelLevel.Wrn........26            C214      16      22       2   .rodata1    
     STRING......................27            C22A      16      22       2   .rodata1    
     STRING......................28            C240      16      22       2   .rodata1    
     STRING.OilTemp.Sd...........29            C256      16      22       2   .rodata1    
     STRING.FuelLevel.Sd.........30            C26C      16      22       2   .rodata1    
     STRING......................31            C282      16      22       2   .rodata1    
     STRING......................32            C298      16      22       2   .rodata1    
     STRING......selftest........33            C2AE      16      22       2   .rodata1    
     STRING......................34            C2C4      16      22       2   .rodata1    
     STRING.Batt.Undervolt.......35            C2DA      16      22       2   .rodata1    
     STRING......................36            C2F0      16      22       2   .rodata1    
     STRING.Batt.Overvolt........37            C306      16      22       2   .rodata1    
     STRING......................38            C31C      16      22       2   .rodata1    
     STRING...39                               C332       2       2       2   .rodata1    
     STRING...40                               C334       2       2       2   .rodata1    
     STRING...41                               C336       2       2       2   .rodata1    
     STRING...42                               C338       2       2       2   .rodata1    
     STRING.....Confirm.Start....43            C33A      16      22       2   .rodata1    
     STRING.....Confirm.Stop.....44            C350      15      21       2   .rodata1    
     STRING......................45            C365      16      22       2   .rodata1    
     STRING......................46            C37B      16      22       2   .rodata1    
     STRING..Press.Enter.To.Star.47            C391      16      22       2   .rodata1    
     STRING..Press.Enter.To.Stop.48            C3A7      15      21       2   .rodata1    
     STRING.....Enter...........49             C3BC      14      20       2   .rodata1    
     STRING.....Enter...........50             C3D0      14      20       2   .rodata1    
     STRING..Page.To.Cancel...s.51             C3E4      14      20       2   .rodata1    
     STRING.....Page..........s..52            C3F8      16      22       2   .rodata1    
     STRING......56                            C40E       5       5       2   .rodata1    
     STRING......57                            C413       5       5       2   .rodata1    
     STRING.EMER.58                            C418       5       5       2   .rodata1    
     STRING.EMER.59                            C41D       5       5       2   .rodata1    
     STRING..........60                        C422       9       9       2   .rodata1    
     STRING..........61                        C42B       9       9       2   .rodata1    
     STRING.Starting.62                        C434       9       9       2   .rodata1    
     STRING.Starting.63                        C43D       9       9       2   .rodata1    
     STRING........64                          C446       7       7       2   .rodata1    
     STRING........65                          C44D       7       7       2   .rodata1    
     STRING.Ready.66                           C454       6       6       2   .rodata1    
     STRING.Ready.67                           C45A       6       6       2   .rodata1    
     STRING........68                          C460       7       7       2   .rodata1    
     STRING........69                          C467       7       7       2   .rodata1    
     STRING.Not.ready.70                       C46E       A      10       2   .rodata1    
     STRING.Not.ready.71                       C478       A      10       2   .rodata1    
     STRING..........72                        C482       9       9       2   .rodata1    
     STRING..........73                        C48B       9       9       2   .rodata1    
     STRING.Gen.running.74                     C494       C      12       2   .rodata1    
     STRING.Gen.running.75                     C4A0       C      12       2   .rodata1    
     STRING............76                      C4AC       B      11       2   .rodata1    
     STRING............77                      C4B7       B      11       2   .rodata1    
     STRING.Cooling.78                         C4C2       8       8       2   .rodata1    
     STRING.Cooling.79                         C4CA       8       8       2   .rodata1    
     STRING........80                          C4D2       7       7       2   .rodata1    
     STRING........81                          C4D9       7       7       2   .rodata1    
     STRING.Shutting.82                        C4E0       9       9       2   .rodata1    
     STRING.Shutting.83                        C4E9       9       9       2   .rodata1    
     STRING..........84                        C4F2       9       9       2   .rodata1    
     STRING..........85                        C4FB       9       9       2   .rodata1    
     STRING.Idle.86                            C504       5       5       2   .rodata1    
     STRING.Idle.87                            C509       5       5       2   .rodata1    
     STRING..........88                        C50E       9       9       2   .rodata1    
     STRING..........89                        C517       9       9       2   .rodata1    
     STRING.Restarting.90                      C520       B      11       2   .rodata1    
     STRING.Restarting.91                      C52B       B      11       2   .rodata1    
     STRING..........92                        C536       9       9       2   .rodata1    
     STRING..........93                        C53F       9       9       2   .rodata1    
     STRING.Stop.fail.94                       C548       A      10       2   .rodata1    
     STRING.Stop.fail.95                       C552       A      10       2   .rodata1    
     STRING............96                      C55C       B      11       2   .rodata1    
     STRING............97                      C567       B      11       2   .rodata1    
     STRING.Pre.start.98                       C572       A      10       2   .rodata1    
     STRING.Pre.start.99                       C57C       A      10       2   .rodata1    
     STRING.Battery.Volt.........100           C586      16      22       2   .rodata1    
     STRING......................101           C59C      16      22       2   .rodata1    
     STRING.WaterPressure.....ba.102           C5B2      16      22       2   .rodata1    
     STRING...................ba.103           C5C8      16      22       2   .rodata1    
     STRING.FuelPressure......ba.104           C5DE      16      22       2   .rodata1    
     STRING...................ba.105           C5F4      16      22       2   .rodata1    
     STRING.FUEL.....L...........106           C60A      16      22       2   .rodata1    
     STRING..........L...........107           C620      16      22       2   .rodata1    
     STRING..........110                       C636       9       9       2   .rodata1    
     STRING.MAN.START.111                      C63F       A      10       2   .rodata1    
     STRING..........112                       C649       9       9       2   .rodata1    
     STRING.AUTO.START.113                     C652       B      11       2   .rodata1    
     STRING..........114                       C65D       9       9       2   .rodata1    
     STRING.RMT.START.115                      C666       A      10       2   .rodata1    
     STRING............116                     C670       B      11       2   .rodata1    
     STRING............117                     C67B       B      11       2   .rodata1    
     STRING.PRE.STARTING.118                   C686       D      13       2   .rodata1    
     STRING.PRE.LUB..119                       C693       9       9       2   .rodata1    
     STRING..........120                       C69C       9       9       2   .rodata1    
[...]
 |  |  |     |  |  |     |       
 |  |  |     |  |  |     +- lcd_colu_set        
 |  |  |     |  |  |     |  | 
 |  |  |     |  |  |     |  +- lcd_wr_ctr           (see above)
 |  |  |     |  |  |     |     
 |  |  |     |  |  |     +- lcd_putchar         
 |  |  |     |  |  |        | 
 |  |  |     |  |  |        +- lcd_data_convert     (see above)
 |  |  |     |  |  |           
 |  |  |     |  |  +- Reverseblock        
 |  |  |     |  |  |  | 
 |  |  |     |  |  |  +- _CASE_CHECKED_BYTE   (see above)
 |  |  |     |  |  |     
 |  |  |     |  |  +- _LDIVS               (see above)
 |  |  |     |  |  |  
 |  |  |     |  |  +- _CASE_CHECKED_BYTE   (see above)
 |  |  |     |  |  |  
 |  |  |     |  |  +- lcd_ser_chs          (see above)
 |  |  |     |  |  |  
 |  |  |     |  |  +- lcd_puts             (see above)
 |  |  |     |  |     
 |  |  |     |  +- ConfirmProcess      
 |  |  |     |  |  | 
 |  |  |     |  |  +- lcd_show_number      (see above)
 |  |  |     |  |  |  
 |  |  |     |  |  +- lcd_puts             (see above)
 |  |  |     |  |  |  
 |  |  |     |  |  +- lcd_clr_buf          (see above)
 |  |  |     |  |  |  
 |  |  |     |  |  +- lcd_ser_chs          (see above)
 |  |  |     |  |     
 |  |  |     |  +- lcd_clr_buf          (see above)
 |  |  |     |  |  
 |  |  |     |  +- strlen              
 |  |  |     |  |    
 |  |  |     |  +- lcd_ser_chs          (see above)
 |  |  |     |  |  
 |  |  |     |  +- lcd_show_number      (see above)
 |  |  |     |  |  
 |  |  |     |  +- lcd_puts             (see above)
 |  |  |     |  |  
 |  |  |     |  +- DISP_PAGEMAIN       
 |  |  |     |  |  | 
 |  |  |     |  |  +- _DSFLOAT            
 |  |  |     |  |  |  | 
 |  |  |     |  |  |  +- SL_PULK             
 |  |  |     |  |  |  |  | 
 |  |  |     |  |  |  |  +- L_NEGK              
 |  |  |     |  |  |  |     | 
 |  |  |     |  |  |  |     +- _NEG_P               (see above)
 |  |  |     |  |  |  |        
 |  |  |     |  |  |  +- D_FRLONGK           
 |  |  |     |  |  |  |  | 
 |  |  |     |  |  |  |  +- D_NORMK_UNARY       
 |  |  |     |  |  |  |     | 
 |  |  |     |  |  |  |     +- D_CLRK_UNARY        
 |  |  |     |  |  |  |     |    
 |  |  |     |  |  |  |     +- D_MAXK_UNARY        
 |  |  |     |  |  |  |        | 
 |  |  |     |  |  |  |        +- D_CLRK_UNARY         (see above)
 |  |  |     |  |  |  |           
 |  |  |     |  |  |  +- D_PSHK_UNARY        
 |  |  |     |  |  |       
 |  |  |     |  |  +- sin                 
 |  |  |     |  |  |  | 
 |  |  |     |  |  |  +- is_special          
 |  |  |     |  |  |  |  | 
 |  |  |     |  |  |  |  +- _LCMP               
 |  |  |     |  |  |  |       
 |  |  |     |  |  |  +- _CASE_CHECKED_BYTE   (see above)
 |  |  |     |  |  |  |  
 |  |  |     |  |  |  +- _COPY               
 |  |  |     |  |  |  |    
 |  |  |     |  |  |  +- _DNEG               
 |  |  |     |  |  |  |    
 |  |  |     |  |  |  +- sincos              
 |  |  |     |  |  |     | 
 |  |  |     |  |  |     +- _DADD               
 |  |  |     |  |  |     |  | 
 |  |  |     |  |  |     |  +- D_PULK              
 |  |  |     |  |  |     |  |    
 |  |  |     |  |  |     |  +- D_PULL              
 |  |  |     |  |  |     |  |    
 |  |  |     |  |  |     |  +- D_ADDKL             
 |  |  |     |  |  |     |  |  | 
 |  |  |     |  |  |     |  |  +- D_XGKL              
 |  |  |     |  |  |     |  |  |    
 |  |  |     |  |  |     |  |  +- D_NORMK             
 |  |  |     |  |  |     |  |     | 
 |  |  |     |  |  |     |  |     +- D_CLRK              
 |  |  |     |  |  |     |  |     |    
 |  |  |     |  |  |     |  |     +- D_MAXK              
 |  |  |     |  |  |     |  |        | 
 |  |  |     |  |  |     |  |        +- D_CLRK               (see above)
 |  |  |     |  |  |     |  |           
 |  |  |     |  |  |     |  +- D_PSHK              
 |  |  |     |  |  |     |       
 |  |  |     |  |  |     +- _DMUL               
 |  |  |     |  |  |     |  | 
 |  |  |     |  |  |     |  +- D_PULK               (see above)
 |  |  |     |  |  |     |  |  
 |  |  |     |  |  |     |  +- D_PULL               (see above)
 |  |  |     |  |  |     |  |  
 |  |  |     |  |  |     |  +- D_MULKL             
 |  |  |     |  |  |     |  |  | 
 |  |  |     |  |  |     |  |  +- D_CLRK               (see above)
 |  |  |     |  |  |     |  |  |  
 |  |  |     |  |  |     |  |  +- D_NORMK              (see above)
 |  |  |     |  |  |     |  |     
 |  |  |     |  |  |     |  +- D_PSHK               (see above)
 |  |  |     |  |  |     |     
 |  |  |     |  |  |     +- modf                
 |  |  |     |  |  |     |  | 
 |  |  |     |  |  |     |  +- D_PULK               (see above)
 |  |  |     |  |  |     |  |  
 |  |  |     |  |  |     |  +- D_MODF              
 |  |  |     |  |  |     |  |  | 
 |  |  |     |  |  |     |  |  +- D_TKL               
 |  |  |     |  |  |     |  |  |    
 |  |  |     |  |  |     |  |  +- D_NORMK              (see above)
 |  |  |     |  |  |     |  |  |  
 |  |  |     |  |  |     |  |  +- D_CLRL              
 |  |  |     |  |  |     |  |  |    
 |  |  |     |  |  |     |  |  +- D_CLRK               (see above)
 |  |  |     |  |  |     |  |     
 |  |  |     |  |  |     |  +- D_STAL              
 |  |  |     |  |  |     |       
 |  |  |     |  |  |     +- _DCMP               
 |  |  |     |  |  |     |    
 |  |  |     |  |  |     +- _DINC               
 |  |  |     |  |  |     |  | 
 |  |  |     |  |  |     |  +- _DADD                (see above)
 |  |  |     |  |  |     |     
 |  |  |     |  |  |     +- _DUTRUNC            
 |  |  |     |  |  |     |  | 
 |  |  |     |  |  |     |  +- _DSTRUNC            
 |  |  |     |  |  |     |     | 
 |  |  |     |  |  |     |     +- D_PULL               (see above)
 |  |  |     |  |  |     |     |  
 |  |  |     |  |  |     |     +- D_TOLONGK           
 |  |  |     |  |  |     |     |    
 |  |  |     |  |  |     |     +- L_PSHK              
 |  |  |     |  |  |     |        | 
 |  |  |     |  |  |     |        +- L_NEGK               (see above)
 |  |  |     |  |  |     |           
 |  |  |     |  |  |     +- _COPY                (see above)
 |  |  |     |  |  |     |  
 |  |  |     |  |  |     +- _DSUB               
 |  |  |     |  |  |     |  | 
 |  |  |     |  |  |     |  +- _DADD                (see above)
 |  |  |     |  |  |     |     
 |  |  |     |  |  |     +- fabs                
 |  |  |     |  |  |     |    
 |  |  |     |  |  |     +- _DNEG                (see above)
 |  |  |     |  |  |        
 |  |  |     |  |  +- _DMUL                (see above)
 |  |  |     |  |  |  
 |  |  |     |  |  +- _DSUB                (see above)
 |  |  |     |  |  |  
 |  |  |     |  |  +- _DSTRUNC             (see above)
 |  |  |     |  |  |  
 |  |  |     |  |  +- cos                 
 |  |  |     |  |  |  | 
 |  |  |     |  |  |  +- is_special           (see above)
 |  |  |     |  |  |  |  
 |  |  |     |  |  |  +- _CASE_CHECKED_BYTE   (see above)
 |  |  |     |  |  |  |  
 |  |  |     |  |  |  +- fabs                 (see above)
 |  |  |     |  |  |  |  
 |  |  |     |  |  |  +- sincos               (see above)
 |  |  |     |  |  |  |  
 |  |  |     |  |  |  +- _COPY                (see above)
 |  |  |     |  |  |     
 |  |  |     |  |  +- drawpixel           
 |  |  |     |  |  |  | 
 |  |  |     |  |  |  +- _CASE_CHECKED_BYTE   (see above)
 |  |  |     |  |  |     
 |  |  |     |  |  +- _FSFLOAT            
 |  |  |     |  |  |  | 
 |  |  |     |  |  |  +- SL_PULK              (see above)
 |  |  |     |  |  |  |  
 |  |  |     |  |  |  +- F_FRLONGK           
 |  |  |     |  |  |  |    
 |  |  |     |  |  |  +- F_PSHK              
 |  |  |     |  |  |       
 |  |  |     |  |  +- _FMUL               
 |  |  |     |  |  |  | 
 |  |  |     |  |  |  +- F_PULK              
 |  |  |     |  |  |  |    
 |  |  |     |  |  |  +- F_PULL              
 |  |  |     |  |  |  |    
 |  |  |     |  |  |  +- F_MULKL             
 |  |  |     |  |  |  |  | 
 |  |  |     |  |  |  |  +- F_CLRK              
 |  |  |     |  |  |  |  |    
 |  |  |     |  |  |  |  +- F_NORMK             
 |  |  |     |  |  |  |     | 
 |  |  |     |  |  |  |     +- F_MAXK              
 |  |  |     |  |  |  |        | 
 |  |  |     |  |  |  |        +- F_CLRK               (see above)
 |  |  |     |  |  |  |           
 |  |  |     |  |  |  +- F_PSHK               (see above)
 |  |  |     |  |  |     
 |  |  |     |  |  +- _FDIV               
 |  |  |     |  |  |  | 
 |  |  |     |  |  |  +- F_PULL               (see above)
 |  |  |     |  |  |  |  
 |  |  |     |  |  |  +- F_PULK               (see above)
 |  |  |     |  |  |  |  
 |  |  |     |  |  |  +- F_DIVKL             
 |  |  |     |  |  |  |  | 
 |  |  |     |  |  |  |  +- F_MAXK               (see above)
 |  |  |     |  |  |  |  |  
 |  |  |     |  |  |  |  +- F_NORMK              (see above)
 |  |  |     |  |  |  |     
 |  |  |     |  |  |  +- F_PSHK               (see above)
 |  |  |     |  |  |     
 |  |  |     |  |  +- _FCMP               
 |  |  |     |  |  |    
 |  |  |     |  |  +- _DLONG              
 |  |  |     |  |  |  | 
 |  |  |     |  |  |  +- F_PULK               (see above)
 |  |  |     |  |  |  |  
 |  |  |     |  |  |  +- D_FRFK              
 |  |  |     |  |  |  |  | 
 |  |  |     |  |  |  |  +- D_NORMK_UNARY        (see above)
 |  |  |     |  |  |  |     
 |  |  |     |  |  |  +- D_PSHK_UNARY         (see above)
 |  |  |     |  |  |     
 |  |  |     |  |  +- Bresenham           
 |  |  |     |  |  |  | 
 |  |  |     |  |  |  +- drawpixel            (see above)
 |  |  |     |  |  |     
 |  |  |     |  |  +- lcd_show_number      (see above)
 |  |  |     |  |  |  
 |  |  |     |  |  +- _CASE_CHECKED_BYTE   (see above)
 |  |  |     |  |  |  
 |  |  |     |  |  +- Reverseblock         (see above)
 |  |  |     |  |  |  
 |  |  |     |  |  +- lcd_clr_buf          (see above)
 |  |  |     |  |  |  
 |  |  |     |  |  +- lcd_ser_chs          (see above)
 |  |  |     |  |  |  
 |  |  |     |  |  +- _COPY                (see above)
 |  |  |     |  |  |  
 |  |  |     |  |  +- lcd_puts             (see above)
 |  |  |     |  |  |  
 |  |  |     |  |  +- strlen               (see above)
 |  |  |     |  |     
 |  |  |     |  +- DISP_PAGECOIL       
 |  |  |     |  |  | 
 |  |  |     |  |  +- lcd_show_number      (see above)
 |  |  |     |  |     
 |  |  |     |  +- DISP_PAGEDES        
 |  |  |     |  |  | 
 |  |  |     |  |  +- lcd_show_number      (see above)
 |  |  |     |  |  |  
 |  |  |     |  |  +- lcd_clr_buf          (see above)
 |  |  |     |  |  |  
 |  |  |     |  |  +- lcd_ser_chs          (see above)
 |  |  |     |  |  |  
 |  |  |     |  |  +- lcd_puts             (see above)
 |  |  |     |  |  |  
 |  |  |     |  |  +- Clearline           
 |  |  |     |  |     | 
 |  |  |     |  |     +- _CASE_CHECKED_BYTE   (see above)
 |  |  |     |  |        
 |  |  |     |  +- DISP_PAGEDI_1       
 |  |  |     |  |  | 
 |  |  |     |  |  +- GetParamString      
 |  |  |     |  |  |  | 
 |  |  |     |  |  |  +- _CASE_DIRECT_BYTE   
 |  |  |     |  |  |  |    
 |  |  |     |  |  |  +- _CASE_SEARCH_8      
 |  |  |     |  |  |       
 |  |  |     |  |  +- lcd_puts             (see above)
 |  |  |     |  |  |  
 |  |  |     |  |  +- lcd_show_number      (see above)
 |  |  |     |  |  |  
 |  |  |     |  |  +- strlen               (see above)
 |  |  |     |  |  |  
 |  |  |     |  |  +- lcd_ser_chs          (see above)
 |  |  |     |  |  |  
 |  |  |     |  |  +- lcd_clr_buf          (see above)
 |  |  |     |  |     
 |  |  |     |  +- DISP_PAGEDI_2       
 |  |  |     |  |  | 
 |  |  |     |  |  +- GetParamString       (see above)
 |  |  |     |  |  |  
 |  |  |     |  |  +- lcd_puts             (see above)
 |  |  |     |  |  |  
 |  |  |     |  |  +- lcd_show_number      (see above)
 |  |  |     |  |  |  
 |  |  |     |  |  +- strlen               (see above)
 |  |  |     |  |  |  
 |  |  |     |  |  +- lcd_ser_chs          (see above)
 |  |  |     |  |  |  
 |  |  |     |  |  +- lcd_clr_buf          (see above)
 |  |  |     |  |     
 |  |  |     |  +- DISP_PAGEDI_3       
 |  |  |     |  |  | 
 |  |  |     |  |  +- lcd_clr_buf          (see above)
 |  |  |     |  |  |  
 |  |  |     |  |  +- GetParamString       (see above)
 |  |  |     |  |  |  
 |  |  |     |  |  +- strlen               (see above)
 |  |  |     |  |  |  
 |  |  |     |  |  +- lcd_ser_chs          (see above)
 |  |  |     |  |  |  
 |  |  |     |  |  +- lcd_puts             (see above)
 |  |  |     |  |  |  
 |  |  |     |  |  +- lcd_show_number      (see above)
 |  |  |     |  |     
 |  |  |     |  +- DISP_PAGEDO_1       
 |  |  |     |  |  | 
 |  |  |     |  |  +- GetParamString       (see above)
 |  |  |     |  |  |  
 |  |  |     |  |  +- lcd_puts             (see above)
 |  |  |     |  |  |  
 |  |  |     |  |  +- lcd_show_number      (see above)
 |  |  |     |  |  |  
 |  |  |     |  |  +- strlen               (see above)
 |  |  |     |  |  |  
 |  |  |     |  |  +- lcd_ser_chs          (see above)
 |  |  |     |  |  |  
 |  |  |     |  |  +- lcd_clr_buf          (see above)
 |  |  |     |  |     
 |  |  |     |  +- DISP_PAGEDO_2       
 |  |  |     |  |  | 
 |  |  |     |  |  +- GetParamString       (see above)
 |  |  |     |  |  |  
 |  |  |     |  |  +- lcd_puts             (see above)
 |  |  |     |  |  |  
 |  |  |     |  |  +- lcd_show_number      (see above)
 |  |  |     |  |  |  
 |  |  |     |  |  +- strlen               (see above)
 |  |  |     |  |  |  
 |  |  |     |  |  +- lcd_ser_chs          (see above)
 |  |  |     |  |  |  
 |  |  |     |  |  +- lcd_clr_buf          (see above)
 |  |  |     |  |     
 |  |  |     |  +- DISP_PAGEDO_3       
 |  |  |     |  |  | 
 |  |  |     |  |  +- GetParamString       (see above)
 |  |  |     |  |  |  
 |  |  |     |  |  +- lcd_puts             (see above)
 |  |  |     |  |  |  
 |  |  |     |  |  +- lcd_show_number      (see above)
 |  |  |     |  |  |  
 |  |  |     |  |  +- strlen               (see above)
 |  |  |     |  |  |  
 |  |  |     |  |  +- lcd_ser_chs          (see above)
 |  |  |     |  |  |  
 |  |  |     |  |  +- lcd_clr_buf          (see above)
 |  |  |     |  |     
 |  |  |     |  +- DISP_PAGEACC        
 |  |  |     |  |  | 
 |  |  |     |  |  +- lcd_show_number      (see above)
 |  |  |     |  |     
 |  |  |     |  +- DISP_PAGEALARM      
 |  |  |     |     | 
 |  |  |     |     +- lcd_clr_buf          (see above)
 |  |  |     |     |  
 |  |  |     |     +- strlen               (see above)
 |  |  |     |     |  
 |  |  |     |     +- lcd_ser_chs          (see above)
 |  |  |     |     |  
 |  |  |     |     +- GetLineNum          
 |  |  |     |     |  | 
 |  |  |     |     |  +- strlen               (see above)
 |  |  |     |     |     
 |  |  |     |     +- Reverseblock         (see above)
 |  |  |     |     |  
 |  |  |     |     +- lcd_puts             (see above)
 |  |  |     |        
 |  |  |     +- lcd_disp_setup      
 |  |  |     |  | 
 |  |  |     |  +- lcd_clr_page         (see above)
 |  |  |     |  |  
 |  |  |     |  +- strlen               (see above)
 |  |  |     |  |  
 |  |  |     |  +- lcd_ser_chs          (see above)
 |  |  |     |  |  
 |  |  |     |  +- lcd_show_number      (see above)
 |  |  |     |  |  
 |  |  |     |  +- lcd_clr_buf          (see above)
 |  |  |     |  |  
 |  |  |     |  +- lcd_puts             (see above)
 |  |  |     |     
 |  |  |     +- lcd_disp_history    
 |  |  |     |  | 
 |  |  |     |  +- lcd_clr_page         (see above)
 |  |  |     |  |  
 |  |  |     |  +- lcd_ser_chs          (see above)
 |  |  |     |  |  
 |  |  |     |  +- lcd_show_number      (see above)
 |  |  |     |  |  
 |  |  |     |  +- _CASE_CHECKED        (see above)
 |  |  |     |  |  
 |  |  |     |  +- _CASE_CHECKED_BYTE   (see above)
 |  |  |     |  |  
 |  |  |     |  +- lcd_puts             (see above)
 |  |  |     |  |  
 |  |  |     |  +- lcd_clr_buf          (see above)
 |  |  |     |  |  
 |  |  |     |  +- strlen               (see above)
 |  |  |     |     
 |  |  |     +- lcd_disp_setup_submenu
 |  |  |        | 
 |  |  |        +- lcd_clr_page         (see above)
 |  |  |        |  
 |  |  |        +- strlen               (see above)
 |  |  |        |  
 |  |  |        +- lcd_ser_chs          (see above)
 |  |  |        |  
 |  |  |        +- lcd_show_number      (see above)
 |  |  |        |  
 |  |  |        +- lcd_puts             (see above)
 |  |  |        |  
 |  |  |        +- SciWriteParam        (see above)
 |  |  |        |  
 |  |  |        +- _LMULS16x32         
 |  |  |        |  | 
 |  |  |        |  +- _LNEG                (see above)
 |  |  |        |     
 |  |  |        +- lcd_show_number_lng 
 |  |  |        |  | 
 |  |  |        |  +- _LMODU              
 |  |  |        |  |  | 
 |  |  |        |  |  +- _lDivMod             (see above)
 |  |  |        |  |     
 |  |  |        |  +- _LDIVU              
 |  |  |        |  |  | 
 |  |  |        |  |  +- _lDivMod             (see above)
 |  |  |        |  |     
 |  |  |        |  +- lcd_clr_buf          (see above)
 |  |  |        |  |  
 |  |  |        |  +- _CONV_NEAR_TO_GLOBAL (see above)
 |  |  |        |  |  
 |  |  |        |  +- lcd_ser_chs          (see above)
 |  |  |        |  |  
 |  |  |        |  +- lcd_puts             (see above)
 |  |  |        |     
 |  |  |        +- Clearline            (see above)
 |  |  |        |  
 |  |  |        +- GetLineNum           (see above)
 |  |  |        |  
 |  |  |        +- _LMODS               (see above)
 |  |  |        |  
 |  |  |        +- _LDIVS               (see above)
 |  |  |        |  
 |  |  |        +- lcd_clr_buf          (see above)
 |  |  |           
 |  |  +- lcd_initial         
 |  |  |  | 
 |  |  |  +- lcd_clear           
 |  |  |  |  | 
 |  |  |  |  +- lcd_wr_ctr           (see above)
 |  |  |  |  |  
 |  |  |  |  +- lcd_colu_set         (see above)
 |  |  |  |  |  
 |  |  |  |  +- lcd_putchar          (see above)
 |  |  |  |     
 |  |  |  +- lcd_wr_ctr           (see above)
 |  |  |  |  
 |  |  |  +- lcd_delay_ms        
 |  |  |       
 |  |  +- VAR_init            
 |  |       
 |  +- SCIOpenCommunication
 |  |    
 |  +- io_refresh          
 |  |    
 |  +- btn_process         
 |  |  | 
 |  |  +- DateADD             
 |  |  |  | 
 |  |  |  +- CheckDate           
 |  |  |     | 
 |  |  |     +- _CASE_DIRECT_BYTE    (see above)
 |  |  |        
 |  |  +- _CASE_SEARCH        
 |  |  |    
 |  |  +- _LINC               
 |  |  |    
 |  |  +- _BDIVMODS           
 |  |  |    
 |  |  +- _LDEC               
 |  |  |    
 |  |  +- SciWriteParam        (see above)
 |  |  |  
 |  |  +- lcd_display          (see above)
 |  |     
 |  +- SCIProcess          
 |  |  | 
 |  |  +- CalcCRC              (see above)
 |  |     
 |  +- status_check        
 |  |  | 
 |  |  +- alarm_check         
 |  |     | 
 |  |     +- ai_pushdata_uint    
 |  |     |    
 |  |     +- lcd_display          (see above)
 |  |        
 |  +- ChangeLng           
 |  |    
 |  +- CheckMenu           
 |  |    
 |  +- SciReadValue        
 |  |  | 
 |  |  +- SciCommand           (see above)
 |  |     
 |  +- SciWriteParam        (see above)
 |  |  
 |  +- _CASE_CHECKED_BYTE   (see above)
 |  |  
 |  +- lcd_display          (see above)
 |     
 +- _Startup            
    | 
    +- Init                
    |    
    +- main                 (see above)
       
 PARAMS_BASIC        
   
 _Vector_20          
 | 
 +- SCI0_int            
      
 _Vector_66          
 | 
 +- pit0_int            
      
*********************************************************************************************
STATISTIC SECTION
---------------------------------------------------------------------------------------------

ExeFile:
--------
Number of blocks to be downloaded: 15
Total size of all blocks to be downloaded: 72403

