###############################################################################
#
# IAR ELF Linker V8.22.2.15995/W32 for ARM                05/May/2018  17:30:36
# Copyright 2007-2018 IAR Systems AB.
#
#    Output file  =  
#        E:\³ÌÐò¿â\TEST\4800\NewVerb\SoftGenSET00\Debug\Exe\SoftGenSet.out
#    Map file     =  
#        E:\³ÌÐò¿â\TEST\4800\NewVerb\SoftGenSET00\Debug\List\SoftGenSet.map
#    Command line =  
#        -f C:\Users\ADMINI~1\AppData\Local\Temp\EW6E8B.tmp
#        (E:\³ÌÐò¿â\TEST\4800\NewVerb\SoftGenSET00\Debug\Obj\arm_bitreversal.o
#        E:\³ÌÐò¿â\TEST\4800\NewVerb\SoftGenSET00\Debug\Obj\arm_bitreversal2.o
#        E:\³ÌÐò¿â\TEST\4800\NewVerb\SoftGenSET00\Debug\Obj\arm_cfft_f32.o
#        E:\³ÌÐò¿â\TEST\4800\NewVerb\SoftGenSET00\Debug\Obj\arm_cfft_radix8_f32.o
#        E:\³ÌÐò¿â\TEST\4800\NewVerb\SoftGenSET00\Debug\Obj\arm_common_tables.o
#        E:\³ÌÐò¿â\TEST\4800\NewVerb\SoftGenSET00\Debug\Obj\ASMCortex.o
#        E:\³ÌÐò¿â\TEST\4800\NewVerb\SoftGenSET00\Debug\Obj\CAN1Cortex.o
#        E:\³ÌÐò¿â\TEST\4800\NewVerb\SoftGenSET00\Debug\Obj\CAN2Cortex.o
#        E:\³ÌÐò¿â\TEST\4800\NewVerb\SoftGenSET00\Debug\Obj\CCPCortex.o
#        E:\³ÌÐò¿â\TEST\4800\NewVerb\SoftGenSET00\Debug\Obj\CTLCortex.o
#        E:\³ÌÐò¿â\TEST\4800\NewVerb\SoftGenSET00\Debug\Obj\DBCortex.o
#        E:\³ÌÐò¿â\TEST\4800\NewVerb\SoftGenSET00\Debug\Obj\FFTCortex.o
#        E:\³ÌÐò¿â\TEST\4800\NewVerb\SoftGenSET00\Debug\Obj\FWCortex.o
#        E:\³ÌÐò¿â\TEST\4800\NewVerb\SoftGenSET00\Debug\Obj\LCDCortex.o
#        E:\³ÌÐò¿â\TEST\4800\NewVerb\SoftGenSET00\Debug\Obj\misc.o
#        E:\³ÌÐò¿â\TEST\4800\NewVerb\SoftGenSET00\Debug\Obj\OSCortex.o
#        E:\³ÌÐò¿â\TEST\4800\NewVerb\SoftGenSET00\Debug\Obj\RTCCortex.o
#        E:\³ÌÐò¿â\TEST\4800\NewVerb\SoftGenSET00\Debug\Obj\SAEJ1939.o
#        E:\³ÌÐò¿â\TEST\4800\NewVerb\SoftGenSET00\Debug\Obj\SCI1Cortex.o
#        E:\³ÌÐò¿â\TEST\4800\NewVerb\SoftGenSET00\Debug\Obj\SCI2Cortex.o
#        E:\³ÌÐò¿â\TEST\4800\NewVerb\SoftGenSET00\Debug\Obj\SCI3Cortex.o
#        E:\³ÌÐò¿â\TEST\4800\NewVerb\SoftGenSET00\Debug\Obj\SCI4Cortex.o
#        E:\³ÌÐò¿â\TEST\4800\NewVerb\SoftGenSET00\Debug\Obj\SCI5Cortex.o
#        E:\³ÌÐò¿â\TEST\4800\NewVerb\SoftGenSET00\Debug\Obj\SFCortex.o
#        E:\³ÌÐò¿â\TEST\4800\NewVerb\SoftGenSET00\Debug\Obj\SPI1Cortex.o
#        E:\³ÌÐò¿â\TEST\4800\NewVerb\SoftGenSET00\Debug\Obj\SPI2Cortex.o
#        E:\³ÌÐò¿â\TEST\4800\NewVerb\SoftGenSET00\Debug\Obj\SPI3Cortex.o
#        E:\³ÌÐò¿â\TEST\4800\NewVerb\SoftGenSET00\Debug\Obj\startup_stm32f10x_hd.o
#        E:\³ÌÐò¿â\TEST\4800\NewVerb\SoftGenSET00\Debug\Obj\stm32f10x_adc.o
#        E:\³ÌÐò¿â\TEST\4800\NewVerb\SoftGenSET00\Debug\Obj\stm32f10x_bkp.o
#        E:\³ÌÐò¿â\TEST\4800\NewVerb\SoftGenSET00\Debug\Obj\stm32f10x_can.o
#        E:\³ÌÐò¿â\TEST\4800\NewVerb\SoftGenSET00\Debug\Obj\stm32f10x_cec.o
#        E:\³ÌÐò¿â\TEST\4800\NewVerb\SoftGenSET00\Debug\Obj\stm32f10x_crc.o
#        E:\³ÌÐò¿â\TEST\4800\NewVerb\SoftGenSET00\Debug\Obj\stm32f10x_dac.o
#        E:\³ÌÐò¿â\TEST\4800\NewVerb\SoftGenSET00\Debug\Obj\stm32f10x_dbgmcu.o
#        E:\³ÌÐò¿â\TEST\4800\NewVerb\SoftGenSET00\Debug\Obj\stm32f10x_dma.o
#        E:\³ÌÐò¿â\TEST\4800\NewVerb\SoftGenSET00\Debug\Obj\stm32f10x_exti.o
#        E:\³ÌÐò¿â\TEST\4800\NewVerb\SoftGenSET00\Debug\Obj\stm32f10x_flash.o
#        E:\³ÌÐò¿â\TEST\4800\NewVerb\SoftGenSET00\Debug\Obj\stm32f10x_fsmc.o
#        E:\³ÌÐò¿â\TEST\4800\NewVerb\SoftGenSET00\Debug\Obj\stm32f10x_gpio.o
#        E:\³ÌÐò¿â\TEST\4800\NewVerb\SoftGenSET00\Debug\Obj\stm32f10x_i2c.o
#        E:\³ÌÐò¿â\TEST\4800\NewVerb\SoftGenSET00\Debug\Obj\stm32f10x_it.o
#        E:\³ÌÐò¿â\TEST\4800\NewVerb\SoftGenSET00\Debug\Obj\stm32f10x_iwdg.o
#        E:\³ÌÐò¿â\TEST\4800\NewVerb\SoftGenSET00\Debug\Obj\stm32f10x_pwr.o
#        E:\³ÌÐò¿â\TEST\4800\NewVerb\SoftGenSET00\Debug\Obj\stm32f10x_rcc.o
#        E:\³ÌÐò¿â\TEST\4800\NewVerb\SoftGenSET00\Debug\Obj\stm32f10x_rtc.o
#        E:\³ÌÐò¿â\TEST\4800\NewVerb\SoftGenSET00\Debug\Obj\stm32f10x_sdio.o
#        E:\³ÌÐò¿â\TEST\4800\NewVerb\SoftGenSET00\Debug\Obj\stm32f10x_spi.o
#        E:\³ÌÐò¿â\TEST\4800\NewVerb\SoftGenSET00\Debug\Obj\stm32f10x_tim.o
#        E:\³ÌÐò¿â\TEST\4800\NewVerb\SoftGenSET00\Debug\Obj\stm32f10x_usart.o
#        E:\³ÌÐò¿â\TEST\4800\NewVerb\SoftGenSET00\Debug\Obj\stm32f10x_wwdg.o
#        E:\³ÌÐò¿â\TEST\4800\NewVerb\SoftGenSET00\Debug\Obj\system_stm32f10x.o
#        E:\³ÌÐò¿â\TEST\4800\NewVerb\SoftGenSET00\Debug\Obj\XIOCortex.o -o
#        E:\³ÌÐò¿â\TEST\4800\NewVerb\SoftGenSET00\Debug\Exe\SoftGenSet.out
#        --map
#        E:\³ÌÐò¿â\TEST\4800\NewVerb\SoftGenSET00\Debug\List\SoftGenSet.map
#        --config D:\IAR8.22\arm\config\linker\ST\stm32f103xE.icf --semihosting
#        --entry __iar_program_start --vfe --text_out locale)
#
###############################################################################

*******************************************************************************
*** RUNTIME MODEL ATTRIBUTES
***

CppFlavor       = *
__SystemLibrary = DLib
__dlib_version  = 6


*******************************************************************************
*** HEAP SELECTION
***

The basic heap was selected because no calls to memory allocation
functions were found in the application outside of system library
functions, and there are calls to deallocation functions in the
application.


*******************************************************************************
*** PLACEMENT SUMMARY
***

"A0":  place at 0x08000000 { ro section .intvec };
"P1":  place in [from 0x08000000 to 0x0807ffff] { ro };
define block CSTACK with size = 4K, alignment = 8 { };
define block HEAP with size = 4K, alignment = 8 { };
"P2":  place in [from 0x20000000 to 0x2000ffff] {
          rw, block CSTACK, block HEAP };
initialize by copy { rw };

  Section            Kind        Address     Size  Object
  -------            ----        -------     ----  ------
"A0":                                       0x130
  .intvec            ro code  0x08000000    0x130  startup_stm32f10x_hd.o [1]
                            - 0x08000130    0x130

"P1":                                     0x14f98
  .text              ro code  0x08000130   0x654c  SFCortex.o [1]
  .text              ro code  0x0800667c   0x1c72  DBCortex.o [1]
  .text              ro code  0x080082f0     0xe2  FltAdd.o [4]
  .text              ro code  0x080083d4     0xd8  FltMul.o [4]
  .text              ro code  0x080084ac    0x272  I64DivMod.o [5]
  .text              ro code  0x08008720    0x8e0  OSCortex.o [1]
  CODE               ro code  0x08009000     0x94  ASMCortex.o [1]
  .text              ro code  0x08009094     0x80  FltSub.o [4]
  .text              ro code  0x08009114      0x2  I64DivZer.o [5]
  .text              ro code  0x08009118   0x351c  CTLCortex.o [1]
  .text              ro code  0x0800c634    0xa7a  CAN2Cortex.o [1]
  .text              ro code  0x0800d0b0   0x3210  XIOCortex.o [1]
  .text              ro code  0x080102c0    0x878  FWCortex.o [1]
  .text              ro code  0x08010b38    0x424  FFTCortex.o [1]
  .text              ro code  0x08010f5c    0x12c  RTCCortex.o [1]
  .text              ro code  0x08011088    0x47c  CAN1Cortex.o [1]
  .text              ro code  0x08011504    0x500  SCI2Cortex.o [1]
  .text              ro code  0x08011a04    0x740  SCI3Cortex.o [1]
  .text              ro code  0x08012144    0x504  SCI4Cortex.o [1]
  .text              ro code  0x08012648    0xa22  arm_cfft_f32.o [1]
  .text              ro code  0x0801306c     0x24  S32ToFlt.o [4]
  .text              ro code  0x08013090     0x1c  FltCmpEq.o [4]
  .text              ro code  0x080130ac     0xfc  FltDiv.o [4]
  .text              ro code  0x080131a8     0x2a  FltToS32.o [4]
  .text              ro code  0x080131d4    0x72c  SAEJ1939.o [1]
  .text              ro code  0x08013900    0x974  arm_cfft_radix8_f32.o [1]
  .text              ro code  0x08014274     0x6a  arm_bitreversal2.o [1]
  .text              ro code  0x080142e0     0x1c  U32ToFlt.o [4]
  .text              ro code  0x080142fc     0x90  CCPCortex.o [1]
  .rodata            const    0x0801438c    0x200  arm_common_tables.o [1]
  .text              ro code  0x0801458c    0x158  system_stm32f10x.o [1]
  .rodata            const    0x080146e4    0x100  OSCortex.o [1]
  .rodata            const    0x080147e4    0x100  SFCortex.o [1]
  .rodata            const    0x080148e4    0x100  SFCortex.o [1]
  .rodata            const    0x080149e4     0x70  arm_common_tables.o [1]
  .text              ro code  0x08014a54     0x40  zero_init3.o [5]
  .text              ro code  0x08014a94     0x2c  copy_init3.o [5]
  .text              ro code  0x08014ac0     0x28  data_init.o [5]
  .iar.init_table    const    0x08014ae8     0x24  - Linker created -
  .text              ro code  0x08014b0c     0x1e  cmain.o [5]
  .text              ro code  0x08014b2a      0x4  low_level_init.o [3]
  .text              ro code  0x08014b2e      0x4  exit.o [3]
  .text              ro code  0x08014b34      0xa  cexit.o [5]
  .text              ro code  0x08014b40     0x14  exit.o [6]
  .rodata            const    0x08014b54     0x14  SFCortex.o [1]
  .rodata            const    0x08014b68     0x14  SFCortex.o [1]
  .rodata            const    0x08014b7c     0x14  SFCortex.o [1]
  .rodata            const    0x08014b90     0x14  SFCortex.o [1]
  .rodata            const    0x08014ba4     0x14  SFCortex.o [1]
  .rodata            const    0x08014bb8     0x14  SFCortex.o [1]
  .rodata            const    0x08014bcc     0x14  SFCortex.o [1]
  .rodata            const    0x08014be0     0x14  SFCortex.o [1]
  .rodata            const    0x08014bf4     0x14  SFCortex.o [1]
  .rodata            const    0x08014c08     0x14  SFCortex.o [1]
  .rodata            const    0x08014c1c     0x14  SFCortex.o [1]
  .rodata            const    0x08014c30     0x14  SFCortex.o [1]
  .rodata            const    0x08014c44     0x14  SFCortex.o [1]
  .rodata            const    0x08014c58     0x14  SFCortex.o [1]
  .rodata            const    0x08014c6c     0x14  SFCortex.o [1]
  .rodata            const    0x08014c80     0x14  SFCortex.o [1]
  .rodata            const    0x08014c94     0x14  SFCortex.o [1]
  .rodata            const    0x08014ca8     0x14  SFCortex.o [1]
  .rodata            const    0x08014cbc     0x14  SFCortex.o [1]
  .rodata            const    0x08014cd0     0x14  SFCortex.o [1]
  .rodata            const    0x08014ce4     0x14  SFCortex.o [1]
  .rodata            const    0x08014cf8     0x14  SFCortex.o [1]
  .rodata            const    0x08014d0c     0x14  SFCortex.o [1]
  .rodata            const    0x08014d20     0x14  SFCortex.o [1]
  .rodata            const    0x08014d34     0x14  SFCortex.o [1]
  .rodata            const    0x08014d48     0x14  SFCortex.o [1]
  .rodata            const    0x08014d5c     0x14  SFCortex.o [1]
  .rodata            const    0x08014d70     0x14  SFCortex.o [1]
  .rodata            const    0x08014d84     0x14  SFCortex.o [1]
  .rodata            const    0x08014d98     0x14  SFCortex.o [1]
  .rodata            const    0x08014dac     0x14  SFCortex.o [1]
  .rodata            const    0x08014dc0     0x14  SFCortex.o [1]
  .rodata            const    0x08014dd4     0x14  SFCortex.o [1]
  .rodata            const    0x08014de8     0x14  SFCortex.o [1]
  .rodata            const    0x08014dfc     0x14  SFCortex.o [1]
  .rodata            const    0x08014e10     0x14  SFCortex.o [1]
  .rodata            const    0x08014e24     0x14  SFCortex.o [1]
  .rodata            const    0x08014e38     0x14  SFCortex.o [1]
  .rodata            const    0x08014e4c     0x14  SFCortex.o [1]
  .rodata            const    0x08014e60     0x14  SFCortex.o [1]
  .rodata            const    0x08014e74     0x14  SFCortex.o [1]
  .rodata            const    0x08014e88     0x14  SFCortex.o [1]
  .rodata            const    0x08014e9c     0x14  SFCortex.o [1]
  .rodata            const    0x08014eb0     0x14  SFCortex.o [1]
  .rodata            const    0x08014ec4     0x14  SFCortex.o [1]
  .rodata            const    0x08014ed8     0x14  SFCortex.o [1]
  .rodata            const    0x08014eec     0x14  SFCortex.o [1]
  .rodata            const    0x08014f00     0x14  SFCortex.o [1]
  .rodata            const    0x08014f14     0x14  SFCortex.o [1]
  .rodata            const    0x08014f28     0x14  SFCortex.o [1]
  .rodata            const    0x08014f3c     0x14  SFCortex.o [1]
  .rodata            const    0x08014f50     0x14  SFCortex.o [1]
  .rodata            const    0x08014f64     0x14  SFCortex.o [1]
  .rodata            const    0x08014f78     0x14  SFCortex.o [1]
  .rodata            const    0x08014f8c     0x14  SFCortex.o [1]
  .rodata            const    0x08014fa0     0x14  SFCortex.o [1]
  .rodata            const    0x08014fb4     0x14  SFCortex.o [1]
  .rodata            const    0x08014fc8     0x14  SFCortex.o [1]
  .rodata            const    0x08014fdc     0x14  SFCortex.o [1]
  .rodata            const    0x08014ff0     0x14  SFCortex.o [1]
  .rodata            const    0x08015004     0x14  SFCortex.o [1]
  .rodata            const    0x08015018     0x14  SFCortex.o [1]
  .rodata            const    0x0801502c     0x14  SFCortex.o [1]
  .rodata            const    0x08015040     0x14  SFCortex.o [1]
  .rodata            const    0x08015054     0x10  FFTCortex.o [1]
  .text              ro code  0x08015064     0x10  startup_stm32f10x_hd.o [1]
  .text              ro code  0x08015074      0xc  stm32f10x_it.o [1]
  .text              ro code  0x08015080      0xc  cstartup_M.o [5]
  Initializer bytes  const    0x0801508c      0xc  <for P2-1>
  .text              ro code  0x08015098      0x4  startup_stm32f10x_hd.o [1]
  .text              ro code  0x0801509c      0x4  startup_stm32f10x_hd.o [1]
  .text              ro code  0x080150a0      0x4  startup_stm32f10x_hd.o [1]
  .text              ro code  0x080150a4      0x4  startup_stm32f10x_hd.o [1]
  .text              ro code  0x080150a8      0x4  startup_stm32f10x_hd.o [1]
  .text              ro code  0x080150ac      0x4  startup_stm32f10x_hd.o [1]
  .text              ro code  0x080150b0      0x4  startup_stm32f10x_hd.o [1]
  .text              ro code  0x080150b4      0x4  startup_stm32f10x_hd.o [1]
  .text              ro code  0x080150b8      0x4  startup_stm32f10x_hd.o [1]
  .text              ro code  0x080150bc      0x4  startup_stm32f10x_hd.o [1]
  .text              ro code  0x080150c0      0x4  startup_stm32f10x_hd.o [1]
  .text              ro code  0x080150c4      0x4  startup_stm32f10x_hd.o [1]
  .rodata            const    0x080150c8      0x0  zero_init3.o [5]
  .rodata            const    0x080150c8      0x0  copy_init3.o [5]
                            - 0x080150c8  0x14f98

"P2", part 1 of 3:                            0xc
  P2-1                        0x20000000      0xa  <Init block>
    .data            inited   0x20000000      0x4  FWCortex.o [1]
    .data            inited   0x20000004      0x2  CTLCortex.o [1]
    .data            inited   0x20000006      0x2  SFCortex.o [1]
    .data            inited   0x20000008      0x2  SFCortex.o [1]
                            - 0x2000000a      0xa

"P2", part 2 of 3:                         0x6ac4
  .bss               zero     0x2000000c    0x800  XIOCortex.o [1]
  .bss               zero     0x2000080c    0x800  XIOCortex.o [1]
  .bss               zero     0x2000100c    0x400  FWCortex.o [1]
  .bss               zero     0x2000140c    0x3f0  SCI4Cortex.o [1]
  .bss               zero     0x200017fc    0x3e8  DBCortex.o [1]
  .bss               zero     0x20001be4    0x3c0  DBCortex.o [1]
  .bss               zero     0x20001fa4    0x320  CAN2Cortex.o [1]
  .bss               zero     0x200022c4    0x320  DBCortex.o [1]
  .bss               zero     0x200025e4    0x300  XIOCortex.o [1]
  .bss               zero     0x200028e4    0x300  XIOCortex.o [1]
  .bss               zero     0x20002be4    0x300  XIOCortex.o [1]
  .bss               zero     0x20002ee4    0x300  XIOCortex.o [1]
  .bss               zero     0x200031e4    0x300  XIOCortex.o [1]
  .bss               zero     0x200034e4    0x300  XIOCortex.o [1]
  .bss               zero     0x200037e4    0x300  XIOCortex.o [1]
  .bss               zero     0x20003ae4    0x300  XIOCortex.o [1]
  .bss               zero     0x20003de4    0x300  XIOCortex.o [1]
  .bss               zero     0x200040e4    0x200  FFTCortex.o [1]
  .bss               zero     0x200042e4    0x200  FWCortex.o [1]
  .bss               zero     0x200044e4    0x200  FWCortex.o [1]
  .bss               zero     0x200046e4    0x200  FWCortex.o [1]
  .bss               zero     0x200048e4    0x200  FWCortex.o [1]
  .bss               zero     0x20004ae4    0x200  FWCortex.o [1]
  .bss               zero     0x20004ce4    0x200  FWCortex.o [1]
  .bss               zero     0x20004ee4    0x200  FWCortex.o [1]
  .bss               zero     0x200050e4    0x200  FWCortex.o [1]
  .bss               zero     0x200052e4    0x200  FWCortex.o [1]
  .bss               zero     0x200054e4    0x140  OSCortex.o [1]
  .bss               zero     0x20005624    0x104  SCI3Cortex.o [1]
  .bss               zero     0x20005728     0xf8  CAN2Cortex.o [1]
  .bss               zero     0x20005820     0xf0  DBCortex.o [1]
  .bss               zero     0x20005910     0xf0  SAEJ1939.o [1]
  .bss               zero     0x20005a00     0xe0  CAN1Cortex.o [1]
  .bss               zero     0x20005ae0     0xc0  OSCortex.o [1]
  .bss               zero     0x20005ba0     0x80  FFTCortex.o [1]
  .bss               zero     0x20005c20     0x80  FFTCortex.o [1]
  .bss               zero     0x20005ca0     0x80  XIOCortex.o [1]
  .bss               zero     0x20005d20     0x80  XIOCortex.o [1]
  .bss               zero     0x20005da0     0x80  XIOCortex.o [1]
  .bss               zero     0x20005e20     0x80  XIOCortex.o [1]
  .bss               zero     0x20005ea0     0x80  XIOCortex.o [1]
  .bss               zero     0x20005f20     0x80  XIOCortex.o [1]
  .bss               zero     0x20005fa0     0x80  XIOCortex.o [1]
  .bss               zero     0x20006020     0x80  XIOCortex.o [1]
  .bss               zero     0x200060a0     0x80  XIOCortex.o [1]
  .bss               zero     0x20006120     0x80  XIOCortex.o [1]
  .bss               zero     0x200061a0     0x80  XIOCortex.o [1]
  .bss               zero     0x20006220     0x80  XIOCortex.o [1]
  .bss               zero     0x200062a0     0x80  XIOCortex.o [1]
  .bss               zero     0x20006320     0x80  XIOCortex.o [1]
  .bss               zero     0x200063a0     0x80  XIOCortex.o [1]
  .bss               zero     0x20006420     0x80  XIOCortex.o [1]
  .bss               zero     0x200064a0     0x40  OSCortex.o [1]
  .bss               zero     0x200064e0     0x30  DBCortex.o [1]
  .bss               zero     0x20006510     0x30  SCI2Cortex.o [1]
  .bss               zero     0x20006540     0x2c  XIOCortex.o [1]
  .bss               zero     0x2000656c     0x2c  XIOCortex.o [1]
  .bss               zero     0x20006598     0x28  SCI4Cortex.o [1]
  .bss               zero     0x200065c0     0x20  XIOCortex.o [1]
  .bss               zero     0x200065e0     0x20  XIOCortex.o [1]
  .bss               zero     0x20006600     0x20  XIOCortex.o [1]
  .bss               zero     0x20006620     0x20  XIOCortex.o [1]
  .bss               zero     0x20006640     0x20  XIOCortex.o [1]
  .bss               zero     0x20006660     0x20  XIOCortex.o [1]
  .bss               zero     0x20006680     0x20  XIOCortex.o [1]
  .bss               zero     0x200066a0     0x20  XIOCortex.o [1]
  .bss               zero     0x200066c0     0x20  XIOCortex.o [1]
  .bss               zero     0x200066e0     0x18  DBCortex.o [1]
  .bss               zero     0x200066f8     0x18  SAEJ1939.o [1]
  .bss               zero     0x20006710     0x14  CTLCortex.o [1]
  .bss               zero     0x20006728     0x18  SFCortex.o [1]
  .bss               zero     0x20006740     0x18  SFCortex.o [1]
  .bss               zero     0x20006758     0x18  SFCortex.o [1]
  .bss               zero     0x20006770     0x18  SFCortex.o [1]
  .bss               zero     0x20006788     0x18  SFCortex.o [1]
  .bss               zero     0x200067a0     0x18  SFCortex.o [1]
  .bss               zero     0x200067b8     0x14  CTLCortex.o [1]
  .bss               zero     0x200067cc     0x14  FFTCortex.o [1]
  .bss               zero     0x200067e0     0x14  XIOCortex.o [1]
  .bss               zero     0x200067f4     0x14  XIOCortex.o [1]
  .bss               zero     0x20006808      0xc  CAN1Cortex.o [1]
  .bss               zero     0x20006814      0xc  CAN1Cortex.o [1]
  .bss               zero     0x20006820      0xc  CAN1Cortex.o [1]
  .bss               zero     0x2000682c      0xc  CAN2Cortex.o [1]
  .bss               zero     0x20006838      0xc  CAN2Cortex.o [1]
  .bss               zero     0x20006844      0x8  CCPCortex.o [1]
  .bss               zero     0x2000684c      0x8  CCPCortex.o [1]
  .bss               zero     0x20006854      0x8  CTLCortex.o [1]
  .bss               zero     0x2000685c      0x4  CAN1Cortex.o [1]
  .bss               zero     0x20006860      0x4  CAN2Cortex.o [1]
  .bss               zero     0x20006864      0x4  CAN2Cortex.o [1]
  .bss               zero     0x20006868      0x4  CAN2Cortex.o [1]
  .bss               zero     0x2000686c      0x4  CAN2Cortex.o [1]
  .bss               zero     0x20006870      0x4  CAN2Cortex.o [1]
  .bss               zero     0x20006874      0x4  CAN2Cortex.o [1]
  .bss               zero     0x20006878      0x4  CAN2Cortex.o [1]
  .bss               zero     0x2000687c      0x4  CAN2Cortex.o [1]
  .bss               zero     0x20006880      0x4  CAN2Cortex.o [1]
  .bss               zero     0x20006884      0x4  CAN2Cortex.o [1]
  .bss               zero     0x20006888      0x4  CAN2Cortex.o [1]
  .bss               zero     0x2000688c      0x4  CTLCortex.o [1]
  .bss               zero     0x20006890      0x4  CTLCortex.o [1]
  .bss               zero     0x20006894      0x4  CTLCortex.o [1]
  .bss               zero     0x20006898      0x4  DBCortex.o [1]
  .bss               zero     0x2000689c      0x4  FFTCortex.o [1]
  .bss               zero     0x200068a0      0x4  FWCortex.o [1]
  .bss               zero     0x200068a4      0x4  FWCortex.o [1]
  .bss               zero     0x200068a8      0x4  OSCortex.o [1]
  .bss               zero     0x200068ac      0x4  OSCortex.o [1]
  .bss               zero     0x200068b0      0x4  OSCortex.o [1]
  .bss               zero     0x200068b4      0x4  OSCortex.o [1]
  .bss               zero     0x200068b8      0x4  OSCortex.o [1]
  .bss               zero     0x200068bc      0x4  OSCortex.o [1]
  .bss               zero     0x200068c0      0x4  OSCortex.o [1]
  .bss               zero     0x200068c4      0x4  RTCCortex.o [1]
  .bss               zero     0x200068c8      0x4  SAEJ1939.o [1]
  .bss               zero     0x200068cc      0x4  SCI2Cortex.o [1]
  .bss               zero     0x200068d0      0x4  SCI3Cortex.o [1]
  .bss               zero     0x200068d4      0x4  SCI3Cortex.o [1]
  .bss               zero     0x200068d8      0x4  SCI4Cortex.o [1]
  .bss               zero     0x200068dc      0x4  SFCortex.o [1]
  .bss               zero     0x200068e0      0x4  SFCortex.o [1]
  .bss               zero     0x200068e4      0x4  SFCortex.o [1]
  .bss               zero     0x200068e8      0x4  SFCortex.o [1]
  .bss               zero     0x200068ec      0x4  SFCortex.o [1]
  .bss               zero     0x200068f0      0x4  SFCortex.o [1]
  .bss               zero     0x200068f4      0x4  SFCortex.o [1]
  .bss               zero     0x200068f8      0x4  SFCortex.o [1]
  .bss               zero     0x200068fc      0x4  SFCortex.o [1]
  .bss               zero     0x20006900      0x4  XIOCortex.o [1]
  .bss               zero     0x20006904      0x4  XIOCortex.o [1]
  .bss               zero     0x20006908      0x4  XIOCortex.o [1]
  .bss               zero     0x2000690c      0x4  XIOCortex.o [1]
  .bss               zero     0x20006910      0x4  XIOCortex.o [1]
  .bss               zero     0x20006914      0x4  XIOCortex.o [1]
  .bss               zero     0x20006918      0x4  XIOCortex.o [1]
  .bss               zero     0x2000691c      0x4  XIOCortex.o [1]
  .bss               zero     0x20006920      0x4  XIOCortex.o [1]
  .bss               zero     0x20006924      0x4  XIOCortex.o [1]
  .bss               zero     0x20006928      0x4  XIOCortex.o [1]
  .bss               zero     0x2000692c      0x4  XIOCortex.o [1]
  .bss               zero     0x20006930      0x4  XIOCortex.o [1]
  .bss               zero     0x20006934      0x4  XIOCortex.o [1]
  .bss               zero     0x20006938      0x4  XIOCortex.o [1]
  .bss               zero     0x2000693c      0x4  XIOCortex.o [1]
  .bss               zero     0x20006940      0x4  XIOCortex.o [1]
  .bss               zero     0x20006944      0x4  XIOCortex.o [1]
  .bss               zero     0x20006948      0x4  XIOCortex.o [1]
  .bss               zero     0x2000694c      0x4  XIOCortex.o [1]
  .bss               zero     0x20006950      0x4  XIOCortex.o [1]
  .bss               zero     0x20006954      0x4  XIOCortex.o [1]
  .bss               zero     0x20006958      0x4  XIOCortex.o [1]
  .bss               zero     0x2000695c      0x4  XIOCortex.o [1]
  .bss               zero     0x20006960      0x4  XIOCortex.o [1]
  .bss               zero     0x20006964      0x4  XIOCortex.o [1]
  .bss               zero     0x20006968      0x4  XIOCortex.o [1]
  .bss               zero     0x2000696c      0x4  XIOCortex.o [1]
  .bss               zero     0x20006970      0x4  XIOCortex.o [1]
  .bss               zero     0x20006974      0x2  CTLCortex.o [1]
  .bss               zero     0x20006976      0x2  CTLCortex.o [1]
  .bss               zero     0x20006978      0x2  CTLCortex.o [1]
  .bss               zero     0x2000697a      0x2  CTLCortex.o [1]
  .bss               zero     0x2000697c      0x2  CTLCortex.o [1]
  .bss               zero     0x2000697e      0x2  CTLCortex.o [1]
  .bss               zero     0x20006980      0x2  CTLCortex.o [1]
  .bss               zero     0x20006982      0x2  CTLCortex.o [1]
  .bss               zero     0x20006984      0x2  FFTCortex.o [1]
  .bss               zero     0x20006986      0x2  FWCortex.o [1]
  .bss               zero     0x20006988      0x2  FWCortex.o [1]
  .bss               zero     0x2000698a      0x2  FWCortex.o [1]
  .bss               zero     0x2000698c      0x2  FWCortex.o [1]
  .bss               zero     0x2000698e      0x2  FWCortex.o [1]
  .bss               zero     0x20006990      0x2  FWCortex.o [1]
  .bss               zero     0x20006992      0x2  FWCortex.o [1]
  .bss               zero     0x20006994      0x2  FWCortex.o [1]
  .bss               zero     0x20006996      0x2  FWCortex.o [1]
  .bss               zero     0x20006998      0x2  FWCortex.o [1]
  .bss               zero     0x2000699a      0x2  FWCortex.o [1]
  .bss               zero     0x2000699c      0x2  FWCortex.o [1]
  .bss               zero     0x2000699e      0x2  OSCortex.o [1]
  .bss               zero     0x200069a0      0x2  OSCortex.o [1]
  .bss               zero     0x200069a2      0x2  OSCortex.o [1]
  .bss               zero     0x200069a4      0x2  SCI3Cortex.o [1]
  .bss               zero     0x200069a6      0x2  SCI3Cortex.o [1]
  .bss               zero     0x200069a8      0x2  SCI3Cortex.o [1]
  .bss               zero     0x200069aa      0x2  SCI3Cortex.o [1]
  .bss               zero     0x200069ac      0x2  SCI3Cortex.o [1]
  .bss               zero     0x200069ae      0x2  SFCortex.o [1]
  .bss               zero     0x200069b0      0x2  SFCortex.o [1]
  .bss               zero     0x200069b2      0x2  SFCortex.o [1]
  .bss               zero     0x200069b4      0x2  SFCortex.o [1]
  .bss               zero     0x200069b6      0x2  SFCortex.o [1]
  .bss               zero     0x200069b8      0x2  SFCortex.o [1]
  .bss               zero     0x200069ba      0x2  SFCortex.o [1]
  .bss               zero     0x200069bc      0x2  SFCortex.o [1]
  .bss               zero     0x200069be      0x2  SFCortex.o [1]
  .bss               zero     0x200069c0      0x2  SFCortex.o [1]
  .bss               zero     0x200069c2      0x2  SFCortex.o [1]
  .bss               zero     0x200069c4      0x2  SFCortex.o [1]
  .bss               zero     0x200069c6      0x2  SFCortex.o [1]
  .bss               zero     0x200069c8      0x2  SFCortex.o [1]
  .bss               zero     0x200069ca      0x2  SFCortex.o [1]
  .bss               zero     0x200069cc      0x2  SFCortex.o [1]
  .bss               zero     0x200069ce      0x2  SFCortex.o [1]
  .bss               zero     0x200069d0      0x2  SFCortex.o [1]
  .bss               zero     0x200069d2      0x2  SFCortex.o [1]
  .bss               zero     0x200069d4      0x2  SFCortex.o [1]
  .bss               zero     0x200069d6      0x2  SFCortex.o [1]
  .bss               zero     0x200069d8      0x2  SFCortex.o [1]
  .bss               zero     0x200069da      0x2  SFCortex.o [1]
  .bss               zero     0x200069dc      0x2  SFCortex.o [1]
  .bss               zero     0x200069de      0x2  SFCortex.o [1]
  .bss               zero     0x200069e0      0x2  SFCortex.o [1]
  .bss               zero     0x200069e2      0x2  SFCortex.o [1]
  .bss               zero     0x200069e4      0x2  SFCortex.o [1]
  .bss               zero     0x200069e6      0x2  SFCortex.o [1]
  .bss               zero     0x200069e8      0x2  SFCortex.o [1]
  .bss               zero     0x200069ea      0x2  SFCortex.o [1]
  .bss               zero     0x200069ec      0x2  SFCortex.o [1]
  .bss               zero     0x200069ee      0x2  SFCortex.o [1]
  .bss               zero     0x200069f0      0x2  SFCortex.o [1]
  .bss               zero     0x200069f2      0x2  SFCortex.o [1]
  .bss               zero     0x200069f4      0x2  SFCortex.o [1]
  .bss               zero     0x200069f6      0x2  SFCortex.o [1]
  .bss               zero     0x200069f8      0x2  SFCortex.o [1]
  .bss               zero     0x200069fa      0x2  SFCortex.o [1]
  .bss               zero     0x200069fc      0x2  SFCortex.o [1]
  .bss               zero     0x200069fe      0x2  SFCortex.o [1]
  .bss               zero     0x20006a00      0x2  SFCortex.o [1]
  .bss               zero     0x20006a02      0x2  SFCortex.o [1]
  .bss               zero     0x20006a04      0x2  SFCortex.o [1]
  .bss               zero     0x20006a06      0x2  SFCortex.o [1]
  .bss               zero     0x20006a08      0x2  SFCortex.o [1]
  .bss               zero     0x20006a0a      0x2  SFCortex.o [1]
  .bss               zero     0x20006a0c      0x2  SFCortex.o [1]
  .bss               zero     0x20006a0e      0x2  SFCortex.o [1]
  .bss               zero     0x20006a10      0x2  SFCortex.o [1]
  .bss               zero     0x20006a12      0x2  SFCortex.o [1]
  .bss               zero     0x20006a14      0x2  SFCortex.o [1]
  .bss               zero     0x20006a16      0x2  SFCortex.o [1]
  .bss               zero     0x20006a18      0x2  SFCortex.o [1]
  .bss               zero     0x20006a1a      0x2  SFCortex.o [1]
  .bss               zero     0x20006a1c      0x2  SFCortex.o [1]
  .bss               zero     0x20006a1e      0x2  SFCortex.o [1]
  .bss               zero     0x20006a20      0x2  SFCortex.o [1]
  .bss               zero     0x20006a22      0x2  SFCortex.o [1]
  .bss               zero     0x20006a24      0x2  SFCortex.o [1]
  .bss               zero     0x20006a26      0x2  SFCortex.o [1]
  .bss               zero     0x20006a28      0x2  SFCortex.o [1]
  .bss               zero     0x20006a2a      0x2  SFCortex.o [1]
  .bss               zero     0x20006a2c      0x2  SFCortex.o [1]
  .bss               zero     0x20006a2e      0x2  SFCortex.o [1]
  .bss               zero     0x20006a30      0x2  SFCortex.o [1]
  .bss               zero     0x20006a32      0x2  SFCortex.o [1]
  .bss               zero     0x20006a34      0x2  SFCortex.o [1]
  .bss               zero     0x20006a36      0x2  SFCortex.o [1]
  .bss               zero     0x20006a38      0x2  SFCortex.o [1]
  .bss               zero     0x20006a3a      0x2  SFCortex.o [1]
  .bss               zero     0x20006a3c      0x2  SFCortex.o [1]
  .bss               zero     0x20006a3e      0x2  SFCortex.o [1]
  .bss               zero     0x20006a40      0x2  SFCortex.o [1]
  .bss               zero     0x20006a42      0x2  SFCortex.o [1]
  .bss               zero     0x20006a44      0x2  SFCortex.o [1]
  .bss               zero     0x20006a46      0x2  SFCortex.o [1]
  .bss               zero     0x20006a48      0x2  SFCortex.o [1]
  .bss               zero     0x20006a4a      0x2  SFCortex.o [1]
  .bss               zero     0x20006a4c      0x2  SFCortex.o [1]
  .bss               zero     0x20006a4e      0x2  SFCortex.o [1]
  .bss               zero     0x20006a50      0x2  SFCortex.o [1]
  .bss               zero     0x20006a52      0x2  SFCortex.o [1]
  .bss               zero     0x20006a54      0x2  SFCortex.o [1]
  .bss               zero     0x20006a56      0x2  SFCortex.o [1]
  .bss               zero     0x20006a58      0x2  SFCortex.o [1]
  .bss               zero     0x20006a5a      0x2  SFCortex.o [1]
  .bss               zero     0x20006a5c      0x2  SFCortex.o [1]
  .bss               zero     0x20006a5e      0x2  SFCortex.o [1]
  .bss               zero     0x20006a60      0x2  XIOCortex.o [1]
  .bss               zero     0x20006a62      0x2  XIOCortex.o [1]
  .bss               zero     0x20006a64      0x2  XIOCortex.o [1]
  .bss               zero     0x20006a66      0x2  XIOCortex.o [1]
  .bss               zero     0x20006a68      0x2  XIOCortex.o [1]
  .bss               zero     0x20006a6a      0x2  XIOCortex.o [1]
  .bss               zero     0x20006a6c      0x2  XIOCortex.o [1]
  .bss               zero     0x20006a6e      0x2  XIOCortex.o [1]
  .bss               zero     0x20006a70      0x2  XIOCortex.o [1]
  .bss               zero     0x20006a72      0x2  XIOCortex.o [1]
  .bss               zero     0x20006a74      0x2  XIOCortex.o [1]
  .bss               zero     0x20006a76      0x2  XIOCortex.o [1]
  .bss               zero     0x20006a78      0x2  XIOCortex.o [1]
  .bss               zero     0x20006a7a      0x2  XIOCortex.o [1]
  .bss               zero     0x20006a7c      0x2  XIOCortex.o [1]
  .bss               zero     0x20006a7e      0x2  XIOCortex.o [1]
  .bss               zero     0x20006a80      0x2  XIOCortex.o [1]
  .bss               zero     0x20006a82      0x2  XIOCortex.o [1]
  .bss               zero     0x20006a84      0x2  XIOCortex.o [1]
  .bss               zero     0x20006a86      0x2  XIOCortex.o [1]
  .bss               zero     0x20006a88      0x2  XIOCortex.o [1]
  .bss               zero     0x20006a8a      0x2  XIOCortex.o [1]
  .bss               zero     0x20006a8c      0x2  XIOCortex.o [1]
  .bss               zero     0x20006a8e      0x2  XIOCortex.o [1]
  .bss               zero     0x20006a90      0x2  XIOCortex.o [1]
  .bss               zero     0x20006a92      0x2  XIOCortex.o [1]
  .bss               zero     0x20006a94      0x2  XIOCortex.o [1]
  .bss               zero     0x20006a96      0x2  XIOCortex.o [1]
  .bss               zero     0x20006a98      0x2  XIOCortex.o [1]
  .bss               zero     0x20006a9a      0x2  XIOCortex.o [1]
  .bss               zero     0x20006a9c      0x2  XIOCortex.o [1]
  .bss               zero     0x20006a9e      0x2  XIOCortex.o [1]
  .bss               zero     0x20006aa0      0x2  XIOCortex.o [1]
  .bss               zero     0x20006aa2      0x2  XIOCortex.o [1]
  .bss               zero     0x20006aa4      0x2  XIOCortex.o [1]
  .bss               zero     0x20006aa6      0x2  XIOCortex.o [1]
  .bss               zero     0x20006aa8      0x2  XIOCortex.o [1]
  .bss               zero     0x20006aaa      0x2  XIOCortex.o [1]
  .bss               zero     0x20006aac      0x2  XIOCortex.o [1]
  .bss               zero     0x20006aae      0x2  XIOCortex.o [1]
  .bss               zero     0x20006ab0      0x2  XIOCortex.o [1]
  .bss               zero     0x20006ab2      0x2  XIOCortex.o [1]
  .bss               zero     0x20006ab4      0x2  XIOCortex.o [1]
  .bss               zero     0x20006ab6      0x2  XIOCortex.o [1]
  .bss               zero     0x20006ab8      0x2  XIOCortex.o [1]
  .bss               zero     0x20006aba      0x1  CAN2Cortex.o [1]
  .bss               zero     0x20006abb      0x1  CAN2Cortex.o [1]
  .bss               zero     0x20006abc      0x1  CAN2Cortex.o [1]
  .bss               zero     0x20006abd      0x1  CAN2Cortex.o [1]
  .bss               zero     0x20006abe      0x1  CAN2Cortex.o [1]
  .bss               zero     0x20006abf      0x1  CAN2Cortex.o [1]
  .bss               zero     0x20006ac0      0x1  CAN2Cortex.o [1]
  .bss               zero     0x20006ac1      0x1  CAN2Cortex.o [1]
  .bss               zero     0x20006ac2      0x1  CAN2Cortex.o [1]
  .bss               zero     0x20006ac3      0x1  CAN2Cortex.o [1]
  .bss               zero     0x20006ac4      0x1  CAN2Cortex.o [1]
  .bss               zero     0x20006ac5      0x1  CAN2Cortex.o [1]
  .bss               zero     0x20006ac6      0x1  OSCortex.o [1]
  .bss               zero     0x20006ac7      0x1  OSCortex.o [1]
  .bss               zero     0x20006ac8      0x1  OSCortex.o [1]
  .bss               zero     0x20006ac9      0x1  OSCortex.o [1]
  .bss               zero     0x20006aca      0x1  SAEJ1939.o [1]
  .bss               zero     0x20006acb      0x1  SCI3Cortex.o [1]
  .bss               zero     0x20006acc      0x1  SCI3Cortex.o [1]
  .bss               zero     0x20006acd      0x1  SCI3Cortex.o [1]
                            - 0x20006ace   0x6ac2

"P2", part 3 of 3:                         0x1000
  CSTACK                      0x20006ad0   0x1000  <Block>
    CSTACK           uninit   0x20006ad0   0x1000  <Block tail>
                            - 0x20007ad0   0x1000


*******************************************************************************
*** INIT TABLE
***

          Address     Size
          -------     ----
Zero (__iar_zero_init3)
    1 destination range, total size 0x6ac2:
          0x2000000c  0x6ac2

Copy (__iar_copy_init3)
    1 source range, total size 0xc (120% of destination):
          0x0801508c     0xc
    1 destination range, total size 0xa:
          0x20000000     0xa



*******************************************************************************
*** MODULE SUMMARY
***

    Module                  ro code  ro data  rw data
    ------                  -------  -------  -------
E:\³ÌÐò¿â\TEST\4800\NewVerb\SoftGenSET00\Debug\Obj: [1]
    ASMCortex.o                 148
    CAN1Cortex.o              1 148               264
    CAN2Cortex.o              2 682             1 128
    CCPCortex.o                 144                16
    CTLCortex.o              13 596        2       78
    DBCortex.o                7 282             3 076
    FFTCortex.o               1 060       16      794
    FWCortex.o                2 168        4    5 668
    OSCortex.o                2 272      256      614
    RTCCortex.o                 300                 4
    SAEJ1939.o                1 836               269
    SCI2Cortex.o              1 280                52
    SCI3Cortex.o              1 856               281
    SCI4Cortex.o              1 284             1 052
    SFCortex.o               25 932    1 796      362
    XIOCortex.o              12 816            13 678
    arm_bitreversal2.o          106
    arm_cfft_f32.o            2 594
    arm_cfft_radix8_f32.o     2 420
    arm_common_tables.o                  624
    startup_stm32f10x_hd.o      368
    stm32f10x_it.o               12
    system_stm32f10x.o          344
    -------------------------------------------------
    Total:                   81 648    2 698   27 336

command line: [2]
    -------------------------------------------------
    Total:

dl7M_tlf.a: [3]
    exit.o                        4
    low_level_init.o              4
    -------------------------------------------------
    Total:                        8

m7M_tl.a: [4]
    FltAdd.o                    226
    FltCmpEq.o                   28
    FltDiv.o                    252
    FltMul.o                    216
    FltSub.o                    128
    FltToS32.o                   42
    S32ToFlt.o                   36
    U32ToFlt.o                   28
    -------------------------------------------------
    Total:                      956

rt7M_tl.a: [5]
    I64DivMod.o                 626
    I64DivZer.o                   2
    cexit.o                      10
    cmain.o                      30
    copy_init3.o                 44
    cstartup_M.o                 12
    data_init.o                  40
    zero_init3.o                 64
    -------------------------------------------------
    Total:                      828

shb_l.a: [6]
    exit.o                       20
    -------------------------------------------------
    Total:                       20

    Gaps                         20                 4
    Linker created                        38    4 096
-----------------------------------------------------
    Grand Total:             83 480    2 736   31 436


*******************************************************************************
*** ENTRY LIST
***

Entry                      Address    Size  Type      Object
-----                      -------    ----  ----      ------
.iar.init_table$$Base   0x08014ae8           --   Gb  - Linker created -
.iar.init_table$$Limit  0x08014b0c           --   Gb  - Linker created -
?main                   0x08014b0d          Code  Gb  cmain.o [5]
ADC1_2_IRQHandler       0x08010779     0xe  Code  Gb  FWCortex.o [1]
BusFault_Handler        0x0801507b     0x2  Code  Gb  stm32f10x_it.o [1]
CAN1BufInit             0x08011291    0x38  Code  Gb  CAN1Cortex.o [1]
CAN1GetMsgFmRxBuf       0x08011325    0x64  Code  Gb  CAN1Cortex.o [1]
CAN1HardInit            0x080113f7    0xba  Code  Gb  CAN1Cortex.o [1]
CAN1Init                0x08011089    0x18  Code  Gb  CAN1Cortex.o [1]
CAN1IsRxBufEmpty        0x080112c9    0x20  Code  Gb  CAN1Cortex.o [1]
CAN1PutMsgToTxBuf       0x08011389    0x6e  Code  Gb  CAN1Cortex.o [1]
CAN1PutRxMsgToBuf       0x080112e9    0x3c  Code  Gb  CAN1Cortex.o [1]
CAN1Rx1IntHook          0x08011153    0xdc  Code  Gb  CAN1Cortex.o [1]
CAN1SceIntHook          0x0801122f    0x62  Code  Gb  CAN1Cortex.o [1]
CAN1Start               0x080110a1    0x34  Code  Gb  CAN1Cortex.o [1]
CAN1TaskLoop            0x080110d5    0x7e  Code  Gb  CAN1Cortex.o [1]
CAN1_RX1_IRQHandler     0x0801087d    0x10  Code  Gb  FWCortex.o [1]
CAN1_SCE_IRQHandler     0x0801088d    0x10  Code  Gb  FWCortex.o [1]
CAN2BufInit             0x0800cef9    0x3e  Code  Gb  CAN2Cortex.o [1]
CAN2CheckEngTblTimeOut  0x0800c705    0x36  Code  Gb  CAN2Cortex.o [1]
CAN2GetCanSchedIsAlone  0x0800ce7f    0x44  Code  Gb  CAN2Cortex.o [1]
CAN2GetCanSchedIsHighest
                        0x0800cec3    0x24  Code  Gb  CAN2Cortex.o [1]
CAN2GetCanSchedToStop   0x0800cd4d   0x10e  Code  Gb  CAN2Cortex.o [1]
CAN2GetCanSchedToSwitch
                        0x0800ce5b    0x24  Code  Gb  CAN2Cortex.o [1]
CAN2GetEngState         0x0800c8df    0xf6  Code  Gb  CAN2Cortex.o [1]
CAN2GetMsgFmRxBuf       0x0800cf69    0x64  Code  Gb  CAN2Cortex.o [1]
CAN2HardInit            0x0800d0ad     0x2  Code  Gb  CAN2Cortex.o [1]
CAN2Init                0x0800c635    0x14  Code  Gb  CAN2Cortex.o [1]
CAN2IsRxBufEmpty        0x0800cf41    0x20  Code  Gb  CAN2Cortex.o [1]
CAN2ProcessEngTbl       0x0800c9d5   0x378  Code  Gb  CAN2Cortex.o [1]
CAN2PutMsgToTxBuf       0x0800cfcd    0x7a  Code  Gb  CAN2Cortex.o [1]
CAN2PutRxMsgToEngTbl    0x0800c73b    0xce  Code  Gb  CAN2Cortex.o [1]
CAN2SetupTxCanMsg       0x0800c809    0x20  Code  Gb  CAN2Cortex.o [1]
CAN2SetupTxEngTcb       0x0800c829    0xb6  Code  Gb  CAN2Cortex.o [1]
CAN2Start               0x0800c649    0x22  Code  Gb  CAN2Cortex.o [1]
CAN2TaskLoop            0x0800c66b    0x9a  Code  Gb  CAN2Cortex.o [1]
CCP10DecodeRxPar        0x08014337    0x4e  Code  Gb  CCPCortex.o [1]
CCP10FillMsgTxReq       0x080142fd    0x3a  Code  Gb  CCPCortex.o [1]
CSTACK$$Base            0x20006ad0           --   Gb  - Linker created -
CSTACK$$Limit           0x20007ad0           --   Gb  - Linker created -
CTLAvrTuner             0x20006710    0x14  Data  Gb  CTLCortex.o [1]
CTLCheckGensReadyToLoad
                        0x080097fb    0x16  Code  Gb  CTLCortex.o [1]
CTLCheckIsGensWorking   0x080098d7    0x7e  Code  Gb  CTLCortex.o [1]
CTLCheckIsMainVoltLost  0x08009955    0x14  Code  Gb  CTLCortex.o [1]
CTLCheckMainReadyToSync
                        0x08009811    0x16  Code  Gb  CTLCortex.o [1]
CTLCheckSyncCondition   0x08009827    0xb0  Code  Gb  CTLCortex.o [1]
CTLGetAmfCmdToStop      0x08009e25    0x3a  Code  Gb  CTLCortex.o [1]
CTLGetAmfGensSwOnCndt   0x08009f03     0xa  Code  Gb  CTLCortex.o [1]
CTLGetAmfMainSwOnCndt   0x08009f7d    0x1c  Code  Gb  CTLCortex.o [1]
CTLGetAmfPidMode        0x0800a083   0x154  Code  Gb  CTLCortex.o [1]
CTLGetAmfSysPhase       0x0800ae91   0x628  Code  Gb  CTLCortex.o [1]
CTLGetAmfSysPhase::usAmfTime
                        0x2000697c     0x2  Data  Lc  CTLCortex.o [1]
CTLGetAvrControl        0x08009b1f   0x13e  Code  Gb  CTLCortex.o [1]
CTLGetAvrControl::usAvrCtrl
                        0x20006978     0x2  Data  Lc  CTLCortex.o [1]
CTLGetCommonCmdToSwOn   0x080097e7    0x14  Code  Gb  CTLCortex.o [1]
CTLGetCommonErrToStop   0x08009729    0x58  Code  Gb  CTLCortex.o [1]
CTLGetCommonErrToWarn   0x08009781    0x66  Code  Gb  CTLCortex.o [1]
CTLGetEmergnErrToStop   0x08009703    0x26  Code  Gb  CTLCortex.o [1]
CTLGetFixPwrCmdToStop   0x08009e91    0x2e  Code  Gb  CTLCortex.o [1]
CTLGetFixPwrGensSwOnCndt
                        0x08009f2d    0x1c  Code  Gb  CTLCortex.o [1]
CTLGetFixPwrMainSwOnCndt
                        0x08009fb5    0x1c  Code  Gb  CTLCortex.o [1]
CTLGetFixPwrPidMode     0x0800a451   0x28c  Code  Gb  CTLCortex.o [1]
CTLGetFixPwrSysPhase    0x0800b4c9   0x514  Code  Gb  CTLCortex.o [1]
CTLGetFixPwrSysPhase::usFixPwrTime
                        0x2000697e     0x2  Data  Lc  CTLCortex.o [1]
CTLGetGensSwCtrl        0x080099a1    0x30  Code  Gb  CTLCortex.o [1]
CTLGetGensSwCtrl::usSwCtrl
                        0x20006974     0x2  Data  Lc  CTLCortex.o [1]
CTLGetGovControl        0x080099d1   0x14e  Code  Gb  CTLCortex.o [1]
CTLGetGovControl::usGovCtrl
                        0x20006976     0x2  Data  Lc  CTLCortex.o [1]
CTLGetIslandCmdToStop   0x08009e5f    0x2e  Code  Gb  CTLCortex.o [1]
CTLGetIslandGensSwOnCndt
                        0x08009f0d    0x20  Code  Gb  CTLCortex.o [1]
CTLGetIslandMainSwOnCndt
                        0x08009f99    0x1c  Code  Gb  CTLCortex.o [1]
CTLGetIslandPidMode     0x0800a1e5   0x254  Code  Gb  CTLCortex.o [1]
CTLGetIslandSysPhase    0x0800b9f9   0x6e4  Code  Gb  CTLCortex.o [1]
CTLGetIslandSysPhase::usIslandTime
                        0x20006980     0x2  Data  Lc  CTLCortex.o [1]
CTLGetLoadRampStepAct   0x08009c5d    0x26  Code  Gb  CTLCortex.o [1]
CTLGetLoadRampStepAct::uiLoadActResi
                        0x20006890     0x4  Data  Lc  CTLCortex.o [1]
CTLGetLoadRampStepRct   0x08009d25    0x26  Code  Gb  CTLCortex.o [1]
CTLGetLoadRampStepRct::uiLoadRctResi
                        0x20006894     0x4  Data  Lc  CTLCortex.o [1]
CTLGetLoadSetpRampAct   0x08009c83    0xa2  Code  Gb  CTLCortex.o [1]
CTLGetLoadSetpRampRct   0x08009d4b    0xa2  Code  Gb  CTLCortex.o [1]
CTLGetMainSwCtrl        0x08009969    0x38  Code  Gb  CTLCortex.o [1]
CTLGetMainSwCtrl::usSwCtrl
                        0x20000004     0x2  Data  Lc  CTLCortex.o [1]
CTLGetParallCmdToStop   0x08009ebf    0x3a  Code  Gb  CTLCortex.o [1]
CTLGetParallGensSwOnCndt
                        0x08009f49    0x30  Code  Gb  CTLCortex.o [1]
CTLGetParallMainSwOnCndt
                        0x08009fd5     0x4  Code  Gb  CTLCortex.o [1]
CTLGetParallPidMode     0x0800a6ed   0x2a4  Code  Gb  CTLCortex.o [1]
CTLGetParallSysPhase    0x0800c0f1   0x52e  Code  Gb  CTLCortex.o [1]
CTLGetParallSysPhase::usParallTime
                        0x20006982     0x2  Data  Lc  CTLCortex.o [1]
CTLGetSingleCmdToStop   0x08009df1    0x2e  Code  Gb  CTLCortex.o [1]
CTLGetSingleGensSwOnCndt
                        0x08009ef9     0xa  Code  Gb  CTLCortex.o [1]
CTLGetSingleMainSwOnCndt
                        0x08009f79     0x4  Code  Gb  CTLCortex.o [1]
CTLGetSinglePidMode     0x08009fd9    0xaa  Code  Gb  CTLCortex.o [1]
CTLGetSingleSysPhase    0x0800a991   0x4f8  Code  Gb  CTLCortex.o [1]
CTLGetSingleSysPhase::usSingleTime
                        0x2000697a     0x2  Data  Lc  CTLCortex.o [1]
CTLGetSysAutoOrManual   0x080096ef    0x14  Code  Gb  CTLCortex.o [1]
CTLGovTuner             0x200067b8    0x14  Data  Gb  CTLCortex.o [1]
CTLInit                 0x08009119    0x30  Code  Gb  CTLCortex.o [1]
CTLSysController        0x080092af   0x440  Code  Gb  CTLCortex.o [1]
CTLSysMonitor           0x08009149   0x166  Code  Gb  CTLCortex.o [1]
DBCheckCurve            0x08007805    0x68  Code  Gb  DBCortex.o [1]
DBCheckCurve16p         0x080082bf    0x30  Code  Gb  DBCortex.o [1]
DBCheckFunct            0x08007797    0x58  Code  Gb  DBCortex.o [1]
DBCheckFunct16p         0x0800812b    0x30  Code  Gb  DBCortex.o [1]
DBCheckHstry            0x0800787f    0x4c  Code  Gb  DBCortex.o [1]
DBCheckMeasu16p         0x08007fe9    0x30  Code  Gb  DBCortex.o [1]
DBCheckParam            0x0800689d    0xa0  Code  Gb  DBCortex.o [1]
DBCheckParam16p         0x08007e9d    0x30  Code  Gb  DBCortex.o [1]
DBCmdBufInit            0x08007ccb    0x20  Code  Gb  DBCortex.o [1]
DBEepCheckRecord        0x08007a19    0xb6  Code  Gb  DBCortex.o [1]
DBEepInitHstryBlock     0x08007973    0xa6  Code  Gb  DBCortex.o [1]
DBEepReadParam          0x080078ed    0x38  Code  Gb  DBCortex.o [1]
DBEepReadRecord         0x08007acf    0x26  Code  Gb  DBCortex.o [1]
DBEepWriteParam         0x08007925    0x4e  Code  Gb  DBCortex.o [1]
DBEepWriteRecord        0x08007af5    0x7c  Code  Gb  DBCortex.o [1]
DBFlashErasePage        0x08007bc5    0x50  Code  Gb  DBCortex.o [1]
DBFlashRead16p          0x08007cb3    0x18  Code  Gb  DBCortex.o [1]
DBFlashRead16u          0x08007cab     0x4  Code  Gb  DBCortex.o [1]
DBFlashRead32u          0x08007caf     0x4  Code  Gb  DBCortex.o [1]
DBFlashWrite16p         0x08007c7f    0x2c  Code  Gb  DBCortex.o [1]
DBFlashWrite16u         0x08007c15    0x42  Code  Gb  DBCortex.o [1]
DBFlashWrite32u         0x08007c57    0x28  Code  Gb  DBCortex.o [1]
DBGetBank1Status        0x08007b87    0x22  Code  Gb  DBCortex.o [1]
DBGetCurve08p           0x080081ab    0x42  Code  Gb  DBCortex.o [1]
DBGetCurve16p           0x08008173    0x38  Code  Gb  DBCortex.o [1]
DBGetCurve16u           0x0800815b    0x18  Code  Gb  DBCortex.o [1]
DBGetFunct08p           0x08008065    0x40  Code  Gb  DBCortex.o [1]
DBGetFunct16p           0x0800802f    0x36  Code  Gb  DBCortex.o [1]
DBGetFunct16u           0x08008019    0x16  Code  Gb  DBCortex.o [1]
DBGetMeasu08p           0x08007f1f    0x42  Code  Gb  DBCortex.o [1]
DBGetMeasu16p           0x08007ee7    0x38  Code  Gb  DBCortex.o [1]
DBGetMeasu16u           0x08007ecd    0x1a  Code  Gb  DBCortex.o [1]
DBGetParam08p           0x08007dd1    0x42  Code  Gb  DBCortex.o [1]
DBGetParam16p           0x08007d99    0x38  Code  Gb  DBCortex.o [1]
DBGetParam16u           0x08007d7f    0x1a  Code  Gb  DBCortex.o [1]
DBInit                  0x0800667d   0x150  Code  Gb  DBCortex.o [1]
DBInitDFlash            0x08007b71    0x16  Code  Gb  DBCortex.o [1]
DBResetCurve            0x0800786d    0x12  Code  Gb  DBCortex.o [1]
DBResetFunct            0x080077ef    0x10  Code  Gb  DBCortex.o [1]
DBResetHstry            0x080078cb    0x10  Code  Gb  DBCortex.o [1]
DBResetMeasu            0x080078db    0x12  Code  Gb  DBCortex.o [1]
DBResetParam            0x08006961   0xe36  Code  Gb  DBCortex.o [1]
DBSetCurve08p           0x08008281    0x3e  Code  Gb  DBCortex.o [1]
DBSetCurve16p           0x08008251    0x30  Code  Gb  DBCortex.o [1]
DBSetCurve16u           0x080081ed    0x1a  Code  Gb  DBCortex.o [1]
DBSetFunct08p           0x080080ed    0x3e  Code  Gb  DBCortex.o [1]
DBSetFunct16p           0x080080bd    0x30  Code  Gb  DBCortex.o [1]
DBSetFunct16u           0x080080a5    0x18  Code  Gb  DBCortex.o [1]
DBSetMeasu08p           0x08007fab    0x3e  Code  Gb  DBCortex.o [1]
DBSetMeasu16p           0x08007f7b    0x30  Code  Gb  DBCortex.o [1]
DBSetMeasu16u           0x08007f61    0x1a  Code  Gb  DBCortex.o [1]
DBSetParam08p           0x08007e5f    0x3e  Code  Gb  DBCortex.o [1]
DBSetParam16p           0x08007e2f    0x30  Code  Gb  DBCortex.o [1]
DBSetParam16u           0x08007e13    0x1c  Code  Gb  DBCortex.o [1]
DBStart                 0x080067cd     0x2  Code  Gb  DBCortex.o [1]
DBTaskLoop              0x080067cf    0xce  Code  Gb  DBCortex.o [1]
DBTskGetCmd             0x08007ceb    0x56  Code  Gb  DBCortex.o [1]
DBTskPutCmd             0x08007d41    0x3e  Code  Gb  DBCortex.o [1]
DBWaitBank1Complete     0x08007ba9    0x1c  Code  Gb  DBCortex.o [1]
DMA1_Channel1_IRQHandler
                        0x080107e9    0x10  Code  Gb  FWCortex.o [1]
DMA1_Channel2_IRQHandler
                        0x080107f9    0x10  Code  Gb  FWCortex.o [1]
DMA1_Channel3_IRQHandler
                        0x08010809    0x10  Code  Gb  FWCortex.o [1]
DMA1_Channel4_IRQHandler
                        0x08010819     0xc  Code  Gb  FWCortex.o [1]
DMA1_Channel5_IRQHandler
                        0x08010825     0xc  Code  Gb  FWCortex.o [1]
DMA1_Channel6_IRQHandler
                        0x08010831    0x10  Code  Gb  FWCortex.o [1]
DMA1_Channel7_IRQHandler
                        0x08010841    0x10  Code  Gb  FWCortex.o [1]
DMA2_Channel1_IRQHandler
                        0x08010851     0xe  Code  Gb  FWCortex.o [1]
DMA2_Channel2_IRQHandler
                        0x0801085f     0xe  Code  Gb  FWCortex.o [1]
DMA2_Channel3_IRQHandler
                        0x0801086d    0x10  Code  Gb  FWCortex.o [1]
DebugMon_Handler        0x0801507f     0x2  Code  Gb  stm32f10x_it.o [1]
EXTI0_IRQHandler        0x08010787     0xe  Code  Gb  FWCortex.o [1]
EXTI15_10_IRQHandler    0x080107db     0xe  Code  Gb  FWCortex.o [1]
EXTI1_IRQHandler        0x08010795     0xe  Code  Gb  FWCortex.o [1]
EXTI2_IRQHandler        0x080107a3     0xe  Code  Gb  FWCortex.o [1]
EXTI3_IRQHandler        0x080107b1     0xe  Code  Gb  FWCortex.o [1]
EXTI4_IRQHandler        0x080107bf     0xe  Code  Gb  FWCortex.o [1]
EXTI9_5_IRQHandler      0x080107cd     0xe  Code  Gb  FWCortex.o [1]
FFTCmdBufInit           0x08010e77    0x1e  Code  Gb  FFTCortex.o [1]
FFTCopy16sToCmplx       0x08010bef    0xec  Code  Gb  FFTCortex.o [1]
FFTDistortion16u        0x08010e45    0x32  Code  Gb  FFTCortex.o [1]
FFTGetCmdChar           0x08010ec5    0x66  Code  Gb  FFTCortex.o [1]
FFTInit                 0x08010b39    0x1c  Code  Gb  FFTCortex.o [1]
FFTPutCmdChar           0x08010e95    0x30  Code  Gb  FFTCortex.o [1]
FFTStart                0x08010b55     0x2  Code  Gb  FFTCortex.o [1]
FFTTaskLoop             0x08010b57    0x98  Code  Gb  FFTCortex.o [1]
FFTUpdateFilter         0x08010da9    0x9c  Code  Gb  FFTCortex.o [1]
FFTUpdateSpectrum       0x08010cdb    0xce  Code  Gb  FFTCortex.o [1]
FLASH_IRQHandler        0x08010755    0x12  Code  Gb  FWCortex.o [1]
FWCan1Task              0x08010427    0x16  Code  Gb  FWCortex.o [1]
FWCan1TaskStk           0x200044e4   0x200  Data  Gb  FWCortex.o [1]
FWCan2Task              0x0801043d    0x16  Code  Gb  FWCortex.o [1]
FWCan2TaskStk           0x200046e4   0x200  Data  Gb  FWCortex.o [1]
FWDbTask                0x08010495    0x18  Code  Gb  FWCortex.o [1]
FWDbTaskStk             0x20004ee4   0x200  Data  Gb  FWCortex.o [1]
FWFftTask               0x080104ad    0x18  Code  Gb  FWCortex.o [1]
FWFftTaskStk            0x2000100c   0x400  Data  Gb  FWCortex.o [1]
FWInit                  0x08010311    0x72  Code  Gb  FWCortex.o [1]
FWInitClkHSE            0x08010385     0x2  Code  Gb  FWCortex.o [1]
FWInitFLASH             0x08010389     0x2  Code  Gb  FWCortex.o [1]
FWInitPMC               0x08010387     0x2  Code  Gb  FWCortex.o [1]
FWInitRCC               0x08010383     0x2  Code  Gb  FWCortex.o [1]
FWIrqEnable             0x0801038b    0x20  Code  Gb  FWCortex.o [1]
FWSci2Task              0x08010453    0x16  Code  Gb  FWCortex.o [1]
FWSci2TaskStk           0x200048e4   0x200  Data  Gb  FWCortex.o [1]
FWSci3Task              0x08010469    0x16  Code  Gb  FWCortex.o [1]
FWSci3TaskStk           0x20004ae4   0x200  Data  Gb  FWCortex.o [1]
FWSci4Task              0x0801047f    0x16  Code  Gb  FWCortex.o [1]
FWSci4TaskStk           0x20004ce4   0x200  Data  Gb  FWCortex.o [1]
FWTimerHook             0x080103ab    0x3e  Code  Gb  FWCortex.o [1]
FWTimerHook::uiCount    0x20000000     0x4  Data  Lc  FWCortex.o [1]
FWWaitTaskSynchro       0x080103e9    0x28  Code  Gb  FWCortex.o [1]
FWXioTask               0x08010411    0x16  Code  Gb  FWCortex.o [1]
FWXioTaskStk            0x200042e4   0x200  Data  Gb  FWCortex.o [1]
HardFault_Handler       0x08015077     0x2  Code  Gb  stm32f10x_it.o [1]
I2C1_ER_IRQHandler      0x080109e1     0xe  Code  Gb  FWCortex.o [1]
I2C1_EV_IRQHandler      0x080109d3     0xe  Code  Gb  FWCortex.o [1]
I2C2_ER_IRQHandler      0x080109fd     0xe  Code  Gb  FWCortex.o [1]
I2C2_EV_IRQHandler      0x080109ef     0xe  Code  Gb  FWCortex.o [1]
MemManage_Handler       0x08015079     0x2  Code  Gb  stm32f10x_it.o [1]
NMI_Handler             0x08015075     0x2  Code  Gb  stm32f10x_it.o [1]
OSCheckStack            0x08008d13    0x32  Code  Gb  OSCortex.o [1]
OSCtxSw                 0x0800900f          Code  Gb  ASMCortex.o [1]
OSIdleTaskStk           0x200052e4   0x200  Data  Gb  FWCortex.o [1]
OSInit                  0x08008721   0x1a4  Code  Gb  OSCortex.o [1]
OSInitTimer             0x08008f79    0x1a  Code  Gb  OSCortex.o [1]
OSIntCtxSw              0x08009017          Code  Gb  ASMCortex.o [1]
OSIntEnter              0x0800893b    0x1a  Code  Gb  OSCortex.o [1]
OSIntExit               0x08008955    0x8e  Code  Gb  OSCortex.o [1]
OSIntSemPost            0x08008eeb    0x8e  Code  Gb  OSCortex.o [1]
OSIntTaskResume         0x08008c6b    0x6e  Code  Gb  OSCortex.o [1]
OSSched                 0x080088c5    0x76  Code  Gb  OSCortex.o [1]
OSSemCreate             0x08008d45    0x36  Code  Gb  OSCortex.o [1]
OSSemPend               0x08008d7b    0xde  Code  Gb  OSCortex.o [1]
OSSemPost               0x08008e59    0x92  Code  Gb  OSCortex.o [1]
OSStart                 0x080089e3    0x7a  Code  Gb  OSCortex.o [1]
OSStartHighRdy          0x0800901f          Code  Gb  ASMCortex.o [1]
OSStatInit              0x08008a5d    0x24  Code  Gb  OSCortex.o [1]
OSStatTaskStk           0x200050e4   0x200  Data  Gb  FWCortex.o [1]
OSTaskCreate            0x08008adf   0x104  Code  Gb  OSCortex.o [1]
OSTaskIdle              0x08008a81    0x10  Code  Gb  OSCortex.o [1]
OSTaskStat              0x080104c5   0x222  Code  Gb  FWCortex.o [1]
OSTaskSuspend           0x08008be3    0x88  Code  Gb  OSCortex.o [1]
OSTimeDly               0x08008cd9    0x3a  Code  Gb  OSCortex.o [1]
OSTimeTick              0x08008a91    0x4e  Code  Gb  OSCortex.o [1]
OS_CPU_SR_Restore       0x08009009          Code  Gb  ASMCortex.o [1]
OS_CPU_SR_Save          0x08009001          Code  Gb  ASMCortex.o [1]
PVD_IRQHandler          0x0801071f    0x12  Code  Gb  FWCortex.o [1]
PendSV_Handler          0x0800903b          Code  Gb  ASMCortex.o [1]
RCC_IRQHandler          0x08010767    0x12  Code  Gb  FWCortex.o [1]
RTCInit                 0x08010f5d   0x108  Code  Gb  RTCCortex.o [1]
RTC_IRQHandler          0x08010743    0x12  Code  Gb  FWCortex.o [1]
Region$$Table$$Base     0x08014ae8           --   Gb  - Linker created -
Region$$Table$$Limit    0x08014b0c           --   Gb  - Linker created -
SAECheckRxAllTimeOut    0x080131e9    0x4a  Code  Gb  SAEJ1939.o [1]
SAEInit                 0x080131d5    0x14  Code  Gb  SAEJ1939.o [1]
SAEProcessRxMsg         0x08013555   0x19a  Code  Gb  SAEJ1939.o [1]
SAEProcessTxMsg         0x080136ef    0x8e  Code  Gb  SAEJ1939.o [1]
SAERxPgnTblInit         0x08013233   0x2ac  Code  Gb  SAEJ1939.o [1]
SAETxPgnTblInit         0x080134df    0x76  Code  Gb  SAEJ1939.o [1]
SAEUpdateRxAMCON        0x08013783     0x2  Code  Gb  SAEJ1939.o [1]
SAEUpdateRxCCPPAR       0x080138f9     0x8  Code  Gb  SAEJ1939.o [1]
SAEUpdateRxCNFPACK      0x08013789     0x2  Code  Gb  SAEJ1939.o [1]
SAEUpdateRxCNFPBAM      0x08013787     0x2  Code  Gb  SAEJ1939.o [1]
SAEUpdateRxCRPRESS      0x080137a1     0x2  Code  Gb  SAEJ1939.o [1]
SAEUpdateRxDM1          0x08013793     0x2  Code  Gb  SAEJ1939.o [1]
SAEUpdateRxDM11ACK      0x08013799     0x2  Code  Gb  SAEJ1939.o [1]
SAEUpdateRxDM2          0x08013795     0x2  Code  Gb  SAEJ1939.o [1]
SAEUpdateRxDM4          0x08013797     0x2  Code  Gb  SAEJ1939.o [1]
SAEUpdateRxEEC1         0x0801377d     0x2  Code  Gb  SAEJ1939.o [1]
SAEUpdateRxEEC2         0x0801377f     0x2  Code  Gb  SAEJ1939.o [1]
SAEUpdateRxEEC3         0x08013781     0x2  Code  Gb  SAEJ1939.o [1]
SAEUpdateRxEFL          0x0801378f     0x2  Code  Gb  SAEJ1939.o [1]
SAEUpdateRxENGHOUR      0x0801379f     0x2  Code  Gb  SAEJ1939.o [1]
SAEUpdateRxENGTEMP      0x0801378b     0x2  Code  Gb  SAEJ1939.o [1]
SAEUpdateRxINCON        0x0801379b     0x2  Code  Gb  SAEJ1939.o [1]
SAEUpdateRxLFC          0x08013791     0x2  Code  Gb  SAEJ1939.o [1]
SAEUpdateRxLFE          0x0801378d     0x2  Code  Gb  SAEJ1939.o [1]
SAEUpdateRxVEHPOW       0x0801379d     0x2  Code  Gb  SAEJ1939.o [1]
SAEUpdateRxVEHSPD       0x08013785     0x2  Code  Gb  SAEJ1939.o [1]
SAEUpdateTxCCPREQ       0x080138f1     0x8  Code  Gb  SAEJ1939.o [1]
SAEUpdateTxPGNRQ        0x080137a3    0x94  Code  Gb  SAEJ1939.o [1]
SAEUpdateTxPGNRQ::ucSAETxFlagPGNRQ
                        0x20006aca     0x1  Data  Lc  SAEJ1939.o [1]
SCI2BufInit             0x080117e1    0x36  Code  Gb  SCI2Cortex.o [1]
SCI2Dma1Ch6IntHook      0x080117cb    0x16  Code  Gb  SCI2Cortex.o [1]
SCI2Dma1Ch7IntHook      0x080117b5    0x16  Code  Gb  SCI2Cortex.o [1]
SCI2GetChar             0x08011889    0x66  Code  Gb  SCI2Cortex.o [1]
SCI2GetTxChar           0x08011847    0x42  Code  Gb  SCI2Cortex.o [1]
SCI2HardInit            0x08011959    0x72  Code  Gb  SCI2Cortex.o [1]
SCI2Init                0x08011505    0x18  Code  Gb  SCI2Cortex.o [1]
SCI2OverTimerHook       0x080117b3     0x2  Code  Gb  SCI2Cortex.o [1]
SCI2PutChar             0x080118ef    0x6a  Code  Gb  SCI2Cortex.o [1]
SCI2PutRxChar           0x08011817    0x30  Code  Gb  SCI2Cortex.o [1]
SCI2Start               0x0801151d    0x4e  Code  Gb  SCI2Cortex.o [1]
SCI2TaskLoop            0x0801156b   0x1ea  Code  Gb  SCI2Cortex.o [1]
SCI2TxRxIntHook         0x08011755    0x5e  Code  Gb  SCI2Cortex.o [1]
SCI3Dma1Ch2IntHook      0x08011ebd    0x1e  Code  Gb  SCI3Cortex.o [1]
SCI3Dma1Ch3IntHook      0x08011edb    0x16  Code  Gb  SCI3Cortex.o [1]
SCI3HardInit            0x08011f97    0x7e  Code  Gb  SCI3Cortex.o [1]
SCI3Init                0x08011a05   0x24e  Code  Gb  SCI3Cortex.o [1]
SCI3InitOverTimer       0x08011ef1    0x48  Code  Gb  SCI3Cortex.o [1]
SCI3InitTxDma           0x08012015    0x20  Code  Gb  SCI3Cortex.o [1]
SCI3OverTimerHook       0x08011e17    0xa6  Code  Gb  SCI3Cortex.o [1]
SCI3SetOverTimer        0x08011f39    0x5e  Code  Gb  SCI3Cortex.o [1]
SCI3SetupTxDma          0x08012035    0x62  Code  Gb  SCI3Cortex.o [1]
SCI3Start               0x08011c53    0x60  Code  Gb  SCI3Cortex.o [1]
SCI3TaskLoop            0x08011cb3    0x6e  Code  Gb  SCI3Cortex.o [1]
SCI3TxRxIntHook         0x08011d21    0xf6  Code  Gb  SCI3Cortex.o [1]
SCI4Dma2Ch3IntHook      0x08012227    0x24  Code  Gb  SCI4Cortex.o [1]
SCI4HardInit            0x0801246b    0x6a  Code  Gb  SCI4Cortex.o [1]
SCI4Init                0x08012145    0x1c  Code  Gb  SCI4Cortex.o [1]
SCI4InitRxDma           0x0801255b    0x22  Code  Gb  SCI4Cortex.o [1]
SCI4InitTxDma           0x080124d5    0x22  Code  Gb  SCI4Cortex.o [1]
SCI4OverTimerHook       0x08012225     0x2  Code  Gb  SCI4Cortex.o [1]
SCI4ProcessMsg          0x0801224b   0x220  Code  Gb  SCI4Cortex.o [1]
SCI4SetupRxDma          0x0801257d    0x64  Code  Gb  SCI4Cortex.o [1]
SCI4SetupTxDma          0x080124f7    0x64  Code  Gb  SCI4Cortex.o [1]
SCI4Start               0x08012161    0x7e  Code  Gb  SCI4Cortex.o [1]
SCI4TaskLoop            0x080121df    0x44  Code  Gb  SCI4Cortex.o [1]
SCI4TxRxIntHook         0x08012223     0x2  Code  Gb  SCI4Cortex.o [1]
SFCheckMinMax32u        0x08000a1b    0xa6  Code  Gb  SFCortex.o [1]
SFCheckModMsgCrc        0x080002fd    0x40  Code  Gb  SFCortex.o [1]
SFCheckTime             0x0800013b    0x18  Code  Gb  SFCortex.o [1]
SFCheckToSaveHstry      0x08001b95    0xfe  Code  Gb  SFCortex.o [1]
SFCheckToSaveHstry::uiSum
                        0x200068ec     0x4  Data  Lc  SFCortex.o [1]
SFCopy16s               0x08000755    0x7e  Code  Gb  SFCortex.o [1]
SFFill16u               0x080007d3    0x5a  Code  Gb  SFCortex.o [1]
SFFill32f               0x0800082d    0x5a  Code  Gb  SFCortex.o [1]
SFGet1DMap10            0x08001169    0xbe  Code  Gb  SFCortex.o [1]
SFGet1DMapCst10         0x08001227    0xbe  Code  Gb  SFCortex.o [1]
SFGetAccKvarh           0x08001a59    0x40  Code  Gb  SFCortex.o [1]
SFGetAccKvarh::uiSum    0x200068e4     0x4  Data  Lc  SFCortex.o [1]
SFGetAccKwh             0x08001a19    0x40  Code  Gb  SFCortex.o [1]
SFGetAccKwh::uiSum      0x200068e0     0x4  Data  Lc  SFCortex.o [1]
SFGetAccRunTime         0x08001a99    0x2e  Code  Gb  SFCortex.o [1]
SFGetAccRunTime::uiSum  0x200068e8     0x4  Data  Lc  SFCortex.o [1]
SFGetAdcRef16u          0x08000ac1    0x14  Code  Gb  SFCortex.o [1]
SFGetAirHeaterActive    0x08006009    0xee  Code  Gb  SFCortex.o [1]
SFGetAirHeaterActive::usActive
                        0x20006a3e     0x2  Data  Lc  SFCortex.o [1]
SFGetAirHeaterActive::usTimer1
                        0x20006a3c     0x2  Data  Lc  SFCortex.o [1]
SFGetAve16s             0x08000985    0x96  Code  Gb  SFCortex.o [1]
SFGetCoolantFanActive   0x08006363    0x74  Code  Gb  SFCortex.o [1]
SFGetCoolantFanActive::usActive
                        0x20006a4a     0x2  Data  Lc  SFCortex.o [1]
SFGetCoolantFanActive::usTimer1
                        0x20006a48     0x2  Data  Lc  SFCortex.o [1]
SFGetCpuTemp            0x080016b7    0x2c  Code  Gb  SFCortex.o [1]
SFGetCrc16Code          0x080002ad    0x3e  Code  Gb  SFCortex.o [1]
SFGetEffAve             0x08000b53    0x9e  Code  Gb  SFCortex.o [1]
SFGetEngStsIdling       0x08005f71    0x46  Code  Gb  SFCortex.o [1]
SFGetEngStsIdling::uiCount
                        0x200068f8     0x4  Data  Lc  SFCortex.o [1]
SFGetEngStsRated        0x08005fbd    0x38  Code  Gb  SFCortex.o [1]
SFGetEngStsRated::uiCount
                        0x200068fc     0x4  Data  Lc  SFCortex.o [1]
SFGetEngStsRunning      0x08005f35    0x38  Code  Gb  SFCortex.o [1]
SFGetEngStsRunning::uiCount
                        0x200068f4     0x4  Data  Lc  SFCortex.o [1]
SFGetEngStsStopped      0x08005efd    0x38  Code  Gb  SFCortex.o [1]
SFGetEngStsStopped::uiCount
                        0x200068f0     0x4  Data  Lc  SFCortex.o [1]
SFGetErrorPidCtrl       0x080014bd    0x7c  Code  Gb  SFCortex.o [1]
SFGetFuelSupplyActive   0x08006335    0x2e  Code  Gb  SFCortex.o [1]
SFGetGensSwOffOutput    0x08006589    0x78  Code  Gb  SFCortex.o [1]
SFGetGensSwOffOutput::usCtrlOld
                        0x20006a5e     0x2  Data  Lc  SFCortex.o [1]
SFGetGensSwOffOutput::usOutput
                        0x20006a5c     0x2  Data  Lc  SFCortex.o [1]
SFGetGensSwOffOutput::usTimer1
                        0x20006a5a     0x2  Data  Lc  SFCortex.o [1]
SFGetGensSwOnOutput     0x0800651d    0x66  Code  Gb  SFCortex.o [1]
SFGetGensSwOnOutput::usCtrlOld
                        0x20000008     0x2  Data  Lc  SFCortex.o [1]
SFGetGensSwOnOutput::usOutput
                        0x20006a58     0x2  Data  Lc  SFCortex.o [1]
SFGetGensSwOnOutput::usTimer1
                        0x20006a56     0x2  Data  Lc  SFCortex.o [1]
SFGetMacAve             0x08000d65    0xde  Code  Gb  SFCortex.o [1]
SFGetMainSwOffOutput    0x08006499    0x78  Code  Gb  SFCortex.o [1]
SFGetMainSwOffOutput::usCtrlOld
                        0x20006a54     0x2  Data  Lc  SFCortex.o [1]
SFGetMainSwOffOutput::usOutput
                        0x20006a52     0x2  Data  Lc  SFCortex.o [1]
SFGetMainSwOffOutput::usTimer1
                        0x20006a50     0x2  Data  Lc  SFCortex.o [1]
SFGetMainSwOnOutput     0x08006433    0x66  Code  Gb  SFCortex.o [1]
SFGetMainSwOnOutput::usCtrlOld
                        0x20000006     0x2  Data  Lc  SFCortex.o [1]
SFGetMainSwOnOutput::usOutput
                        0x20006a4e     0x2  Data  Lc  SFCortex.o [1]
SFGetMainSwOnOutput::usTimer1
                        0x20006a4c     0x2  Data  Lc  SFCortex.o [1]
SFGetOilPumpActive      0x08006101    0xbc  Code  Gb  SFCortex.o [1]
SFGetOilPumpActive::usActive
                        0x20006a42     0x2  Data  Lc  SFCortex.o [1]
SFGetOilPumpActive::usTimer1
                        0x20006a40     0x2  Data  Lc  SFCortex.o [1]
SFGetPowerSpectrum      0x08000e43    0xee  Code  Gb  SFCortex.o [1]
SFGetReactPwrOfAct      0x08001681    0x36  Code  Gb  SFCortex.o [1]
SFGetSensorLevel        0x08001949    0xd0  Code  Gb  SFCortex.o [1]
SFGetSensorPres         0x08001819   0x130  Code  Gb  SFCortex.o [1]
SFGetSensorTemp         0x080016e3   0x130  Code  Gb  SFCortex.o [1]
SFGetSpeedRatedActive   0x080063dd    0x56  Code  Gb  SFCortex.o [1]
SFGetStarterActive      0x080061d1   0x150  Code  Gb  SFCortex.o [1]
SFGetStarterActive::usActive
                        0x20006a46     0x2  Data  Lc  SFCortex.o [1]
SFGetStarterActive::usTimer1
                        0x20006a44     0x2  Data  Lc  SFCortex.o [1]
SFGetSum16u             0x08000887    0x70  Code  Gb  SFCortex.o [1]
SFGetSum32f             0x080008f7    0x8e  Code  Gb  SFCortex.o [1]
SFHardFreqCheckPeriod   0x080013b7    0x16  Code  Gb  SFCortex.o [1]
SFHardFreqGetFreq       0x080013ad     0x4  Code  Gb  SFCortex.o [1]
SFHardFreqGetPeriod     0x080013b1     0x6  Code  Gb  SFCortex.o [1]
SFHardFreqGetPhsDiff    0x080013cd    0x2a  Code  Gb  SFCortex.o [1]
SFHardFreqInit          0x080012e5    0x38  Code  Gb  SFCortex.o [1]
SFHardFreqPutTime       0x08001333    0x7a  Code  Gb  SFCortex.o [1]
SFHardFreqRefresh       0x0800131d    0x16  Code  Gb  SFCortex.o [1]
SFI2tTimeOverCheck      0x0800160b    0x76  Code  Gb  SFCortex.o [1]
SFI2tTimeOverInit       0x080015a5    0x66  Code  Gb  SFCortex.o [1]
SFInit                  0x08000131     0xa  Code  Gb  SFCortex.o [1]
SFInterp16u             0x0800023b    0x72  Code  Gb  SFCortex.o [1]
SFModGetParams          0x0800036d    0x50  Code  Gb  SFCortex.o [1]
SFModSetParam           0x080003bd    0x50  Code  Gb  SFCortex.o [1]
SFModSetParams          0x0800040d    0x50  Code  Gb  SFCortex.o [1]
SFMonitorEepDataError   0x08005e85    0x78  Code  Gb  SFCortex.o [1]
SFMonitorEngFilter      0x08005c71    0x94  Code  Gb  SFCortex.o [1]
SFMonitorEngFilter::usTimer1
                        0x20006a3a     0x2  Data  Lc  SFCortex.o [1]
SFMonitorEngLevel       0x0800587d   0x184  Code  Gb  SFCortex.o [1]
SFMonitorEngLevel::usTimer1
                        0x20006a2c     0x2  Data  Lc  SFCortex.o [1]
SFMonitorEngLevel::usTimer2
                        0x20006a2e     0x2  Data  Lc  SFCortex.o [1]
SFMonitorEngPressure    0x08005709   0x16a  Code  Gb  SFCortex.o [1]
SFMonitorEngPressure::usStart
                        0x20006a24     0x2  Data  Lc  SFCortex.o [1]
SFMonitorEngPressure::usTimer1
                        0x20006a26     0x2  Data  Lc  SFCortex.o [1]
SFMonitorEngPressure::usTimer2
                        0x20006a28     0x2  Data  Lc  SFCortex.o [1]
SFMonitorEngPressure::usTimer3
                        0x20006a2a     0x2  Data  Lc  SFCortex.o [1]
SFMonitorEngSpeedDelta  0x08005299   0x160  Code  Gb  SFCortex.o [1]
SFMonitorEngSpeedDelta::usTimer1
                        0x20006a14     0x2  Data  Lc  SFCortex.o [1]
SFMonitorEngSpeedDelta::usTimer2
                        0x20006a16     0x2  Data  Lc  SFCortex.o [1]
SFMonitorEngSpeedHigh   0x08005095    0xf4  Code  Gb  SFCortex.o [1]
SFMonitorEngSpeedHigh::usTimer1
                        0x20006a0c     0x2  Data  Lc  SFCortex.o [1]
SFMonitorEngSpeedHigh::usTimer2
                        0x20006a0e     0x2  Data  Lc  SFCortex.o [1]
SFMonitorEngSpeedLow    0x0800518d   0x104  Code  Gb  SFCortex.o [1]
SFMonitorEngSpeedLow::usTimer1
                        0x20006a10     0x2  Data  Lc  SFCortex.o [1]
SFMonitorEngSpeedLow::usTimer2
                        0x20006a12     0x2  Data  Lc  SFCortex.o [1]
SFMonitorEngSpeedRamp   0x080053f9    0x82  Code  Gb  SFCortex.o [1]
SFMonitorEngSpeedRamp::usTimer1
                        0x20006a18     0x2  Data  Lc  SFCortex.o [1]
SFMonitorEngStopping    0x08005481    0x50  Code  Gb  SFCortex.o [1]
SFMonitorEngStopping::usTimer1
                        0x20006a1a     0x2  Data  Lc  SFCortex.o [1]
SFMonitorEngTemperature
                        0x080054e5   0x21c  Code  Gb  SFCortex.o [1]
SFMonitorEngTemperature::usTimer1
                        0x20006a1c     0x2  Data  Lc  SFCortex.o [1]
SFMonitorEngTemperature::usTimer2
                        0x20006a1e     0x2  Data  Lc  SFCortex.o [1]
SFMonitorEngTemperature::usTimer3
                        0x20006a20     0x2  Data  Lc  SFCortex.o [1]
SFMonitorEngTemperature::usTimer4
                        0x20006a22     0x2  Data  Lc  SFCortex.o [1]
SFMonitorEngVoltage     0x08005a0d   0x25a  Code  Gb  SFCortex.o [1]
SFMonitorEngVoltage::usStart
                        0x20006a30     0x2  Data  Lc  SFCortex.o [1]
SFMonitorEngVoltage::usTimer1
                        0x20006a32     0x2  Data  Lc  SFCortex.o [1]
SFMonitorEngVoltage::usTimer2
                        0x20006a34     0x2  Data  Lc  SFCortex.o [1]
SFMonitorEngVoltage::usTimer3
                        0x20006a36     0x2  Data  Lc  SFCortex.o [1]
SFMonitorEngVoltage::usTimer4
                        0x20006a38     0x2  Data  Lc  SFCortex.o [1]
SFMonitorGensActPwr     0x08004629   0x11a  Code  Gb  SFCortex.o [1]
SFMonitorGensActPwr::usTimer1
                        0x200069f6     0x2  Data  Lc  SFCortex.o [1]
SFMonitorGensAppPwr     0x0800484b    0xfc  Code  Gb  SFCortex.o [1]
SFMonitorGensAppPwr::usTimer1
                        0x200069fa     0x2  Data  Lc  SFCortex.o [1]
SFMonitorGensCurrLong   0x08004395   0x168  Code  Gb  SFCortex.o [1]
SFMonitorGensCurrLongInit
                        0x08004335    0x5a  Code  Gb  SFCortex.o [1]
SFMonitorGensCurrShort  0x08004035   0x300  Code  Gb  SFCortex.o [1]
SFMonitorGensCurrShort::usTimer1
                        0x200069ee     0x2  Data  Lc  SFCortex.o [1]
SFMonitorGensCurrShort::usTimer2
                        0x200069f0     0x2  Data  Lc  SFCortex.o [1]
SFMonitorGensCurrShort::usTimer3
                        0x200069f2     0x2  Data  Lc  SFCortex.o [1]
SFMonitorGensCurrUnb    0x080044fd   0x11e  Code  Gb  SFCortex.o [1]
SFMonitorGensCurrUnb::usTimer1
                        0x200069f4     0x2  Data  Lc  SFCortex.o [1]
SFMonitorGensFactor     0x08004a65   0x152  Code  Gb  SFCortex.o [1]
SFMonitorGensFactor::usTimer1
                        0x200069fe     0x2  Data  Lc  SFCortex.o [1]
SFMonitorGensFreq       0x08003c1d   0x224  Code  Gb  SFCortex.o [1]
SFMonitorGensFreq::usTimer1
                        0x200069e4     0x2  Data  Lc  SFCortex.o [1]
SFMonitorGensFreq::usTimer2
                        0x200069e6     0x2  Data  Lc  SFCortex.o [1]
SFMonitorGensFreq::usTimer3
                        0x200069e8     0x2  Data  Lc  SFCortex.o [1]
SFMonitorGensFreq::usTimer4
                        0x200069ea     0x2  Data  Lc  SFCortex.o [1]
SFMonitorGensInvPwr     0x0800494d   0x100  Code  Gb  SFCortex.o [1]
SFMonitorGensInvPwr::usTimer1
                        0x200069fc     0x2  Data  Lc  SFCortex.o [1]
SFMonitorGensMagLost    0x08004bbd   0x11e  Code  Gb  SFCortex.o [1]
SFMonitorGensMagLost::usTimer1
                        0x20006a00     0x2  Data  Lc  SFCortex.o [1]
SFMonitorGensPhase      0x08003e45   0x1a8  Code  Gb  SFCortex.o [1]
SFMonitorGensPhase::usTimer1
                        0x200069ec     0x2  Data  Lc  SFCortex.o [1]
SFMonitorGensReactPwr   0x08004749   0x102  Code  Gb  SFCortex.o [1]
SFMonitorGensReactPwr::usTimer1
                        0x200069f8     0x2  Data  Lc  SFCortex.o [1]
SFMonitorGensReadyToLoad
                        0x08004d7d   0x178  Code  Gb  SFCortex.o [1]
SFMonitorGensReadyToLoad::usTimer1
                        0x20006a04     0x2  Data  Lc  SFCortex.o [1]
SFMonitorGensReadyToLoad::usTimer2
                        0x20006a06     0x2  Data  Lc  SFCortex.o [1]
SFMonitorGensSyncTimeOver
                        0x08004cdb    0x94  Code  Gb  SFCortex.o [1]
SFMonitorGensSyncTimeOver::usTimer1
                        0x20006a02     0x2  Data  Lc  SFCortex.o [1]
SFMonitorGensVolt       0x0800369d   0x580  Code  Gb  SFCortex.o [1]
SFMonitorGensVolt::usTimer1
                        0x200069cc     0x2  Data  Lc  SFCortex.o [1]
SFMonitorGensVolt::usTimer10
                        0x200069de     0x2  Data  Lc  SFCortex.o [1]
SFMonitorGensVolt::usTimer11
                        0x200069e0     0x2  Data  Lc  SFCortex.o [1]
SFMonitorGensVolt::usTimer12
                        0x200069e2     0x2  Data  Lc  SFCortex.o [1]
SFMonitorGensVolt::usTimer2
                        0x200069ce     0x2  Data  Lc  SFCortex.o [1]
SFMonitorGensVolt::usTimer3
                        0x200069d0     0x2  Data  Lc  SFCortex.o [1]
SFMonitorGensVolt::usTimer4
                        0x200069d2     0x2  Data  Lc  SFCortex.o [1]
SFMonitorGensVolt::usTimer5
                        0x200069d4     0x2  Data  Lc  SFCortex.o [1]
SFMonitorGensVolt::usTimer6
                        0x200069d6     0x2  Data  Lc  SFCortex.o [1]
SFMonitorGensVolt::usTimer7
                        0x200069d8     0x2  Data  Lc  SFCortex.o [1]
SFMonitorGensVolt::usTimer8
                        0x200069da     0x2  Data  Lc  SFCortex.o [1]
SFMonitorGensVolt::usTimer9
                        0x200069dc     0x2  Data  Lc  SFCortex.o [1]
SFMonitorKeyAutoOrManual
                        0x08005e3d    0x44  Code  Gb  SFCortex.o [1]
SFMonitorKeyCmdToStop   0x08005d05    0x56  Code  Gb  SFCortex.o [1]
SFMonitorKeyCmdToSwOn   0x08005dc1    0x78  Code  Gb  SFCortex.o [1]
SFMonitorLoadSchedHigh  0x08004ef5    0xd0  Code  Gb  SFCortex.o [1]
SFMonitorLoadSchedHigh::usTimer1
                        0x20006a08     0x2  Data  Lc  SFCortex.o [1]
SFMonitorLoadSchedLow   0x08004fc5    0xd0  Code  Gb  SFCortex.o [1]
SFMonitorLoadSchedLow::usTimer1
                        0x20006a0a     0x2  Data  Lc  SFCortex.o [1]
SFMonitorMainCurrLongInit
                        0x080032cd    0x4e  Code  Gb  SFCortex.o [1]
SFMonitorMainFreq       0x08002f21   0x20a  Code  Gb  SFCortex.o [1]
SFMonitorMainFreq::usTimer1
                        0x200069bc     0x2  Data  Lc  SFCortex.o [1]
SFMonitorMainFreq::usTimer2
                        0x200069be     0x2  Data  Lc  SFCortex.o [1]
SFMonitorMainPhase      0x0800312b   0x194  Code  Gb  SFCortex.o [1]
SFMonitorMainPhase::usTimer1
                        0x200069c0     0x2  Data  Lc  SFCortex.o [1]
SFMonitorMainSynFreq    0x080034c1   0x11c  Code  Gb  SFCortex.o [1]
SFMonitorMainSynFreq::usTimer1
                        0x200069c6     0x2  Data  Lc  SFCortex.o [1]
SFMonitorMainSynFreq::usTimer2
                        0x200069c8     0x2  Data  Lc  SFCortex.o [1]
[...]
aSFLevelMap4Lvl         0x08014de8    0x14  Data  Gb  SFCortex.o [1]
aSFLevelMap5Adc         0x08014dfc    0x14  Data  Gb  SFCortex.o [1]
aSFLevelMap5Lvl         0x08014e10    0x14  Data  Gb  SFCortex.o [1]
aSFLevelMap6Adc         0x08014e24    0x14  Data  Gb  SFCortex.o [1]
aSFLevelMap6Lvl         0x08014e38    0x14  Data  Gb  SFCortex.o [1]
aSFLevelMap7Adc         0x08014e4c    0x14  Data  Gb  SFCortex.o [1]
aSFLevelMap7Lvl         0x08014e60    0x14  Data  Gb  SFCortex.o [1]
aSFPressMap0Adc         0x08014e74    0x14  Data  Gb  SFCortex.o [1]
aSFPressMap0Prs         0x08014e88    0x14  Data  Gb  SFCortex.o [1]
aSFPressMap10Adc        0x08015004    0x14  Data  Gb  SFCortex.o [1]
aSFPressMap10Prs        0x08015018    0x14  Data  Gb  SFCortex.o [1]
aSFPressMap11Adc        0x0801502c    0x14  Data  Gb  SFCortex.o [1]
aSFPressMap11Prs        0x08015040    0x14  Data  Gb  SFCortex.o [1]
aSFPressMap1Adc         0x08014e9c    0x14  Data  Gb  SFCortex.o [1]
aSFPressMap1Prs         0x08014eb0    0x14  Data  Gb  SFCortex.o [1]
aSFPressMap2Adc         0x08014ec4    0x14  Data  Gb  SFCortex.o [1]
aSFPressMap2Prs         0x08014ed8    0x14  Data  Gb  SFCortex.o [1]
aSFPressMap3Adc         0x08014eec    0x14  Data  Gb  SFCortex.o [1]
aSFPressMap3Prs         0x08014f00    0x14  Data  Gb  SFCortex.o [1]
aSFPressMap4Adc         0x08014f14    0x14  Data  Gb  SFCortex.o [1]
aSFPressMap4Prs         0x08014f28    0x14  Data  Gb  SFCortex.o [1]
aSFPressMap5Adc         0x08014f3c    0x14  Data  Gb  SFCortex.o [1]
aSFPressMap5Prs         0x08014f50    0x14  Data  Gb  SFCortex.o [1]
aSFPressMap6Adc         0x08014f64    0x14  Data  Gb  SFCortex.o [1]
aSFPressMap6Prs         0x08014f78    0x14  Data  Gb  SFCortex.o [1]
aSFPressMap7Adc         0x08014f8c    0x14  Data  Gb  SFCortex.o [1]
aSFPressMap7Prs         0x08014fa0    0x14  Data  Gb  SFCortex.o [1]
aSFPressMap8Adc         0x08014fb4    0x14  Data  Gb  SFCortex.o [1]
aSFPressMap8Prs         0x08014fc8    0x14  Data  Gb  SFCortex.o [1]
aSFPressMap9Adc         0x08014fdc    0x14  Data  Gb  SFCortex.o [1]
aSFPressMap9Prs         0x08014ff0    0x14  Data  Gb  SFCortex.o [1]
aSFTempMap0Adc          0x08014b54    0x14  Data  Gb  SFCortex.o [1]
aSFTempMap0Tmp          0x08014b68    0x14  Data  Gb  SFCortex.o [1]
aSFTempMap10Adc         0x08014ce4    0x14  Data  Gb  SFCortex.o [1]
aSFTempMap10Tmp         0x08014cf8    0x14  Data  Gb  SFCortex.o [1]
aSFTempMap11Adc         0x08014d0c    0x14  Data  Gb  SFCortex.o [1]
aSFTempMap11Tmp         0x08014d20    0x14  Data  Gb  SFCortex.o [1]
aSFTempMap1Adc          0x08014b7c    0x14  Data  Gb  SFCortex.o [1]
aSFTempMap1Tmp          0x08014b90    0x14  Data  Gb  SFCortex.o [1]
aSFTempMap2Adc          0x08014ba4    0x14  Data  Gb  SFCortex.o [1]
aSFTempMap2Tmp          0x08014bb8    0x14  Data  Gb  SFCortex.o [1]
aSFTempMap3Adc          0x08014bcc    0x14  Data  Gb  SFCortex.o [1]
aSFTempMap3Tmp          0x08014be0    0x14  Data  Gb  SFCortex.o [1]
aSFTempMap4Adc          0x08014bf4    0x14  Data  Gb  SFCortex.o [1]
aSFTempMap4Tmp          0x08014c08    0x14  Data  Gb  SFCortex.o [1]
aSFTempMap5Adc          0x08014c1c    0x14  Data  Gb  SFCortex.o [1]
aSFTempMap5Tmp          0x08014c30    0x14  Data  Gb  SFCortex.o [1]
aSFTempMap6Adc          0x08014c44    0x14  Data  Gb  SFCortex.o [1]
aSFTempMap6Tmp          0x08014c58    0x14  Data  Gb  SFCortex.o [1]
aSFTempMap7Adc          0x08014c6c    0x14  Data  Gb  SFCortex.o [1]
aSFTempMap7Tmp          0x08014c80    0x14  Data  Gb  SFCortex.o [1]
aSFTempMap8Adc          0x08014c94    0x14  Data  Gb  SFCortex.o [1]
aSFTempMap8Tmp          0x08014ca8    0x14  Data  Gb  SFCortex.o [1]
aSFTempMap9Adc          0x08014cbc    0x14  Data  Gb  SFCortex.o [1]
aSFTempMap9Tmp          0x08014cd0    0x14  Data  Gb  SFCortex.o [1]
armBitRevIndexTable64   0x080149e4    0x70  Data  Gb  arm_common_tables.o [1]
arm_bitreversal_32      0x08014275          Code  Gb  arm_bitreversal2.o [1]
arm_cfft_f32            0x08012f95    0xd6  Code  Gb  arm_cfft_f32.o [1]
arm_cfft_radix8by2_f32  0x08012649   0x288  Code  Gb  arm_cfft_f32.o [1]
arm_cfft_radix8by4_f32  0x080128d1   0x6c4  Code  Gb  arm_cfft_f32.o [1]
arm_cfft_sR_f32_len64   0x08015054    0x10  Data  Gb  FFTCortex.o [1]
arm_radix8_butterfly_f32
                        0x08013901   0x974  Code  Gb  arm_cfft_radix8_f32.o [1]
dbOSRdyIndex            0x200069a2     0x2  Data  Gb  OSCortex.o [1]
exit                    0x08014b2f     0x4  Code  Gb  exit.o [3]
fFFTDatBuffer           0x200040e4   0x200  Data  Gb  FFTCortex.o [1]
fFFTDatFilter           0x20005c20    0x80  Data  Gb  FFTCortex.o [1]
main                    0x080102c1    0x50  Code  Gb  FWCortex.o [1]
pOSEventFreeList        0x200068c0     0x4  Data  Gb  OSCortex.o [1]
pOSTCBCur               0x200068b8     0x4  Data  Gb  OSCortex.o [1]
pOSTCBFree              0x200068bc     0x4  Data  Gb  OSCortex.o [1]
pOSTCBHighRdy           0x200068b4     0x4  Data  Gb  OSCortex.o [1]
pOSTCBPrioTbl           0x200064a0    0x40  Data  Gb  OSCortex.o [1]
pXIOAdcDmaBuf           0x20006948     0x4  Data  Gb  XIOCortex.o [1]
pXIOFftDatBuf           0x2000694c     0x4  Data  Gb  XIOCortex.o [1]
sCAN1IntrRxMsg          0x20006820     0xc  Data  Gb  CAN1Cortex.o [1]
sCAN1RingBuf            0x20005a00    0xe0  Data  Gb  CAN1Cortex.o [1]
sCAN1TaskRxMsg          0x20006808     0xc  Data  Gb  CAN1Cortex.o [1]
sCAN1TaskTxMsg          0x20006814     0xc  Data  Gb  CAN1Cortex.o [1]
sCAN2EngTbl             0x20001fa4   0x320  Data  Gb  CAN2Cortex.o [1]
sCAN2RingBuf            0x20005728    0xf8  Data  Gb  CAN2Cortex.o [1]
sCAN2TaskRxMsg          0x2000682c     0xc  Data  Gb  CAN2Cortex.o [1]
sCAN2TaskTxMsg          0x20006838     0xc  Data  Gb  CAN2Cortex.o [1]
sCCP10RxPar             0x2000684c     0x8  Data  Gb  CCPCortex.o [1]
sCCP10TxReq             0x20006844     0x8  Data  Gb  CCPCortex.o [1]
sCTLKeyErrReset         0x20006854     0x8  Data  Gb  CTLCortex.o [1]
sDBCmdRingBuf           0x200066e0    0x18  Data  Gb  DBCortex.o [1]
sDBHstryBlck            0x200064e0    0x30  Data  Gb  DBCortex.o [1]
sFFTRingBuf             0x200067cc    0x14  Data  Gb  FFTCortex.o [1]
sOSEventTbl             0x20005ae0    0xc0  Data  Gb  OSCortex.o [1]
sOSTCBTbl               0x200054e4   0x140  Data  Gb  OSCortex.o [1]
sSAERxPgnTbl            0x20005910    0xf0  Data  Gb  SAEJ1939.o [1]
sSAETxPgnTbl            0x200066f8    0x18  Data  Gb  SAEJ1939.o [1]
sSCI2RingBuf            0x20006510    0x30  Data  Gb  SCI2Cortex.o [1]
sSCI3ModbusMsg          0x20005624   0x104  Data  Gb  SCI3Cortex.o [1]
sSFI2tGensCurrA         0x20006770    0x18  Data  Gb  SFCortex.o [1]
sSFI2tGensCurrB         0x20006788    0x18  Data  Gb  SFCortex.o [1]
sSFI2tGensCurrC         0x200067a0    0x18  Data  Gb  SFCortex.o [1]
sSFI2tMainCurrA         0x20006728    0x18  Data  Gb  SFCortex.o [1]
sSFI2tMainCurrB         0x20006740    0x18  Data  Gb  SFCortex.o [1]
sSFI2tMainCurrC         0x20006758    0x18  Data  Gb  SFCortex.o [1]
sXIOHardFreq0           0x20006540    0x2c  Data  Gb  XIOCortex.o [1]
sXIOHardFreq1           0x2000656c    0x2c  Data  Gb  XIOCortex.o [1]
sXIOSoftFreq0           0x200065c0    0x20  Data  Gb  XIOCortex.o [1]
sXIOSoftFreq1           0x200065e0    0x20  Data  Gb  XIOCortex.o [1]
sXIOSoftFreq2           0x20006600    0x20  Data  Gb  XIOCortex.o [1]
sXIOSoftFreq3           0x20006620    0x20  Data  Gb  XIOCortex.o [1]
sXIOSoftFreq4           0x20006640    0x20  Data  Gb  XIOCortex.o [1]
sXIOSoftFreq5           0x20006660    0x20  Data  Gb  XIOCortex.o [1]
sXIOSoftFreq6           0x20006680    0x20  Data  Gb  XIOCortex.o [1]
sXIOSoftFreq7           0x200066a0    0x20  Data  Gb  XIOCortex.o [1]
sXIOSoftFreq8           0x200066c0    0x20  Data  Gb  XIOCortex.o [1]
sXIOSpdPulse0           0x200067e0    0x14  Data  Gb  XIOCortex.o [1]
sXIOSpdPulse1           0x200067f4    0x14  Data  Gb  XIOCortex.o [1]
siXIOCrossMac12         0x20006904     0x4  Data  Gb  XIOCortex.o [1]
siXIOCrossMac45         0x20006908     0x4  Data  Gb  XIOCortex.o [1]
siXIOCrossMac78         0x2000690c     0x4  Data  Gb  XIOCortex.o [1]
siXIOGensActPA          0x20006910     0x4  Data  Gb  XIOCortex.o [1]
siXIOGensActPAll        0x2000691c     0x4  Data  Gb  XIOCortex.o [1]
siXIOGensActPB          0x20006914     0x4  Data  Gb  XIOCortex.o [1]
siXIOGensActPC          0x20006918     0x4  Data  Gb  XIOCortex.o [1]
ssFFTDatInput           0x20005ba0    0x80  Data  Gb  FFTCortex.o [1]
ssXIOAdcArray0          0x200025e4   0x300  Data  Gb  XIOCortex.o [1]
ssXIOAdcArray1          0x200028e4   0x300  Data  Gb  XIOCortex.o [1]
ssXIOAdcArray2          0x20002be4   0x300  Data  Gb  XIOCortex.o [1]
ssXIOAdcArray3          0x20002ee4   0x300  Data  Gb  XIOCortex.o [1]
ssXIOAdcArray4          0x200031e4   0x300  Data  Gb  XIOCortex.o [1]
ssXIOAdcArray5          0x200034e4   0x300  Data  Gb  XIOCortex.o [1]
ssXIOAdcArray6          0x200037e4   0x300  Data  Gb  XIOCortex.o [1]
ssXIOAdcArray7          0x20003ae4   0x300  Data  Gb  XIOCortex.o [1]
ssXIOAdcArray8          0x20003de4   0x300  Data  Gb  XIOCortex.o [1]
ssXIOAdcChDat0          0x20005ca0    0x80  Data  Gb  XIOCortex.o [1]
ssXIOAdcChDat1          0x20005d20    0x80  Data  Gb  XIOCortex.o [1]
ssXIOAdcChDat10         0x200061a0    0x80  Data  Gb  XIOCortex.o [1]
ssXIOAdcChDat11         0x20006220    0x80  Data  Gb  XIOCortex.o [1]
ssXIOAdcChDat12         0x200062a0    0x80  Data  Gb  XIOCortex.o [1]
ssXIOAdcChDat13         0x20006320    0x80  Data  Gb  XIOCortex.o [1]
ssXIOAdcChDat14         0x200063a0    0x80  Data  Gb  XIOCortex.o [1]
ssXIOAdcChDat15         0x20006420    0x80  Data  Gb  XIOCortex.o [1]
ssXIOAdcChDat2          0x20005da0    0x80  Data  Gb  XIOCortex.o [1]
ssXIOAdcChDat3          0x20005e20    0x80  Data  Gb  XIOCortex.o [1]
ssXIOAdcChDat4          0x20005ea0    0x80  Data  Gb  XIOCortex.o [1]
ssXIOAdcChDat5          0x20005f20    0x80  Data  Gb  XIOCortex.o [1]
ssXIOAdcChDat6          0x20005fa0    0x80  Data  Gb  XIOCortex.o [1]
ssXIOAdcChDat7          0x20006020    0x80  Data  Gb  XIOCortex.o [1]
ssXIOAdcChDat8          0x200060a0    0x80  Data  Gb  XIOCortex.o [1]
ssXIOAdcChDat9          0x20006120    0x80  Data  Gb  XIOCortex.o [1]
ssXIOHardPhsDiffer      0x20006ab4     0x2  Data  Gb  XIOCortex.o [1]
ssXIOSoftPhsDiffer      0x20006ab2     0x2  Data  Gb  XIOCortex.o [1]
twiddleCoef_64          0x0801438c   0x200  Data  Gb  arm_common_tables.o [1]
ucCAN2NumOfReady        0x20006aba     0x1  Data  Gb  CAN2Cortex.o [1]
ucCAN2NumOfStart        0x20006abb     0x1  Data  Gb  CAN2Cortex.o [1]
ucCAN2NumOfTotal        0x20006abd     0x1  Data  Gb  CAN2Cortex.o [1]
ucCAN2NumOfWork         0x20006abc     0x1  Data  Gb  CAN2Cortex.o [1]
ucCAN2PrioReadyHigh     0x20006ac1     0x1  Data  Gb  CAN2Cortex.o [1]
ucCAN2PrioReadyLow      0x20006ac0     0x1  Data  Gb  CAN2Cortex.o [1]
ucCAN2PrioStartHigh     0x20006abf     0x1  Data  Gb  CAN2Cortex.o [1]
ucCAN2PrioStartLow      0x20006abe     0x1  Data  Gb  CAN2Cortex.o [1]
ucCAN2PrioTotalHigh     0x20006ac5     0x1  Data  Gb  CAN2Cortex.o [1]
ucCAN2PrioTotalLow      0x20006ac4     0x1  Data  Gb  CAN2Cortex.o [1]
ucCAN2PrioWorkHigh      0x20006ac3     0x1  Data  Gb  CAN2Cortex.o [1]
ucCAN2PrioWorkLow       0x20006ac2     0x1  Data  Gb  CAN2Cortex.o [1]
ucOSIntNesting          0x20006ac7     0x1  Data  Gb  OSCortex.o [1]
ucOSPrioCur             0x20006ac8     0x1  Data  Gb  OSCortex.o [1]
ucOSPrioHighRdy         0x20006ac9     0x1  Data  Gb  OSCortex.o [1]
ucOSRunning             0x20006ac6     0x1  Data  Gb  OSCortex.o [1]
ucOSUnMapTbl            0x080146e4   0x100  Data  Gb  OSCortex.o [1]
ucSCI3CtrlStep          0x20006acb     0x1  Data  Gb  SCI3Cortex.o [1]
ucSCI3RxByteCnt         0x20006acc     0x1  Data  Gb  SCI3Cortex.o [1]
ucSCI3TxByteCnt         0x20006acd     0x1  Data  Gb  SCI3Cortex.o [1]
uiCAN1Status            0x2000685c     0x4  Data  Gb  CAN1Cortex.o [1]
uiCAN2Status            0x20006860     0x4  Data  Gb  CAN2Cortex.o [1]
uiCAN2SumReadyActRated  0x20006868     0x4  Data  Gb  CAN2Cortex.o [1]
uiCAN2SumReadyRctRated  0x2000687c     0x4  Data  Gb  CAN2Cortex.o [1]
uiCAN2SumStartActRated  0x2000686c     0x4  Data  Gb  CAN2Cortex.o [1]
uiCAN2SumStartRctRated  0x20006880     0x4  Data  Gb  CAN2Cortex.o [1]
uiCAN2SumTotalActRated  0x20006874     0x4  Data  Gb  CAN2Cortex.o [1]
uiCAN2SumTotalRctRated  0x20006888     0x4  Data  Gb  CAN2Cortex.o [1]
uiCAN2SumWorkActLoad    0x20006864     0x4  Data  Gb  CAN2Cortex.o [1]
uiCAN2SumWorkActRated   0x20006870     0x4  Data  Gb  CAN2Cortex.o [1]
uiCAN2SumWorkRctLoad    0x20006878     0x4  Data  Gb  CAN2Cortex.o [1]
uiCAN2SumWorkRctRated   0x20006884     0x4  Data  Gb  CAN2Cortex.o [1]
uiCTLStatus             0x2000688c     0x4  Data  Gb  CTLCortex.o [1]
uiDBStatus              0x20006898     0x4  Data  Gb  DBCortex.o [1]
uiFFTStatus             0x2000689c     0x4  Data  Gb  FFTCortex.o [1]
uiFWStatus              0x200068a0     0x4  Data  Gb  FWCortex.o [1]
uiFWSynchro             0x200068a4     0x4  Data  Gb  FWCortex.o [1]
uiOSIdleCtr             0x200068ac     0x4  Data  Gb  OSCortex.o [1]
uiOSIdleCtrMax          0x200068a8     0x4  Data  Gb  OSCortex.o [1]
uiOSTime                0x200068b0     0x4  Data  Gb  OSCortex.o [1]
uiRTCStatus             0x200068c4     0x4  Data  Gb  RTCCortex.o [1]
uiSAEStatus             0x200068c8     0x4  Data  Gb  SAEJ1939.o [1]
uiSCI2Status            0x200068cc     0x4  Data  Gb  SCI2Cortex.o [1]
uiSCI3BaudRate          0x200068d4     0x4  Data  Gb  SCI3Cortex.o [1]
uiSCI3Status            0x200068d0     0x4  Data  Gb  SCI3Cortex.o [1]
uiSCI4Status            0x200068d8     0x4  Data  Gb  SCI4Cortex.o [1]
uiSFStatus              0x200068dc     0x4  Data  Gb  SFCortex.o [1]
uiXIOAdcRefSum0         0x20006950     0x4  Data  Gb  XIOCortex.o [1]
uiXIOAdcRefSum1         0x20006954     0x4  Data  Gb  XIOCortex.o [1]
uiXIOAdcRefSum2         0x20006958     0x4  Data  Gb  XIOCortex.o [1]
uiXIOAdcRefSum3         0x2000695c     0x4  Data  Gb  XIOCortex.o [1]
uiXIOAdcRefSum4         0x20006960     0x4  Data  Gb  XIOCortex.o [1]
uiXIOAdcRefSum5         0x20006964     0x4  Data  Gb  XIOCortex.o [1]
uiXIOAdcRefSum6         0x20006968     0x4  Data  Gb  XIOCortex.o [1]
uiXIOAdcRefSum7         0x2000696c     0x4  Data  Gb  XIOCortex.o [1]
uiXIOAdcRefSum8         0x20006970     0x4  Data  Gb  XIOCortex.o [1]
uiXIOGensActPrd         0x20006934     0x4  Data  Gb  XIOCortex.o [1]
uiXIOHardPrdGensA       0x20006938     0x4  Data  Gb  XIOCortex.o [1]
uiXIOHardPrdMainA       0x20006924     0x4  Data  Gb  XIOCortex.o [1]
uiXIOMainActPrd         0x20006920     0x4  Data  Gb  XIOCortex.o [1]
uiXIOSoftPrdGensA       0x2000693c     0x4  Data  Gb  XIOCortex.o [1]
uiXIOSoftPrdGensB       0x20006940     0x4  Data  Gb  XIOCortex.o [1]
uiXIOSoftPrdGensC       0x20006944     0x4  Data  Gb  XIOCortex.o [1]
uiXIOSoftPrdMainA       0x20006928     0x4  Data  Gb  XIOCortex.o [1]
uiXIOSoftPrdMainB       0x2000692c     0x4  Data  Gb  XIOCortex.o [1]
uiXIOSoftPrdMainC       0x20006930     0x4  Data  Gb  XIOCortex.o [1]
uiXIOStatus             0x20006900     0x4  Data  Gb  XIOCortex.o [1]
usFFTCalcTime           0x20006984     0x2  Data  Gb  FFTCortex.o [1]
usFW100msTimer          0x20006988     0x2  Data  Gb  FWCortex.o [1]
usFW5msTimer            0x20006986     0x2  Data  Gb  FWCortex.o [1]
usFWCan1StackUsage      0x2000698c     0x2  Data  Gb  FWCortex.o [1]
usFWCan2StackUsage      0x2000698e     0x2  Data  Gb  FWCortex.o [1]
usFWDbStackUsage        0x20006996     0x2  Data  Gb  FWCortex.o [1]
usFWFftStackUsage       0x20006998     0x2  Data  Gb  FWCortex.o [1]
usFWSci2StackUsage      0x20006990     0x2  Data  Gb  FWCortex.o [1]
usFWSci3StackUsage      0x20006992     0x2  Data  Gb  FWCortex.o [1]
usFWSci4StackUsage      0x20006994     0x2  Data  Gb  FWCortex.o [1]
usFWXioStackUsage       0x2000698a     0x2  Data  Gb  FWCortex.o [1]
usOSCPUUsage            0x2000699e     0x2  Data  Gb  OSCortex.o [1]
usOSIdleStackUsage      0x2000699c     0x2  Data  Gb  FWCortex.o [1]
usOSStatStackUsage      0x2000699a     0x2  Data  Gb  FWCortex.o [1]
usOSTimeOverCnt         0x200069a0     0x2  Data  Gb  OSCortex.o [1]
usSCI3OverTime1P5       0x200069a4     0x2  Data  Gb  SCI3Cortex.o [1]
usSCI3OverTime2P0       0x200069a6     0x2  Data  Gb  SCI3Cortex.o [1]
usSCI3OverTime2P5       0x200069a8     0x2  Data  Gb  SCI3Cortex.o [1]
usSCI3OverTime4P0       0x200069aa     0x2  Data  Gb  SCI3Cortex.o [1]
usSCI3OverTime4P5       0x200069ac     0x2  Data  Gb  SCI3Cortex.o [1]
usXIOAdcChEff0          0x20006a74     0x2  Data  Gb  XIOCortex.o [1]
usXIOAdcChEff03         0x20006a86     0x2  Data  Gb  XIOCortex.o [1]
usXIOAdcChEff036        0x20006a8c     0x2  Data  Gb  XIOCortex.o [1]
usXIOAdcChEff06         0x20006a88     0x2  Data  Gb  XIOCortex.o [1]
usXIOAdcChEff1          0x20006a76     0x2  Data  Gb  XIOCortex.o [1]
usXIOAdcChEff14         0x20006a8e     0x2  Data  Gb  XIOCortex.o [1]
usXIOAdcChEff147        0x20006a94     0x2  Data  Gb  XIOCortex.o [1]
usXIOAdcChEff17         0x20006a90     0x2  Data  Gb  XIOCortex.o [1]
usXIOAdcChEff2          0x20006a78     0x2  Data  Gb  XIOCortex.o [1]
usXIOAdcChEff3          0x20006a7a     0x2  Data  Gb  XIOCortex.o [1]
usXIOAdcChEff36         0x20006a8a     0x2  Data  Gb  XIOCortex.o [1]
usXIOAdcChEff4          0x20006a7c     0x2  Data  Gb  XIOCortex.o [1]
usXIOAdcChEff47         0x20006a92     0x2  Data  Gb  XIOCortex.o [1]
usXIOAdcChEff5          0x20006a7e     0x2  Data  Gb  XIOCortex.o [1]
usXIOAdcChEff6          0x20006a80     0x2  Data  Gb  XIOCortex.o [1]
usXIOAdcChEff7          0x20006a82     0x2  Data  Gb  XIOCortex.o [1]
usXIOAdcChEff8          0x20006a84     0x2  Data  Gb  XIOCortex.o [1]
usXIOAdcChRef0          0x20006a62     0x2  Data  Gb  XIOCortex.o [1]
usXIOAdcChRef1          0x20006a64     0x2  Data  Gb  XIOCortex.o [1]
usXIOAdcChRef2          0x20006a66     0x2  Data  Gb  XIOCortex.o [1]
usXIOAdcChRef3          0x20006a68     0x2  Data  Gb  XIOCortex.o [1]
usXIOAdcChRef4          0x20006a6a     0x2  Data  Gb  XIOCortex.o [1]
usXIOAdcChRef5          0x20006a6c     0x2  Data  Gb  XIOCortex.o [1]
usXIOAdcChRef6          0x20006a6e     0x2  Data  Gb  XIOCortex.o [1]
usXIOAdcChRef7          0x20006a70     0x2  Data  Gb  XIOCortex.o [1]
usXIOAdcChRef8          0x20006a72     0x2  Data  Gb  XIOCortex.o [1]
usXIOAdcDmaBuf0         0x2000000c   0x800  Data  Gb  XIOCortex.o [1]
usXIOAdcDmaBuf1         0x2000080c   0x800  Data  Gb  XIOCortex.o [1]
usXIOCalcTime           0x20006a60     0x2  Data  Gb  XIOCortex.o [1]
usXIOGensSmpSiz         0x20006ab8     0x2  Data  Gb  XIOCortex.o [1]
usXIOHardFreqGensA      0x20006aa4     0x2  Data  Gb  XIOCortex.o [1]
usXIOHardFreqMainA      0x20006a96     0x2  Data  Gb  XIOCortex.o [1]
usXIOMainSmpSiz         0x20006ab6     0x2  Data  Gb  XIOCortex.o [1]
usXIOSoftFreqGensA      0x20006aa6     0x2  Data  Gb  XIOCortex.o [1]
usXIOSoftFreqGensB      0x20006aa8     0x2  Data  Gb  XIOCortex.o [1]
usXIOSoftFreqGensC      0x20006aaa     0x2  Data  Gb  XIOCortex.o [1]
usXIOSoftFreqMainA      0x20006a98     0x2  Data  Gb  XIOCortex.o [1]
usXIOSoftFreqMainB      0x20006a9a     0x2  Data  Gb  XIOCortex.o [1]
usXIOSoftFreqMainC      0x20006a9c     0x2  Data  Gb  XIOCortex.o [1]
usXIOSoftPhsGensA       0x20006aac     0x2  Data  Gb  XIOCortex.o [1]
usXIOSoftPhsGensB       0x20006aae     0x2  Data  Gb  XIOCortex.o [1]
usXIOSoftPhsGensC       0x20006ab0     0x2  Data  Gb  XIOCortex.o [1]
usXIOSoftPhsMainA       0x20006a9e     0x2  Data  Gb  XIOCortex.o [1]
usXIOSoftPhsMainB       0x20006aa0     0x2  Data  Gb  XIOCortex.o [1]
usXIOSoftPhsMainC       0x20006aa2     0x2  Data  Gb  XIOCortex.o [1]


[1] = E:\³ÌÐò¿â\TEST\4800\NewVerb\SoftGenSET00\Debug\Obj
[2] = command line
[3] = dl7M_tlf.a
[4] = m7M_tl.a
[5] = rt7M_tl.a
[6] = shb_l.a

  83 480 bytes of readonly  code memory
   2 736 bytes of readonly  data memory
  31 436 bytes of readwrite data memory

Errors: none
Warnings: none
