###############################################################################
#
# IAR ELF Linker V7.40.1.8447/W32 for ARM                 17/Aug/2018  13:22:54
# Copyright 2007-2015 IAR Systems AB.
#
#    Output file  =  E:\SoftWare\SoftGenSet001\Debug\Exe\GenSet001.out
#    Map file     =  E:\SoftWare\SoftGenSet001\Debug\List\GenSet001.map
#    Command line =  
#        E:\SoftWare\SoftGenSet001\Debug\Obj\arm_bitreversal2.o
#        E:\SoftWare\SoftGenSet001\Debug\Obj\arm_cfft_f32.o
#        E:\SoftWare\SoftGenSet001\Debug\Obj\arm_cfft_radix8_f32.o
#        E:\SoftWare\SoftGenSet001\Debug\Obj\arm_common_tables.o
#        E:\SoftWare\SoftGenSet001\Debug\Obj\ASMCortex.o
#        E:\SoftWare\SoftGenSet001\Debug\Obj\CAN1Cortex.o
#        E:\SoftWare\SoftGenSet001\Debug\Obj\CAN2Cortex.o
#        E:\SoftWare\SoftGenSet001\Debug\Obj\CCPCortex.o
#        E:\SoftWare\SoftGenSet001\Debug\Obj\CTLCortex.o
#        E:\SoftWare\SoftGenSet001\Debug\Obj\DBCortex.o
#        E:\SoftWare\SoftGenSet001\Debug\Obj\FFTCortex.o
#        E:\SoftWare\SoftGenSet001\Debug\Obj\FWCortex.o
#        E:\SoftWare\SoftGenSet001\Debug\Obj\LCDCortex.o
#        E:\SoftWare\SoftGenSet001\Debug\Obj\OSCortex.o
#        E:\SoftWare\SoftGenSet001\Debug\Obj\RTCCortex.o
#        E:\SoftWare\SoftGenSet001\Debug\Obj\SAEJ1939.o
#        E:\SoftWare\SoftGenSet001\Debug\Obj\SCI1Cortex.o
#        E:\SoftWare\SoftGenSet001\Debug\Obj\SCI2Cortex.o
#        E:\SoftWare\SoftGenSet001\Debug\Obj\SCI3Cortex.o
#        E:\SoftWare\SoftGenSet001\Debug\Obj\SCI4Cortex.o
#        E:\SoftWare\SoftGenSet001\Debug\Obj\SCI5Cortex.o
#        E:\SoftWare\SoftGenSet001\Debug\Obj\SFCortex.o
#        E:\SoftWare\SoftGenSet001\Debug\Obj\SPI1Cortex.o
#        E:\SoftWare\SoftGenSet001\Debug\Obj\SPI2Cortex.o
#        E:\SoftWare\SoftGenSet001\Debug\Obj\SPI3Cortex.o
#        E:\SoftWare\SoftGenSet001\Debug\Obj\startup_stm32f105xc.o
#        E:\SoftWare\SoftGenSet001\Debug\Obj\system_stm32f10x.o
#        E:\SoftWare\SoftGenSet001\Debug\Obj\XIOCortex.o -o
#        E:\SoftWare\SoftGenSet001\Debug\Exe\GenSet001.out --map
#        E:\SoftWare\SoftGenSet001\Debug\List\GenSet001.map --config
#        "D:\Program Files\IAR Systems\arm\config\linker\ST\stm32f105xC.icf"
#        --semihosting --entry __iar_program_start --vfe
#
###############################################################################

*******************************************************************************
*** RUNTIME MODEL ATTRIBUTES
***

CppFlavor       = *
__SystemLibrary = DLib


*******************************************************************************
*** PLACEMENT SUMMARY
***

"A1":  place at 0x08000000 { ro section .intvec };
"P1":  place in [from 0x08000000 to 0x0803ffff] { ro };
"P2":  place in [from 0x20000000 to 0x2000ffff] { rw, block CSTACK, block HEAP };

  Section            Kind        Address     Size  Object
  -------            ----        -------     ----  ------
"A1":                                       0x150
  .intvec            ro code  0x08000000    0x150  startup_stm32f105xc.o [1]
                            - 0x08000150    0x150

"P1":                                     0x1a05c
  .text              ro code  0x08000150   0x7a98  SFCortex.o [1]
  .text              ro code  0x08007be8   0x1d7c  DBCortex.o [1]
  .text              ro code  0x08009964     0x84  FltAdd.o [4]
  .text              ro code  0x080099e8     0xd8  FltMul.o [4]
  .text              ro code  0x08009ac0    0x132  I64DivMod.o [5]
  .text              ro code  0x08009bf2     0x22  zero_init3.o [5]
  .text              ro code  0x08009c14   0x1658  CAN2Cortex.o [1]
  .text              ro code  0x0800b26c    0x9d4  FWCortex.o [1]
  .text              ro code  0x0800bc40    0x850  SCI3Cortex.o [1]
  .text              ro code  0x0800c490    0x64c  SCI4Cortex.o [1]
  .text              ro code  0x0800cadc   0x3a6c  XIOCortex.o [1]
  .text              ro code  0x08010548    0x8a4  OSCortex.o [1]
  CODE               ro code  0x08010dec     0x94  ASMCortex.o [1]
  .text              ro code  0x08010e80     0xe6  FltSub.o [4]
  .text              ro code  0x08010f68      0x2  I64DivZer.o [5]
  .text              ro code  0x08010f6c    0x134  RTCCortex.o [1]
  .text              ro code  0x080110a0    0x8cc  CAN1Cortex.o [1]
  .text              ro code  0x0801196c    0x6fc  SCI1Cortex.o [1]
  .text              ro code  0x08012068    0x4ec  SCI2Cortex.o [1]
  .text              ro code  0x08012554    0x428  FFTCortex.o [1]
  .text              ro code  0x0801297c   0x4a7c  CTLCortex.o [1]
  .text              ro code  0x080173f8    0x9d8  SAEJ1939.o [1]
  .text              ro code  0x08017dd0    0xa50  arm_cfft_f32.o [1]
  .text              ro code  0x08018820     0x32  I32ToFlt.o [4]
  .text              ro code  0x08018854     0x1c  FltCmpEq.o [4]
  .text              ro code  0x08018870     0xfc  FltDiv.o [4]
  .text              ro code  0x0801896c     0x44  FltToS32.o [4]
  .text              ro code  0x080189b0     0x8c  CCPCortex.o [1]
  .text              ro code  0x08018a3c    0x9d8  arm_cfft_radix8_f32.o [1]
  .text              ro code  0x08019414     0x6a  arm_bitreversal2.o [1]
  .rodata            const    0x08019480    0x200  arm_common_tables.o [1]
  .text              ro code  0x08019680    0x1a4  system_stm32f10x.o [1]
  .rodata            const    0x08019824    0x100  OSCortex.o [1]
  .rodata            const    0x08019924    0x100  SFCortex.o [1]
  .rodata            const    0x08019a24    0x100  SFCortex.o [1]
  .rodata            const    0x08019b24     0x70  arm_common_tables.o [1]
  .text              ro code  0x08019b94     0x2c  copy_init3.o [5]
  .text              ro code  0x08019bc0     0x28  data_init.o [5]
  .iar.init_table    const    0x08019be8     0x24  - Linker created -
  .text              ro code  0x08019c0c     0x1a  cmain.o [5]
  .text              ro code  0x08019c26      0x4  low_level_init.o [3]
  .text              ro code  0x08019c2a      0x4  exit.o [3]
  .text              ro code  0x08019c30      0xa  cexit.o [5]
  .text              ro code  0x08019c3c     0x14  exit.o [6]
  .rodata            const    0x08019c50     0x14  SFCortex.o [1]
  .rodata            const    0x08019c64     0x14  SFCortex.o [1]
  .rodata            const    0x08019c78     0x14  SFCortex.o [1]
  .rodata            const    0x08019c8c     0x14  SFCortex.o [1]
  .rodata            const    0x08019ca0     0x14  SFCortex.o [1]
  .rodata            const    0x08019cb4     0x14  SFCortex.o [1]
  .rodata            const    0x08019cc8     0x14  SFCortex.o [1]
  .rodata            const    0x08019cdc     0x14  SFCortex.o [1]
  .rodata            const    0x08019cf0     0x14  SFCortex.o [1]
  .rodata            const    0x08019d04     0x14  SFCortex.o [1]
  .rodata            const    0x08019d18     0x14  SFCortex.o [1]
  .rodata            const    0x08019d2c     0x14  SFCortex.o [1]
  .rodata            const    0x08019d40     0x14  SFCortex.o [1]
  .rodata            const    0x08019d54     0x14  SFCortex.o [1]
  .rodata            const    0x08019d68     0x14  SFCortex.o [1]
  .rodata            const    0x08019d7c     0x14  SFCortex.o [1]
  .rodata            const    0x08019d90     0x14  SFCortex.o [1]
  .rodata            const    0x08019da4     0x14  SFCortex.o [1]
  .rodata            const    0x08019db8     0x14  SFCortex.o [1]
  .rodata            const    0x08019dcc     0x14  SFCortex.o [1]
  .rodata            const    0x08019de0     0x14  SFCortex.o [1]
  .rodata            const    0x08019df4     0x14  SFCortex.o [1]
  .rodata            const    0x08019e08     0x14  SFCortex.o [1]
  .rodata            const    0x08019e1c     0x14  SFCortex.o [1]
  .rodata            const    0x08019e30     0x14  SFCortex.o [1]
  .rodata            const    0x08019e44     0x14  SFCortex.o [1]
  .rodata            const    0x08019e58     0x14  SFCortex.o [1]
  .rodata            const    0x08019e6c     0x14  SFCortex.o [1]
  .rodata            const    0x08019e80     0x14  SFCortex.o [1]
  .rodata            const    0x08019e94     0x14  SFCortex.o [1]
  .rodata            const    0x08019ea8     0x14  SFCortex.o [1]
  .rodata            const    0x08019ebc     0x14  SFCortex.o [1]
  .rodata            const    0x08019ed0     0x14  SFCortex.o [1]
  .rodata            const    0x08019ee4     0x14  SFCortex.o [1]
  .rodata            const    0x08019ef8     0x14  SFCortex.o [1]
  .rodata            const    0x08019f0c     0x14  SFCortex.o [1]
  .rodata            const    0x08019f20     0x14  SFCortex.o [1]
  .rodata            const    0x08019f34     0x14  SFCortex.o [1]
  .rodata            const    0x08019f48     0x14  SFCortex.o [1]
  .rodata            const    0x08019f5c     0x14  SFCortex.o [1]
  .rodata            const    0x08019f70     0x14  SFCortex.o [1]
  .rodata            const    0x08019f84     0x14  SFCortex.o [1]
  .rodata            const    0x08019f98     0x14  SFCortex.o [1]
  .rodata            const    0x08019fac     0x14  SFCortex.o [1]
  .rodata            const    0x08019fc0     0x14  SFCortex.o [1]
  .rodata            const    0x08019fd4     0x14  SFCortex.o [1]
  .rodata            const    0x08019fe8     0x14  SFCortex.o [1]
  .rodata            const    0x08019ffc     0x14  SFCortex.o [1]
  .rodata            const    0x0801a010     0x14  SFCortex.o [1]
  .rodata            const    0x0801a024     0x14  SFCortex.o [1]
  .rodata            const    0x0801a038     0x14  SFCortex.o [1]
  .rodata            const    0x0801a04c     0x14  SFCortex.o [1]
  .rodata            const    0x0801a060     0x14  SFCortex.o [1]
  .rodata            const    0x0801a074     0x14  SFCortex.o [1]
  .rodata            const    0x0801a088     0x14  SFCortex.o [1]
  .rodata            const    0x0801a09c     0x14  SFCortex.o [1]
  .rodata            const    0x0801a0b0     0x14  SFCortex.o [1]
  .rodata            const    0x0801a0c4     0x14  SFCortex.o [1]
  .rodata            const    0x0801a0d8     0x14  SFCortex.o [1]
  .rodata            const    0x0801a0ec     0x14  SFCortex.o [1]
  .rodata            const    0x0801a100     0x14  SFCortex.o [1]
  .rodata            const    0x0801a114     0x14  SFCortex.o [1]
  .rodata            const    0x0801a128     0x14  SFCortex.o [1]
  .rodata            const    0x0801a13c     0x14  SFCortex.o [1]
  .rodata            const    0x0801a150     0x10  FFTCortex.o [1]
  .text              ro code  0x0801a160     0x10  startup_stm32f105xc.o [1]
  .text              ro code  0x0801a170      0xc  cstartup_M.o [5]
  .text              ro code  0x0801a17c      0x4  startup_stm32f105xc.o [1]
  .text              ro code  0x0801a180      0x4  startup_stm32f105xc.o [1]
  .text              ro code  0x0801a184      0x4  startup_stm32f105xc.o [1]
  .text              ro code  0x0801a188      0x4  startup_stm32f105xc.o [1]
  .text              ro code  0x0801a18c      0x4  startup_stm32f105xc.o [1]
  .text              ro code  0x0801a190      0x4  startup_stm32f105xc.o [1]
  .rodata            const    0x0801a194      0x0  zero_init3.o [5]
  .rodata            const    0x0801a194      0x0  copy_init3.o [5]
  Initializer bytes  const    0x0801a194     0x18  <for P2 s0>
                            - 0x0801a1ac  0x1a05c

"P2":                                      0x8a78
  P2 s0                       0x20000000     0x18  <Init block>
    .data            inited   0x20000000      0x4  FWCortex.o [1]
    .data            inited   0x20000004      0x4  SFCortex.o [1]
    .data            inited   0x20000008      0x2  CAN2Cortex.o [1]
    .data            inited   0x2000000a      0x2  CTLCortex.o [1]
    .data            inited   0x2000000c      0x2  CTLCortex.o [1]
    .data            inited   0x2000000e      0x2  CTLCortex.o [1]
    .data            inited   0x20000010      0x2  CTLCortex.o [1]
    .data            inited   0x20000012      0x2  CTLCortex.o [1]
    .data            inited   0x20000014      0x2  CTLCortex.o [1]
    .data            inited   0x20000016      0x2  CTLCortex.o [1]
  .bss               zero     0x20000018    0x800  XIOCortex.o [1]
  .bss               zero     0x20000818    0x800  XIOCortex.o [1]
  .bss               zero     0x20001018    0x660  XIOCortex.o [1]
  .bss               zero     0x20001678    0x460  CAN2Cortex.o [1]
  .bss               zero     0x20001ad8    0x400  FWCortex.o [1]
  .bss               zero     0x20001ed8    0x3f0  SCI4Cortex.o [1]
  .bss               zero     0x200022c8    0x3e8  DBCortex.o [1]
  .bss               zero     0x200026b0    0x3c0  DBCortex.o [1]
  .bss               zero     0x20002a70    0x320  DBCortex.o [1]
  .bss               zero     0x20002d90    0x300  XIOCortex.o [1]
  .bss               zero     0x20003090    0x300  XIOCortex.o [1]
  .bss               zero     0x20003390    0x300  XIOCortex.o [1]
  .bss               zero     0x20003690    0x300  XIOCortex.o [1]
  .bss               zero     0x20003990    0x300  XIOCortex.o [1]
  .bss               zero     0x20003c90    0x300  XIOCortex.o [1]
  .bss               zero     0x20003f90    0x300  XIOCortex.o [1]
  .bss               zero     0x20004290    0x300  XIOCortex.o [1]
  .bss               zero     0x20004590    0x300  XIOCortex.o [1]
  .bss               zero     0x20004890    0x300  XIOCortex.o [1]
  .bss               zero     0x20004b90    0x200  FFTCortex.o [1]
  .bss               zero     0x20004d90    0x200  FWCortex.o [1]
  .bss               zero     0x20004f90    0x200  FWCortex.o [1]
  .bss               zero     0x20005190    0x200  FWCortex.o [1]
  .bss               zero     0x20005390    0x200  FWCortex.o [1]
  .bss               zero     0x20005590    0x200  FWCortex.o [1]
  .bss               zero     0x20005790    0x200  FWCortex.o [1]
  .bss               zero     0x20005990    0x200  FWCortex.o [1]
  .bss               zero     0x20005b90    0x200  FWCortex.o [1]
  .bss               zero     0x20005d90    0x200  FWCortex.o [1]
  .bss               zero     0x20005f90    0x200  FWCortex.o [1]
  .bss               zero     0x20006190    0x1d0  CAN2Cortex.o [1]
  .bss               zero     0x20006360    0x140  OSCortex.o [1]
  .bss               zero     0x200064a0    0x104  SCI1Cortex.o [1]
  .bss               zero     0x200065a4    0x104  SCI3Cortex.o [1]
  .bss               zero     0x200066a8     0xf0  DBCortex.o [1]
  .bss               zero     0x20006798     0xf0  SAEJ1939.o [1]
  .bss               zero     0x20006888     0xe0  CAN1Cortex.o [1]
  .bss               zero     0x20006968     0xc0  OSCortex.o [1]
  .bss               zero     0x20006a28     0x80  FFTCortex.o [1]
  .bss               zero     0x20006aa8     0x80  FFTCortex.o [1]
  .bss               zero     0x20006b28     0x80  XIOCortex.o [1]
  .bss               zero     0x20006ba8     0x80  XIOCortex.o [1]
  .bss               zero     0x20006c28     0x80  XIOCortex.o [1]
  .bss               zero     0x20006ca8     0x80  XIOCortex.o [1]
  .bss               zero     0x20006d28     0x80  XIOCortex.o [1]
  .bss               zero     0x20006da8     0x80  XIOCortex.o [1]
  .bss               zero     0x20006e28     0x80  XIOCortex.o [1]
  .bss               zero     0x20006ea8     0x80  XIOCortex.o [1]
  .bss               zero     0x20006f28     0x80  XIOCortex.o [1]
  .bss               zero     0x20006fa8     0x80  XIOCortex.o [1]
  .bss               zero     0x20007028     0x80  XIOCortex.o [1]
  .bss               zero     0x200070a8     0x80  XIOCortex.o [1]
  .bss               zero     0x20007128     0x80  XIOCortex.o [1]
  .bss               zero     0x200071a8     0x80  XIOCortex.o [1]
  .bss               zero     0x20007228     0x80  XIOCortex.o [1]
  .bss               zero     0x200072a8     0x80  XIOCortex.o [1]
  .bss               zero     0x20007328     0x40  OSCortex.o [1]
  .bss               zero     0x20007368     0x30  DBCortex.o [1]
  .bss               zero     0x20007398     0x30  SCI2Cortex.o [1]
  .bss               zero     0x200073c8     0x30  SFCortex.o [1]
  .bss               zero     0x200073f8     0x2c  XIOCortex.o [1]
  .bss               zero     0x20007424     0x2c  XIOCortex.o [1]
  .bss               zero     0x20007450     0x28  SCI4Cortex.o [1]
  .bss               zero     0x20007478     0x20  XIOCortex.o [1]
  .bss               zero     0x20007498     0x20  XIOCortex.o [1]
  .bss               zero     0x200074b8     0x20  XIOCortex.o [1]
  .bss               zero     0x200074d8     0x20  XIOCortex.o [1]
  .bss               zero     0x200074f8     0x20  XIOCortex.o [1]
  .bss               zero     0x20007518     0x20  XIOCortex.o [1]
  .bss               zero     0x20007538     0x20  XIOCortex.o [1]
  .bss               zero     0x20007558     0x20  XIOCortex.o [1]
  .bss               zero     0x20007578     0x20  XIOCortex.o [1]
  .bss               zero     0x20007598     0x20  XIOCortex.o [1]
  .bss               zero     0x200075b8     0x18  CTLCortex.o [1]
  .bss               zero     0x200075d0     0x18  CTLCortex.o [1]
  .bss               zero     0x200075e8     0x18  DBCortex.o [1]
  .bss               zero     0x20007600     0x18  SAEJ1939.o [1]
  .bss               zero     0x20007618     0x18  SFCortex.o [1]
  .bss               zero     0x20007630     0x18  SFCortex.o [1]
  .bss               zero     0x20007648     0x18  SFCortex.o [1]
  .bss               zero     0x20007660     0x18  SFCortex.o [1]
  .bss               zero     0x20007678     0x18  SFCortex.o [1]
  .bss               zero     0x20007690     0x18  SFCortex.o [1]
  .bss               zero     0x200076a8     0x14  CTLCortex.o [1]
  .bss               zero     0x200076bc     0x14  CTLCortex.o [1]
  .bss               zero     0x200076d0     0x14  FFTCortex.o [1]
  .bss               zero     0x200076e4      0xc  CAN1Cortex.o [1]
  .bss               zero     0x200076f0      0xc  CAN1Cortex.o [1]
  .bss               zero     0x200076fc      0xc  CAN1Cortex.o [1]
  .bss               zero     0x20007708      0xc  CAN1Cortex.o [1]
  .bss               zero     0x20007714      0xc  CAN2Cortex.o [1]
  .bss               zero     0x20007720      0xc  CAN2Cortex.o [1]
  .bss               zero     0x2000772c      0xc  CAN2Cortex.o [1]
  .bss               zero     0x20007738      0xc  CAN2Cortex.o [1]
  .bss               zero     0x20007744      0x8  CCPCortex.o [1]
  .bss               zero     0x2000774c      0x8  CCPCortex.o [1]
  .bss               zero     0x20007754      0x8  CTLCortex.o [1]
  .bss               zero     0x2000775c      0x4  CAN1Cortex.o [1]
  .bss               zero     0x20007760      0x4  CAN1Cortex.o [1]
  .bss               zero     0x20007764      0x4  CAN2Cortex.o [1]
  .bss               zero     0x20007768      0x4  CAN2Cortex.o [1]
  .bss               zero     0x2000776c      0x4  CAN2Cortex.o [1]
  .bss               zero     0x20007770      0x4  CAN2Cortex.o [1]
  .bss               zero     0x20007774      0x4  CAN2Cortex.o [1]
  .bss               zero     0x20007778      0x4  CAN2Cortex.o [1]
  .bss               zero     0x2000777c      0x4  CAN2Cortex.o [1]
  .bss               zero     0x20007780      0x4  CAN2Cortex.o [1]
  .bss               zero     0x20007784      0x4  CAN2Cortex.o [1]
  .bss               zero     0x20007788      0x4  CAN2Cortex.o [1]
  .bss               zero     0x2000778c      0x4  CAN2Cortex.o [1]
  .bss               zero     0x20007790      0x4  CAN2Cortex.o [1]
  .bss               zero     0x20007794      0x4  CAN2Cortex.o [1]
  .bss               zero     0x20007798      0x4  CAN2Cortex.o [1]
  .bss               zero     0x2000779c      0x4  CAN2Cortex.o [1]
  .bss               zero     0x200077a0      0x4  CAN2Cortex.o [1]
  .bss               zero     0x200077a4      0x4  CAN2Cortex.o [1]
  .bss               zero     0x200077a8      0x4  CAN2Cortex.o [1]
  .bss               zero     0x200077ac      0x4  CAN2Cortex.o [1]
  .bss               zero     0x200077b0      0x4  CAN2Cortex.o [1]
  .bss               zero     0x200077b4      0x4  CAN2Cortex.o [1]
  .bss               zero     0x200077b8      0x4  CTLCortex.o [1]
  .bss               zero     0x200077bc      0x4  CTLCortex.o [1]
  .bss               zero     0x200077c0      0x4  CTLCortex.o [1]
  .bss               zero     0x200077c4      0x4  DBCortex.o [1]
  .bss               zero     0x200077c8      0x4  FFTCortex.o [1]
  .bss               zero     0x200077cc      0x4  FWCortex.o [1]
  .bss               zero     0x200077d0      0x4  FWCortex.o [1]
  .bss               zero     0x200077d4      0x4  OSCortex.o [1]
  .bss               zero     0x200077d8      0x4  OSCortex.o [1]
  .bss               zero     0x200077dc      0x4  OSCortex.o [1]
  .bss               zero     0x200077e0      0x4  OSCortex.o [1]
  .bss               zero     0x200077e4      0x4  OSCortex.o [1]
  .bss               zero     0x200077e8      0x4  OSCortex.o [1]
  .bss               zero     0x200077ec      0x4  OSCortex.o [1]
  .bss               zero     0x200077f0      0x4  OSCortex.o [1]
  .bss               zero     0x200077f4      0x4  RTCCortex.o [1]
  .bss               zero     0x200077f8      0x4  SAEJ1939.o [1]
  .bss               zero     0x200077fc      0x4  SCI1Cortex.o [1]
  .bss               zero     0x20007800      0x4  SCI1Cortex.o [1]
  .bss               zero     0x20007804      0x4  SCI2Cortex.o [1]
  .bss               zero     0x20007808      0x4  SCI3Cortex.o [1]
  .bss               zero     0x2000780c      0x4  SCI3Cortex.o [1]
  .bss               zero     0x20007810      0x4  SCI4Cortex.o [1]
  .bss               zero     0x20007814      0x4  SFCortex.o [1]
  .bss               zero     0x20007818      0x4  SFCortex.o [1]
  .bss               zero     0x2000781c      0x4  SFCortex.o [1]
  .bss               zero     0x20007820      0x4  SFCortex.o [1]
  .bss               zero     0x20007824      0x4  SFCortex.o [1]
  .bss               zero     0x20007828      0x4  SFCortex.o [1]
  .bss               zero     0x2000782c      0x4  SFCortex.o [1]
  .bss               zero     0x20007830      0x4  SFCortex.o [1]
  .bss               zero     0x20007834      0x4  SFCortex.o [1]
  .bss               zero     0x20007838      0x4  SFCortex.o [1]
  .bss               zero     0x2000783c      0x4  SFCortex.o [1]
  .bss               zero     0x20007840      0x4  SFCortex.o [1]
  .bss               zero     0x20007844      0x4  SFCortex.o [1]
  .bss               zero     0x20007848      0x4  XIOCortex.o [1]
  .bss               zero     0x2000784c      0x4  XIOCortex.o [1]
  .bss               zero     0x20007850      0x4  XIOCortex.o [1]
  .bss               zero     0x20007854      0x4  XIOCortex.o [1]
  .bss               zero     0x20007858      0x4  XIOCortex.o [1]
  .bss               zero     0x2000785c      0x4  XIOCortex.o [1]
  .bss               zero     0x20007860      0x4  XIOCortex.o [1]
  .bss               zero     0x20007864      0x4  XIOCortex.o [1]
  .bss               zero     0x20007868      0x4  XIOCortex.o [1]
  .bss               zero     0x2000786c      0x4  XIOCortex.o [1]
  .bss               zero     0x20007870      0x4  XIOCortex.o [1]
  .bss               zero     0x20007874      0x4  XIOCortex.o [1]
  .bss               zero     0x20007878      0x4  XIOCortex.o [1]
  .bss               zero     0x2000787c      0x4  XIOCortex.o [1]
  .bss               zero     0x20007880      0x4  XIOCortex.o [1]
  .bss               zero     0x20007884      0x4  XIOCortex.o [1]
  .bss               zero     0x20007888      0x4  XIOCortex.o [1]
  .bss               zero     0x2000788c      0x4  XIOCortex.o [1]
  .bss               zero     0x20007890      0x4  XIOCortex.o [1]
  .bss               zero     0x20007894      0x4  XIOCortex.o [1]
  .bss               zero     0x20007898      0x4  XIOCortex.o [1]
  .bss               zero     0x2000789c      0x4  XIOCortex.o [1]
  .bss               zero     0x200078a0      0x4  XIOCortex.o [1]
  .bss               zero     0x200078a4      0x4  XIOCortex.o [1]
  .bss               zero     0x200078a8      0x4  XIOCortex.o [1]
  .bss               zero     0x200078ac      0x4  XIOCortex.o [1]
  .bss               zero     0x200078b0      0x4  XIOCortex.o [1]
  .bss               zero     0x200078b4      0x4  XIOCortex.o [1]
  .bss               zero     0x200078b8      0x4  XIOCortex.o [1]
  .bss               zero     0x200078bc      0x4  XIOCortex.o [1]
  .bss               zero     0x200078c0      0x4  XIOCortex.o [1]
  .bss               zero     0x200078c4      0x4  XIOCortex.o [1]
  .bss               zero     0x200078c8      0x4  XIOCortex.o [1]
  .bss               zero     0x200078cc      0x4  XIOCortex.o [1]
  .bss               zero     0x200078d0      0x4  XIOCortex.o [1]
  .bss               zero     0x200078d4      0x2  CAN2Cortex.o [1]
  .bss               zero     0x200078d6      0x2  CTLCortex.o [1]
  .bss               zero     0x200078d8      0x2  CTLCortex.o [1]
  .bss               zero     0x200078da      0x2  CTLCortex.o [1]
  .bss               zero     0x200078dc      0x2  CTLCortex.o [1]
  .bss               zero     0x200078de      0x2  CTLCortex.o [1]
  .bss               zero     0x200078e0      0x2  CTLCortex.o [1]
  .bss               zero     0x200078e2      0x2  CTLCortex.o [1]
  .bss               zero     0x200078e4      0x2  CTLCortex.o [1]
  .bss               zero     0x200078e6      0x2  CTLCortex.o [1]
  .bss               zero     0x200078e8      0x2  CTLCortex.o [1]
  .bss               zero     0x200078ea      0x2  CTLCortex.o [1]
  .bss               zero     0x200078ec      0x2  CTLCortex.o [1]
  .bss               zero     0x200078ee      0x2  CTLCortex.o [1]
  .bss               zero     0x200078f0      0x2  CTLCortex.o [1]
  .bss               zero     0x200078f2      0x2  CTLCortex.o [1]
  .bss               zero     0x200078f4      0x2  CTLCortex.o [1]
  .bss               zero     0x200078f6      0x2  CTLCortex.o [1]
  .bss               zero     0x200078f8      0x2  CTLCortex.o [1]
  .bss               zero     0x200078fa      0x2  FFTCortex.o [1]
  .bss               zero     0x200078fc      0x2  FWCortex.o [1]
  .bss               zero     0x200078fe      0x2  FWCortex.o [1]
  .bss               zero     0x20007900      0x2  FWCortex.o [1]
  .bss               zero     0x20007902      0x2  FWCortex.o [1]
  .bss               zero     0x20007904      0x2  FWCortex.o [1]
  .bss               zero     0x20007906      0x2  FWCortex.o [1]
  .bss               zero     0x20007908      0x2  FWCortex.o [1]
  .bss               zero     0x2000790a      0x2  FWCortex.o [1]
  .bss               zero     0x2000790c      0x2  FWCortex.o [1]
  .bss               zero     0x2000790e      0x2  FWCortex.o [1]
  .bss               zero     0x20007910      0x2  FWCortex.o [1]
  .bss               zero     0x20007912      0x2  FWCortex.o [1]
  .bss               zero     0x20007914      0x2  FWCortex.o [1]
  .bss               zero     0x20007916      0x2  OSCortex.o [1]
  .bss               zero     0x20007918      0x2  OSCortex.o [1]
  .bss               zero     0x2000791a      0x2  SCI1Cortex.o [1]
  .bss               zero     0x2000791c      0x2  SCI1Cortex.o [1]
  .bss               zero     0x2000791e      0x2  SCI1Cortex.o [1]
  .bss               zero     0x20007920      0x2  SCI1Cortex.o [1]
  .bss               zero     0x20007922      0x2  SCI1Cortex.o [1]
  .bss               zero     0x20007924      0x2  SCI3Cortex.o [1]
  .bss               zero     0x20007926      0x2  SCI3Cortex.o [1]
  .bss               zero     0x20007928      0x2  SCI3Cortex.o [1]
  .bss               zero     0x2000792a      0x2  SCI3Cortex.o [1]
  .bss               zero     0x2000792c      0x2  SCI3Cortex.o [1]
  .bss               zero     0x2000792e      0x2  SFCortex.o [1]
  .bss               zero     0x20007930      0x2  SFCortex.o [1]
  .bss               zero     0x20007932      0x2  SFCortex.o [1]
  .bss               zero     0x20007934      0x2  SFCortex.o [1]
  .bss               zero     0x20007936      0x2  SFCortex.o [1]
  .bss               zero     0x20007938      0x2  SFCortex.o [1]
  .bss               zero     0x2000793a      0x2  SFCortex.o [1]
  .bss               zero     0x2000793c      0x2  SFCortex.o [1]
  .bss               zero     0x2000793e      0x2  SFCortex.o [1]
  .bss               zero     0x20007940      0x2  SFCortex.o [1]
  .bss               zero     0x20007942      0x2  SFCortex.o [1]
  .bss               zero     0x20007944      0x2  SFCortex.o [1]
  .bss               zero     0x20007946      0x2  SFCortex.o [1]
  .bss               zero     0x20007948      0x2  SFCortex.o [1]
  .bss               zero     0x2000794a      0x2  SFCortex.o [1]
  .bss               zero     0x2000794c      0x2  SFCortex.o [1]
  .bss               zero     0x2000794e      0x2  SFCortex.o [1]
  .bss               zero     0x20007950      0x2  SFCortex.o [1]
  .bss               zero     0x20007952      0x2  SFCortex.o [1]
  .bss               zero     0x20007954      0x2  SFCortex.o [1]
  .bss               zero     0x20007956      0x2  SFCortex.o [1]
  .bss               zero     0x20007958      0x2  SFCortex.o [1]
  .bss               zero     0x2000795a      0x2  SFCortex.o [1]
  .bss               zero     0x2000795c      0x2  SFCortex.o [1]
  .bss               zero     0x2000795e      0x2  SFCortex.o [1]
  .bss               zero     0x20007960      0x2  SFCortex.o [1]
  .bss               zero     0x20007962      0x2  SFCortex.o [1]
  .bss               zero     0x20007964      0x2  SFCortex.o [1]
  .bss               zero     0x20007966      0x2  SFCortex.o [1]
  .bss               zero     0x20007968      0x2  SFCortex.o [1]
  .bss               zero     0x2000796a      0x2  SFCortex.o [1]
  .bss               zero     0x2000796c      0x2  SFCortex.o [1]
  .bss               zero     0x2000796e      0x2  SFCortex.o [1]
  .bss               zero     0x20007970      0x2  SFCortex.o [1]
  .bss               zero     0x20007972      0x2  SFCortex.o [1]
  .bss               zero     0x20007974      0x2  SFCortex.o [1]
  .bss               zero     0x20007976      0x2  SFCortex.o [1]
  .bss               zero     0x20007978      0x2  SFCortex.o [1]
  .bss               zero     0x2000797a      0x2  SFCortex.o [1]
  .bss               zero     0x2000797c      0x2  SFCortex.o [1]
  .bss               zero     0x2000797e      0x2  SFCortex.o [1]
  .bss               zero     0x20007980      0x2  SFCortex.o [1]
  .bss               zero     0x20007982      0x2  SFCortex.o [1]
  .bss               zero     0x20007984      0x2  SFCortex.o [1]
  .bss               zero     0x20007986      0x2  SFCortex.o [1]
  .bss               zero     0x20007988      0x2  SFCortex.o [1]
  .bss               zero     0x2000798a      0x2  SFCortex.o [1]
  .bss               zero     0x2000798c      0x2  SFCortex.o [1]
  .bss               zero     0x2000798e      0x2  SFCortex.o [1]
  .bss               zero     0x20007990      0x2  SFCortex.o [1]
  .bss               zero     0x20007992      0x2  SFCortex.o [1]
  .bss               zero     0x20007994      0x2  SFCortex.o [1]
  .bss               zero     0x20007996      0x2  SFCortex.o [1]
  .bss               zero     0x20007998      0x2  SFCortex.o [1]
  .bss               zero     0x2000799a      0x2  SFCortex.o [1]
  .bss               zero     0x2000799c      0x2  SFCortex.o [1]
  .bss               zero     0x2000799e      0x2  SFCortex.o [1]
  .bss               zero     0x200079a0      0x2  SFCortex.o [1]
  .bss               zero     0x200079a2      0x2  SFCortex.o [1]
  .bss               zero     0x200079a4      0x2  SFCortex.o [1]
  .bss               zero     0x200079a6      0x2  SFCortex.o [1]
  .bss               zero     0x200079a8      0x2  SFCortex.o [1]
  .bss               zero     0x200079aa      0x2  SFCortex.o [1]
  .bss               zero     0x200079ac      0x2  SFCortex.o [1]
  .bss               zero     0x200079ae      0x2  SFCortex.o [1]
  .bss               zero     0x200079b0      0x2  SFCortex.o [1]
  .bss               zero     0x200079b2      0x2  SFCortex.o [1]
  .bss               zero     0x200079b4      0x2  SFCortex.o [1]
  .bss               zero     0x200079b6      0x2  SFCortex.o [1]
  .bss               zero     0x200079b8      0x2  SFCortex.o [1]
  .bss               zero     0x200079ba      0x2  SFCortex.o [1]
  .bss               zero     0x200079bc      0x2  SFCortex.o [1]
  .bss               zero     0x200079be      0x2  SFCortex.o [1]
  .bss               zero     0x200079c0      0x2  SFCortex.o [1]
  .bss               zero     0x200079c2      0x2  SFCortex.o [1]
  .bss               zero     0x200079c4      0x2  SFCortex.o [1]
  .bss               zero     0x200079c6      0x2  SFCortex.o [1]
  .bss               zero     0x200079c8      0x2  SFCortex.o [1]
  .bss               zero     0x200079ca      0x2  SFCortex.o [1]
  .bss               zero     0x200079cc      0x2  SFCortex.o [1]
  .bss               zero     0x200079ce      0x2  SFCortex.o [1]
  .bss               zero     0x200079d0      0x2  SFCortex.o [1]
  .bss               zero     0x200079d2      0x2  SFCortex.o [1]
  .bss               zero     0x200079d4      0x2  SFCortex.o [1]
  .bss               zero     0x200079d6      0x2  SFCortex.o [1]
  .bss               zero     0x200079d8      0x2  SFCortex.o [1]
  .bss               zero     0x200079da      0x2  SFCortex.o [1]
  .bss               zero     0x200079dc      0x2  SFCortex.o [1]
  .bss               zero     0x200079de      0x2  SFCortex.o [1]
  .bss               zero     0x200079e0      0x2  SFCortex.o [1]
  .bss               zero     0x200079e2      0x2  SFCortex.o [1]
  .bss               zero     0x200079e4      0x2  SFCortex.o [1]
  .bss               zero     0x200079e6      0x2  SFCortex.o [1]
  .bss               zero     0x200079e8      0x2  SFCortex.o [1]
  .bss               zero     0x200079ea      0x2  SFCortex.o [1]
  .bss               zero     0x200079ec      0x2  SFCortex.o [1]
  .bss               zero     0x200079ee      0x2  SFCortex.o [1]
  .bss               zero     0x200079f0      0x2  SFCortex.o [1]
  .bss               zero     0x200079f2      0x2  SFCortex.o [1]
  .bss               zero     0x200079f4      0x2  SFCortex.o [1]
  .bss               zero     0x200079f6      0x2  SFCortex.o [1]
  .bss               zero     0x200079f8      0x2  XIOCortex.o [1]
  .bss               zero     0x200079fa      0x2  XIOCortex.o [1]
  .bss               zero     0x200079fc      0x2  XIOCortex.o [1]
  .bss               zero     0x200079fe      0x2  XIOCortex.o [1]
  .bss               zero     0x20007a00      0x2  XIOCortex.o [1]
  .bss               zero     0x20007a02      0x2  XIOCortex.o [1]
  .bss               zero     0x20007a04      0x2  XIOCortex.o [1]
  .bss               zero     0x20007a06      0x2  XIOCortex.o [1]
  .bss               zero     0x20007a08      0x2  XIOCortex.o [1]
  .bss               zero     0x20007a0a      0x2  XIOCortex.o [1]
  .bss               zero     0x20007a0c      0x2  XIOCortex.o [1]
  .bss               zero     0x20007a0e      0x2  XIOCortex.o [1]
  .bss               zero     0x20007a10      0x2  XIOCortex.o [1]
  .bss               zero     0x20007a12      0x2  XIOCortex.o [1]
  .bss               zero     0x20007a14      0x2  XIOCortex.o [1]
  .bss               zero     0x20007a16      0x2  XIOCortex.o [1]
  .bss               zero     0x20007a18      0x2  XIOCortex.o [1]
  .bss               zero     0x20007a1a      0x2  XIOCortex.o [1]
  .bss               zero     0x20007a1c      0x2  XIOCortex.o [1]
  .bss               zero     0x20007a1e      0x2  XIOCortex.o [1]
  .bss               zero     0x20007a20      0x2  XIOCortex.o [1]
  .bss               zero     0x20007a22      0x2  XIOCortex.o [1]
  .bss               zero     0x20007a24      0x2  XIOCortex.o [1]
  .bss               zero     0x20007a26      0x2  XIOCortex.o [1]
  .bss               zero     0x20007a28      0x2  XIOCortex.o [1]
  .bss               zero     0x20007a2a      0x2  XIOCortex.o [1]
  .bss               zero     0x20007a2c      0x2  XIOCortex.o [1]
  .bss               zero     0x20007a2e      0x2  XIOCortex.o [1]
  .bss               zero     0x20007a30      0x2  XIOCortex.o [1]
  .bss               zero     0x20007a32      0x2  XIOCortex.o [1]
  .bss               zero     0x20007a34      0x2  XIOCortex.o [1]
  .bss               zero     0x20007a36      0x2  XIOCortex.o [1]
  .bss               zero     0x20007a38      0x2  XIOCortex.o [1]
  .bss               zero     0x20007a3a      0x2  XIOCortex.o [1]
  .bss               zero     0x20007a3c      0x2  XIOCortex.o [1]
  .bss               zero     0x20007a3e      0x2  XIOCortex.o [1]
  .bss               zero     0x20007a40      0x2  XIOCortex.o [1]
  .bss               zero     0x20007a42      0x2  XIOCortex.o [1]
  .bss               zero     0x20007a44      0x2  XIOCortex.o [1]
  .bss               zero     0x20007a46      0x2  XIOCortex.o [1]
  .bss               zero     0x20007a48      0x2  XIOCortex.o [1]
  .bss               zero     0x20007a4a      0x2  XIOCortex.o [1]
  .bss               zero     0x20007a4c      0x2  XIOCortex.o [1]
  .bss               zero     0x20007a4e      0x2  XIOCortex.o [1]
  .bss               zero     0x20007a50      0x2  XIOCortex.o [1]
  .bss               zero     0x20007a52      0x2  XIOCortex.o [1]
  .bss               zero     0x20007a54      0x2  XIOCortex.o [1]
  .bss               zero     0x20007a56      0x1  CAN2Cortex.o [1]
  .bss               zero     0x20007a57      0x1  CAN2Cortex.o [1]
  .bss               zero     0x20007a58      0x1  CAN2Cortex.o [1]
  .bss               zero     0x20007a59      0x1  CAN2Cortex.o [1]
  .bss               zero     0x20007a5a      0x1  CAN2Cortex.o [1]
  .bss               zero     0x20007a5b      0x1  CAN2Cortex.o [1]
  .bss               zero     0x20007a5c      0x1  CAN2Cortex.o [1]
  .bss               zero     0x20007a5d      0x1  CAN2Cortex.o [1]
  .bss               zero     0x20007a5e      0x1  CAN2Cortex.o [1]
  .bss               zero     0x20007a5f      0x1  CAN2Cortex.o [1]
  .bss               zero     0x20007a60      0x1  CAN2Cortex.o [1]
  .bss               zero     0x20007a61      0x1  CAN2Cortex.o [1]
  .bss               zero     0x20007a62      0x1  CAN2Cortex.o [1]
  .bss               zero     0x20007a63      0x1  CAN2Cortex.o [1]
  .bss               zero     0x20007a64      0x1  CTLCortex.o [1]
  .bss               zero     0x20007a65      0x1  CTLCortex.o [1]
  .bss               zero     0x20007a66      0x1  OSCortex.o [1]
  .bss               zero     0x20007a67      0x1  OSCortex.o [1]
  .bss               zero     0x20007a68      0x1  OSCortex.o [1]
  .bss               zero     0x20007a69      0x1  OSCortex.o [1]
  .bss               zero     0x20007a6a      0x1  SAEJ1939.o [1]
  .bss               zero     0x20007a6b      0x1  SCI1Cortex.o [1]
  .bss               zero     0x20007a6c      0x1  SCI1Cortex.o [1]
  .bss               zero     0x20007a6d      0x1  SCI1Cortex.o [1]
  .bss               zero     0x20007a6e      0x1  SCI3Cortex.o [1]
  .bss               zero     0x20007a6f      0x1  SCI3Cortex.o [1]
  .bss               zero     0x20007a70      0x1  SCI3Cortex.o [1]
  CSTACK                      0x20007a78   0x1000  <Block>
    CSTACK           uninit   0x20007a78   0x1000  <Block tail>
                            - 0x20008a78   0x8a78


*******************************************************************************
*** INIT TABLE
***

          Address     Size
          -------     ----
Zero (__iar_zero_init3)
    1 destination range, total size 0x7a59:
          0x20000018  0x7a59

Copy (__iar_copy_init3)
    1 source range, total size 0x18:
          0x0801a194    0x18
    1 destination range, total size 0x18:
          0x20000000    0x18



*******************************************************************************
*** MODULE SUMMARY
***

    Module                 ro code  ro data  rw data
    ------                 -------  -------  -------
E:\SoftWare\SoftGenSet001\Debug\Obj: [1]
    ASMCortex.o                148
    CAN1Cortex.o             2 252               280
    CAN2Cortex.o             5 720        2    1 734
    CCPCortex.o                140                16
    CTLCortex.o             19 068       14      160
    DBCortex.o               7 548             3 076
    FFTCortex.o              1 064       16      794
    FWCortex.o               2 516        4    6 182
    OSCortex.o               2 212      256      616
    RTCCortex.o                308                 4
    SAEJ1939.o               2 520               269
    SCI1Cortex.o             1 788               281
    SCI2Cortex.o             1 260                52
    SCI3Cortex.o             2 128               281
    SCI4Cortex.o             1 612             1 052
    SFCortex.o              31 384    1 796      450
    XIOCortex.o             14 956            16 098
    arm_bitreversal2.o         106
    arm_cfft_f32.o           2 640
    arm_cfft_radix8_f32.o    2 520
    arm_common_tables.o                 624
    startup_stm32f105xc.o      376
    system_stm32f10x.o         420
    ------------------------------------------------
    Total:                 102 686    2 712   31 345

command line: [2]
    ------------------------------------------------
    Total:

dl7M_tln.a: [3]
    exit.o                       4
    low_level_init.o             4
    ------------------------------------------------
    Total:                       8

m7M_tl.a: [4]
    FltAdd.o                   132
    FltCmpEq.o                  28
    FltDiv.o                   252
    FltMul.o                   216
    FltSub.o                   230
    FltToS32.o                  68
    I32ToFlt.o                  50
    ------------------------------------------------
    Total:                     976

rt7M_tl.a: [5]
    I64DivMod.o                306
    I64DivZer.o                  2
    cexit.o                     10
    cmain.o                     26
    copy_init3.o                44
    cstartup_M.o                12
    data_init.o                 40
    zero_init3.o                34
    ------------------------------------------------
    Total:                     474

shb_l.a: [6]
    exit.o                      20
    ------------------------------------------------
    Total:                      20

    Gaps                        10        2
    Linker created                       36    4 096
----------------------------------------------------
    Grand Total:           104 174    2 750   35 441


*******************************************************************************
*** ENTRY LIST
***

Entry                      Address    Size  Type      Object
-----                      -------    ----  ----      ------
.iar.init_table$$Base   0x08019be8           --   Gb  - Linker created -
.iar.init_table$$Limit  0x08019c0c           --   Gb  - Linker created -
?main                   0x08019c0d          Code  Gb  cmain.o [5]
ADC1_2_IRQHandler       0x0800b7df     0xe  Code  Gb  FWCortex.o [1]
CAN1BufInit             0x08011577    0x3a  Code  Gb  CAN1Cortex.o [1]
CAN1GetMsgFmRxBuf       0x08011659    0x66  Code  Gb  CAN1Cortex.o [1]
CAN1GetTxMsgFmBuf       0x08011611    0x48  Code  Gb  CAN1Cortex.o [1]
CAN1HardInit            0x080117a9   0x106  Code  Gb  CAN1Cortex.o [1]
CAN1Init                0x080110a1    0x9c  Code  Gb  CAN1Cortex.o [1]
CAN1IsRxBufEmpty        0x080115b1    0x22  Code  Gb  CAN1Cortex.o [1]
CAN1PutMsgToTxBuf       0x08011721    0x88  Code  Gb  CAN1Cortex.o [1]
CAN1PutRxMsgToBuf       0x080115d3    0x3e  Code  Gb  CAN1Cortex.o [1]
CAN1Rx0IntHook          0x08011345    0xdc  Code  Gb  CAN1Cortex.o [1]
CAN1Rx1IntHook          0x08011421    0xdc  Code  Gb  CAN1Cortex.o [1]
CAN1SceIntHook          0x080114fd    0x7a  Code  Gb  CAN1Cortex.o [1]
CAN1Start               0x0801113d    0x44  Code  Gb  CAN1Cortex.o [1]
CAN1TaskLoop            0x08011181    0x7e  Code  Gb  CAN1Cortex.o [1]
CAN1TransMsgFirst       0x080116bf    0x62  Code  Gb  CAN1Cortex.o [1]
CAN1TxIntHook           0x080111ff   0x146  Code  Gb  CAN1Cortex.o [1]
CAN1_RX0_IRQHandler     0x0800b911    0x10  Code  Gb  FWCortex.o [1]
CAN1_RX1_IRQHandler     0x0800b921    0x10  Code  Gb  FWCortex.o [1]
CAN1_SCE_IRQHandler     0x0800b931    0x10  Code  Gb  FWCortex.o [1]
CAN1_TX_IRQHandler      0x0800b901    0x10  Code  Gb  FWCortex.o [1]
CAN2AreEngAllStopped    0x0800a8d9    0x14  Code  Gb  CAN2Cortex.o [1]
CAN2AreSwAllLocked      0x0800a8a9    0x14  Code  Gb  CAN2Cortex.o [1]
CAN2AreSwAllOffed       0x0800a8c5    0x14  Code  Gb  CAN2Cortex.o [1]
CAN2BufInit             0x0800ae71    0x40  Code  Gb  CAN2Cortex.o [1]
CAN2CheckRxTblTimeOut   0x0800a005    0x38  Code  Gb  CAN2Cortex.o [1]
CAN2ClrTxSwitchLockCmd  0x0800a879     0x8  Code  Gb  CAN2Cortex.o [1]
CAN2DecodeEngTcb        0x08009ee5    0x50  Code  Gb  CAN2Cortex.o [1]
CAN2EngTblInit          0x08009db3    0xa2  Code  Gb  CAN2Cortex.o [1]
CAN2GetCanSchedIsAlone  0x0800aa3d    0x12  Code  Gb  CAN2Cortex.o [1]
CAN2GetCanSchedIsHighest
                        0x0800aa4f    0x38  Code  Gb  CAN2Cortex.o [1]
CAN2GetCanSchedToStop   0x0800a8f5   0x10e  Code  Gb  CAN2Cortex.o [1]
CAN2GetCanSchedToSwitch
                        0x0800aa03    0x34  Code  Gb  CAN2Cortex.o [1]
CAN2GetEngState         0x0800a03d   0x106  Code  Gb  CAN2Cortex.o [1]
CAN2GetMsgFmRxBuf       0x0800af65    0x66  Code  Gb  CAN2Cortex.o [1]
CAN2GetRxSwitchLockCmd  0x0800a889    0x14  Code  Gb  CAN2Cortex.o [1]
CAN2GetTxMsgFmBuf       0x0800af11    0x54  Code  Gb  CAN2Cortex.o [1]
CAN2GetTxSwitchLockCmd  0x0800a861     0x6  Code  Gb  CAN2Cortex.o [1]
CAN2HardInit            0x0800b0c9    0xe2  Code  Gb  CAN2Cortex.o [1]
CAN2Init                0x08009c15    0xd4  Code  Gb  CAN2Cortex.o [1]
CAN2IsRxBufEmpty        0x0800aeb1    0x22  Code  Gb  CAN2Cortex.o [1]
CAN2ProcessEngTbl       0x0800a151   0x70a  Code  Gb  CAN2Cortex.o [1]
CAN2PutMsgToTxBuf       0x0800b035    0x94  Code  Gb  CAN2Cortex.o [1]
CAN2PutRxMsgToBuf       0x0800aed3    0x3e  Code  Gb  CAN2Cortex.o [1]
CAN2PutRxMsgToEngTbl    0x08009f55    0xb0  Code  Gb  CAN2Cortex.o [1]
CAN2Rx0IntHook          0x0800abe5    0xdc  Code  Gb  CAN2Cortex.o [1]
CAN2Rx1IntHook          0x0800acd5    0xdc  Code  Gb  CAN2Cortex.o [1]
CAN2SceIntHook          0x0800aded    0x7a  Code  Gb  CAN2Cortex.o [1]
CAN2SetTxSwitchLockCmd  0x0800a86d     0x8  Code  Gb  CAN2Cortex.o [1]
CAN2SetupTxCanMsg       0x08009f35    0x20  Code  Gb  CAN2Cortex.o [1]
CAN2SetupTxEngTcb       0x08009e55    0x90  Code  Gb  CAN2Cortex.o [1]
CAN2Start               0x08009ce9    0x44  Code  Gb  CAN2Cortex.o [1]
CAN2TaskLoop            0x08009d2d    0x86  Code  Gb  CAN2Cortex.o [1]
CAN2TransMsgFirst       0x0800afcb    0x62  Code  Gb  CAN2Cortex.o [1]
CAN2TxIntHook           0x0800aa99   0x146  Code  Gb  CAN2Cortex.o [1]
CAN2_RX0_IRQHandler     0x0800b951    0x10  Code  Gb  FWCortex.o [1]
CAN2_RX1_IRQHandler     0x0800b961    0x10  Code  Gb  FWCortex.o [1]
CAN2_SCE_IRQHandler     0x0800b971    0x10  Code  Gb  FWCortex.o [1]
CAN2_TX_IRQHandler      0x0800b941    0x10  Code  Gb  FWCortex.o [1]
CCP10DecodeRxPar        0x080189ed    0x48  Code  Gb  CCPCortex.o [1]
CCP10FillMsgTxReq       0x080189b1    0x3c  Code  Gb  CCPCortex.o [1]
CSTACK$$Base            0x20007a78           --   Gb  - Linker created -
CSTACK$$Limit           0x20008a78           --   Gb  - Linker created -
CTLAvrTuner             0x200076a8    0x14  Data  Gb  CTLCortex.o [1]
CTLCheckGensReadyToLoad
                        0x0801399d    0x14  Code  Gb  CTLCortex.o [1]
CTLCheckIsGensWorking   0x08013a79    0x66  Code  Gb  CTLCortex.o [1]
CTLCheckIsMainVoltLost  0x08013adf    0x14  Code  Gb  CTLCortex.o [1]
CTLCheckIsMainVoltNormal
                        0x080139c5    0x16  Code  Gb  CTLCortex.o [1]
CTLCheckMainReadyToSync
                        0x080139b1    0x14  Code  Gb  CTLCortex.o [1]
CTLCheckSyncCondition   0x080139db    0x9e  Code  Gb  CTLCortex.o [1]
CTLGensSwitchInit       0x080133f1    0xe0  Code  Gb  CTLCortex.o [1]
CTLGetAmfCmdToStop      0x08014105    0xaa  Code  Gb  CTLCortex.o [1]
CTLGetAmfGensSwOnCndt   0x08014445     0xa  Code  Gb  CTLCortex.o [1]
CTLGetAmfMainSwOnCndt   0x080144df    0x1c  Code  Gb  CTLCortex.o [1]
CTLGetAmfPidMode        0x08014661   0x136  Code  Gb  CTLCortex.o [1]
CTLGetAmfSysPhase       0x08015921   0x6bc  Code  Gb  CTLCortex.o [1]
CTLGetAvrControl        0x08013c95   0x178  Code  Gb  CTLCortex.o [1]
CTLGetBoardLedOutput    0x08013099   0x272  Code  Gb  CTLCortex.o [1]
CTLGetCommonErrToStop   0x080138d5    0x60  Code  Gb  CTLCortex.o [1]
CTLGetCommonErrToWarn   0x08013935    0x68  Code  Gb  CTLCortex.o [1]
CTLGetEmergnCmdToStop   0x08013871    0x2e  Code  Gb  CTLCortex.o [1]
CTLGetEmergnErrToStop   0x0801389f    0x30  Code  Gb  CTLCortex.o [1]
CTLGetFixPwrCmdToStop   0x08014253    0x9e  Code  Gb  CTLCortex.o [1]
CTLGetFixPwrGensSwOnCndt
                        0x0801446f    0x20  Code  Gb  CTLCortex.o [1]
CTLGetFixPwrMainSwOnCndt
                        0x0801451d    0x1c  Code  Gb  CTLCortex.o [1]
CTLGetFixPwrPidMode     0x08014ab5   0x2e0  Code  Gb  CTLCortex.o [1]
CTLGetFixPwrSetp        0x08013f7d    0x3a  Code  Gb  CTLCortex.o [1]
CTLGetFixPwrSysPhase    0x08016001   0x5a8  Code  Gb  CTLCortex.o [1]
CTLGetGovControl        0x08013b01   0x182  Code  Gb  CTLCortex.o [1]
CTLGetIslandCmdToStop   0x080141b5    0x9e  Code  Gb  CTLCortex.o [1]
CTLGetIslandGensSwOnCndt
                        0x0801444f    0x20  Code  Gb  CTLCortex.o [1]
CTLGetIslandMainSwOnCndt
                        0x080144fb    0x1c  Code  Gb  CTLCortex.o [1]
CTLGetIslandPidMode     0x080147b1   0x2f2  Code  Gb  CTLCortex.o [1]
CTLGetIslandSysPhase    0x080165c5   0x7e6  Code  Gb  CTLCortex.o [1]
CTLGetLoadRampStepAct   0x08013e0d    0x26  Code  Gb  CTLCortex.o [1]
CTLGetLoadRampStepRct   0x08013ec5    0x26  Code  Gb  CTLCortex.o [1]
CTLGetLoadSetpRampAct   0x08013e39    0x8c  Code  Gb  CTLCortex.o [1]
CTLGetLoadSetpRampRct   0x08013ef1    0x8c  Code  Gb  CTLCortex.o [1]
CTLGetParallCmdToStop   0x080142f1   0x142  Code  Gb  CTLCortex.o [1]
CTLGetParallCmdToSwOn   0x08013741   0x102  Code  Gb  CTLCortex.o [1]
CTLGetParallGensSwOnCndt
                        0x0801448f    0x4c  Code  Gb  CTLCortex.o [1]
CTLGetParallPidMode     0x08014da5   0x278  Code  Gb  CTLCortex.o [1]
CTLGetParallSysPhase    0x08016dc5   0x614  Code  Gb  CTLCortex.o [1]
CTLGetSimpleCmdToStop   0x08013fb7    0x9e  Code  Gb  CTLCortex.o [1]
CTLGetSimplePidMode     0x0801453d    0x84  Code  Gb  CTLCortex.o [1]
CTLGetSimpleSysPhase    0x08015029   0x356  Code  Gb  CTLCortex.o [1]
CTLGetSingleCmdToStop   0x08014059    0x9e  Code  Gb  CTLCortex.o [1]
CTLGetSingleCmdToSwOn   0x080134e5   0x254  Code  Gb  CTLCortex.o [1]
CTLGetSingleGensSwOnCndt
                        0x08014433     0xa  Code  Gb  CTLCortex.o [1]
CTLGetSingleMainSwOnCndt
                        0x080144db     0x4  Code  Gb  CTLCortex.o [1]
CTLGetSinglePidMode     0x080145c1    0x90  Code  Gb  CTLCortex.o [1]
CTLGetSingleSysPhase    0x08015389   0x58c  Code  Gb  CTLCortex.o [1]
CTLGetSysAutoOrManual   0x08013843    0x2e  Code  Gb  CTLCortex.o [1]
CTLGovTuner             0x200076bc    0x14  Data  Gb  CTLCortex.o [1]
CTLInit                 0x0801297d    0x5c  Code  Gb  CTLCortex.o [1]
CTLMainSwitchInit       0x0801330b    0xe6  Code  Gb  CTLCortex.o [1]
CTLSysController        0x08012bb1   0x4e8  Code  Gb  CTLCortex.o [1]
CTLSysMonitor           0x080129d9   0x1d8  Code  Gb  CTLCortex.o [1]
DBCheckCurve            0x08008e43    0x68  Code  Gb  DBCortex.o [1]
DBCheckCurve16p         0x080098f9    0x22  Code  Gb  DBCortex.o [1]
DBCheckFunct            0x08008d87    0x58  Code  Gb  DBCortex.o [1]
DBCheckFunct16p         0x080097e7    0x20  Code  Gb  DBCortex.o [1]
DBCheckHstry            0x08008ebd    0x4c  Code  Gb  DBCortex.o [1]
DBCheckMeasu16p         0x080096e5    0x22  Code  Gb  DBCortex.o [1]
DBCheckParam            0x08007e79    0xa0  Code  Gb  DBCortex.o [1]
DBCheckParam16p         0x080095cd    0x24  Code  Gb  DBCortex.o [1]
DBCmdBufInit            0x080093bb    0x20  Code  Gb  DBCortex.o [1]
DBEepCheckRecord        0x0800907b    0xb6  Code  Gb  DBCortex.o [1]
DBEepInitHstryBlock     0x08008fd5    0xa6  Code  Gb  DBCortex.o [1]
DBEepReadParam          0x08008f4f    0x38  Code  Gb  DBCortex.o [1]
DBEepReadRecord         0x08009131    0x26  Code  Gb  DBCortex.o [1]
DBEepWriteParam         0x08008f87    0x4e  Code  Gb  DBCortex.o [1]
DBEepWriteRecord        0x08009157    0x7e  Code  Gb  DBCortex.o [1]
DBFlashErasePage        0x08009229    0x5e  Code  Gb  DBCortex.o [1]
DBFlashIsPageErased     0x08009287    0x82  Code  Gb  DBCortex.o [1]
DBFlashRead16p          0x080093a3    0x18  Code  Gb  DBCortex.o [1]
DBFlashRead16u          0x0800939b     0x4  Code  Gb  DBCortex.o [1]
DBFlashRead32u          0x0800939f     0x4  Code  Gb  DBCortex.o [1]
DBFlashWrite16p         0x0800936f    0x2c  Code  Gb  DBCortex.o [1]
DBFlashWrite16u         0x08009309    0x42  Code  Gb  DBCortex.o [1]
DBFlashWrite32u         0x0800934b    0x24  Code  Gb  DBCortex.o [1]
DBGetBank1Status        0x080091eb    0x22  Code  Gb  DBCortex.o [1]
DBGetCurve08p           0x08009843    0x38  Code  Gb  DBCortex.o [1]
DBGetCurve16u           0x08009807    0x16  Code  Gb  DBCortex.o [1]
DBGetCurveAndSum16p     0x0800981d    0x26  Code  Gb  DBCortex.o [1]
DBGetFunct08p           0x0800973f    0x36  Code  Gb  DBCortex.o [1]
DBGetFunct16u           0x08009707    0x14  Code  Gb  DBCortex.o [1]
DBGetFunctAndSum16p     0x0800971b    0x24  Code  Gb  DBCortex.o [1]
DBGetMeasu08p           0x08009631    0x3a  Code  Gb  DBCortex.o [1]
DBGetMeasu16u           0x080095f1    0x18  Code  Gb  DBCortex.o [1]
DBGetMeasuAndSum16p     0x08009609    0x28  Code  Gb  DBCortex.o [1]
DBGetParam08p           0x08009515    0x3a  Code  Gb  DBCortex.o [1]
DBGetParam16u           0x080094d5    0x18  Code  Gb  DBCortex.o [1]
DBGetParamAndSum16p     0x080094ed    0x28  Code  Gb  DBCortex.o [1]
DBInit                  0x08007be9   0x15c  Code  Gb  DBCortex.o [1]
DBInitDFlash            0x080091d5    0x16  Code  Gb  DBCortex.o [1]
DBResetCurve            0x08008eab    0x12  Code  Gb  DBCortex.o [1]
DBResetFunct            0x08008de5    0x5e  Code  Gb  DBCortex.o [1]
DBResetHstry            0x08008f09    0x10  Code  Gb  DBCortex.o [1]
DBResetMeasu            0x08008f19    0x36  Code  Gb  DBCortex.o [1]
DBResetParam            0x08007f3d   0xe4a  Code  Gb  DBCortex.o [1]
DBSetCurve08p           0x080098b7    0x3c  Code  Gb  DBCortex.o [1]
DBSetCurve16p           0x08009893    0x24  Code  Gb  DBCortex.o [1]
DBSetCurve16u           0x0800987b    0x18  Code  Gb  DBCortex.o [1]
DBSetFunct08p           0x080097ad    0x3a  Code  Gb  DBCortex.o [1]
DBSetFunct16p           0x0800978b    0x22  Code  Gb  DBCortex.o [1]
DBSetFunct16u           0x08009775    0x16  Code  Gb  DBCortex.o [1]
DBSetMeasu08p           0x080096a9    0x3c  Code  Gb  DBCortex.o [1]
DBSetMeasu16p           0x08009685    0x24  Code  Gb  DBCortex.o [1]
DBSetMeasu16u           0x0800966b    0x1a  Code  Gb  DBCortex.o [1]
DBSetParam08p           0x0800958f    0x3e  Code  Gb  DBCortex.o [1]
DBSetParam16p           0x08009569    0x26  Code  Gb  DBCortex.o [1]
DBSetParam16u           0x0800954f    0x1a  Code  Gb  DBCortex.o [1]
DBStart                 0x08007d45     0x2  Code  Gb  DBCortex.o [1]
DBTaskLoop              0x08007d47   0x132  Code  Gb  DBCortex.o [1]
DBTskGetCmd             0x080093db    0x5c  Code  Gb  DBCortex.o [1]
DBTskPutCmd             0x08009437    0x9e  Code  Gb  DBCortex.o [1]
DBWaitBank1Complete     0x0800920d    0x1c  Code  Gb  DBCortex.o [1]
DMA1_Channel1_IRQHandler
                        0x0800b84f    0x10  Code  Gb  FWCortex.o [1]
DMA1_Channel2_IRQHandler
                        0x0800b85f    0x10  Code  Gb  FWCortex.o [1]
DMA1_Channel3_IRQHandler
                        0x0800b86f    0x10  Code  Gb  FWCortex.o [1]
DMA1_Channel4_IRQHandler
                        0x0800b87f     0xc  Code  Gb  FWCortex.o [1]
DMA1_Channel5_IRQHandler
                        0x0800b88b     0xc  Code  Gb  FWCortex.o [1]
DMA1_Channel6_IRQHandler
                        0x0800b897    0x10  Code  Gb  FWCortex.o [1]
DMA1_Channel7_IRQHandler
                        0x0800b8a7    0x10  Code  Gb  FWCortex.o [1]
DMA2_Channel1_IRQHandler
                        0x0800b8b7     0xe  Code  Gb  FWCortex.o [1]
DMA2_Channel2_IRQHandler
                        0x0800b8c5     0xe  Code  Gb  FWCortex.o [1]
DMA2_Channel3_IRQHandler
                        0x0800b8d3    0x10  Code  Gb  FWCortex.o [1]
DMA2_Channel4_IRQHandler
                        0x0800b8e3     0xe  Code  Gb  FWCortex.o [1]
DMA2_Channel5_IRQHandler
                        0x0800b8f1    0x10  Code  Gb  FWCortex.o [1]
EXTI0_IRQHandler        0x0800b7ed     0xe  Code  Gb  FWCortex.o [1]
EXTI15_10_IRQHandler    0x0800b841     0xe  Code  Gb  FWCortex.o [1]
EXTI1_IRQHandler        0x0800b7fb     0xe  Code  Gb  FWCortex.o [1]
EXTI2_IRQHandler        0x0800b809     0xe  Code  Gb  FWCortex.o [1]
EXTI3_IRQHandler        0x0800b817     0xe  Code  Gb  FWCortex.o [1]
EXTI4_IRQHandler        0x0800b825     0xe  Code  Gb  FWCortex.o [1]
EXTI9_5_IRQHandler      0x0800b833     0xe  Code  Gb  FWCortex.o [1]
FFTCmdBufInit           0x0801288f    0x1e  Code  Gb  FFTCortex.o [1]
FFTCopy16sToCmplx       0x0801260d    0xea  Code  Gb  FFTCortex.o [1]
FFTDistortion16u        0x0801284d    0x42  Code  Gb  FFTCortex.o [1]
FFTGetCmdChar           0x080128dd    0x6e  Code  Gb  FFTCortex.o [1]
FFTInit                 0x08012555    0x1c  Code  Gb  FFTCortex.o [1]
FFTPutCmdChar           0x080128ad    0x30  Code  Gb  FFTCortex.o [1]
FFTStart                0x08012571     0x2  Code  Gb  FFTCortex.o [1]
FFTTaskLoop             0x08012573    0x9a  Code  Gb  FFTCortex.o [1]
FFTUpdateFilter         0x080127b3    0x9a  Code  Gb  FFTCortex.o [1]
FFTUpdateSpectrum       0x080126f7    0xbc  Code  Gb  FFTCortex.o [1]
FLASH_IRQHandler        0x0800b79b    0x12  Code  Gb  FWCortex.o [1]
FWCan1Task              0x0800b41b    0x16  Code  Gb  FWCortex.o [1]
FWCan1TaskStk           0x20004f90   0x200  Data  Gb  FWCortex.o [1]
FWCan2Task              0x0800b431    0x16  Code  Gb  FWCortex.o [1]
FWCan2TaskStk           0x20005190   0x200  Data  Gb  FWCortex.o [1]
FWDbTask                0x0800b49f    0x18  Code  Gb  FWCortex.o [1]
FWDbTaskStk             0x20005b90   0x200  Data  Gb  FWCortex.o [1]
FWFftTask               0x0800b4b7    0x18  Code  Gb  FWCortex.o [1]
FWFftTaskStk            0x20001ad8   0x400  Data  Gb  FWCortex.o [1]
FWInit                  0x0800b2c1    0x7a  Code  Gb  FWCortex.o [1]
FWInitClkHSE            0x0800b33d     0x2  Code  Gb  FWCortex.o [1]
FWInitFLASH             0x0800b341     0x2  Code  Gb  FWCortex.o [1]
FWInitPMC               0x0800b33f     0x2  Code  Gb  FWCortex.o [1]
FWInitRCC               0x0800b33b     0x2  Code  Gb  FWCortex.o [1]
FWIrqEnable             0x0800b343    0x1e  Code  Gb  FWCortex.o [1]
FWSci1Task              0x0800b447    0x16  Code  Gb  FWCortex.o [1]
FWSci1TaskStk           0x20005390   0x200  Data  Gb  FWCortex.o [1]
FWSci2Task              0x0800b45d    0x16  Code  Gb  FWCortex.o [1]
FWSci2TaskStk           0x20005590   0x200  Data  Gb  FWCortex.o [1]
FWSci3Task              0x0800b473    0x16  Code  Gb  FWCortex.o [1]
FWSci3TaskStk           0x20005790   0x200  Data  Gb  FWCortex.o [1]
FWSci4Task              0x0800b489    0x16  Code  Gb  FWCortex.o [1]
FWSci4TaskStk           0x20005990   0x200  Data  Gb  FWCortex.o [1]
FWTimerHook             0x0800b39f    0x3e  Code  Gb  FWCortex.o [1]
FWWaitTaskSynchro       0x0800b3dd    0x28  Code  Gb  FWCortex.o [1]
FWWatchdogFeed          0x0800b393     0xc  Code  Gb  FWCortex.o [1]
FWWatchdogInit          0x0800b361    0x32  Code  Gb  FWCortex.o [1]
FWXioTask               0x0800b405    0x16  Code  Gb  FWCortex.o [1]
FWXioTaskStk            0x20004d90   0x200  Data  Gb  FWCortex.o [1]
I2C1_ER_IRQHandler      0x0800bac9     0xe  Code  Gb  FWCortex.o [1]
I2C1_EV_IRQHandler      0x0800babb     0xe  Code  Gb  FWCortex.o [1]
I2C2_ER_IRQHandler      0x0800bae5     0xe  Code  Gb  FWCortex.o [1]
I2C2_EV_IRQHandler      0x0800bad7     0xe  Code  Gb  FWCortex.o [1]
OSCheckStack            0x08010aff    0x32  Code  Gb  OSCortex.o [1]
OSCtxSw                 0x08010dfb          Code  Gb  ASMCortex.o [1]
OSIdleTaskStk           0x20005f90   0x200  Data  Gb  FWCortex.o [1]
OSInit                  0x08010549   0x178  Code  Gb  OSCortex.o [1]
OSInitTimer             0x08010d63    0x1a  Code  Gb  OSCortex.o [1]
OSIntCtxSw              0x08010e03          Code  Gb  ASMCortex.o [1]
OSIntEnter              0x08010737    0x1a  Code  Gb  OSCortex.o [1]
OSIntExit               0x08010751    0x8e  Code  Gb  OSCortex.o [1]
OSIntSemPost            0x08010cd5    0x8e  Code  Gb  OSCortex.o [1]
OSIntTaskResume         0x08010a5b    0x6c  Code  Gb  OSCortex.o [1]
OSSched                 0x080106c1    0x76  Code  Gb  OSCortex.o [1]
OSSemCreate             0x08010b31    0x36  Code  Gb  OSCortex.o [1]
OSSemPend               0x08010b67    0xdc  Code  Gb  OSCortex.o [1]
OSSemPost               0x08010c43    0x92  Code  Gb  OSCortex.o [1]
OSStart                 0x080107df    0x7a  Code  Gb  OSCortex.o [1]
OSStartHighRdy          0x08010e0b          Code  Gb  ASMCortex.o [1]
OSStatInit              0x08010859    0x24  Code  Gb  OSCortex.o [1]
OSStatTaskStk           0x20005d90   0x200  Data  Gb  FWCortex.o [1]
OSTaskCreate            0x080108db   0x100  Code  Gb  OSCortex.o [1]
OSTaskIdle              0x0801087d    0x10  Code  Gb  OSCortex.o [1]
OSTaskStat              0x0800b4cf   0x24c  Code  Gb  FWCortex.o [1]
OSTaskSuspend           0x080109db    0x80  Code  Gb  OSCortex.o [1]
OSTimeDly               0x08010ac7    0x38  Code  Gb  OSCortex.o [1]
OSTimeTick              0x0801088d    0x4e  Code  Gb  OSCortex.o [1]
OS_CPU_SR_Restore       0x08010df5          Code  Gb  ASMCortex.o [1]
OS_CPU_SR_Save          0x08010ded          Code  Gb  ASMCortex.o [1]
OTG_FS_IRQHandler       0x0800b7d1     0xe  Code  Gb  FWCortex.o [1]
OTG_FS_WKUP_IRQHandler  0x0800b7bf    0x12  Code  Gb  FWCortex.o [1]
PVD_IRQHandler          0x0800b753    0x12  Code  Gb  FWCortex.o [1]
PendSV_Handler          0x08010e27          Code  Gb  ASMCortex.o [1]
RCC_IRQHandler          0x0800b7ad    0x12  Code  Gb  FWCortex.o [1]
RTCInit                 0x08010f6d   0x110  Code  Gb  RTCCortex.o [1]
RTC_Alarm_IRQHandler    0x0800b789    0x12  Code  Gb  FWCortex.o [1]
RTC_IRQHandler          0x0800b777    0x12  Code  Gb  FWCortex.o [1]
Region$$Table$$Base     0x08019be8           --   Gb  - Linker created -
Region$$Table$$Limit    0x08019c0c           --   Gb  - Linker created -
SAECheckRxAllTimeOut    0x0801745d    0x42  Code  Gb  SAEJ1939.o [1]
SAEInit                 0x080173f9    0x1e  Code  Gb  SAEJ1939.o [1]
SAEProcessRxMsg         0x080177ad   0x170  Code  Gb  SAEJ1939.o [1]
SAEProcessTxMsg         0x0801791d    0x88  Code  Gb  SAEJ1939.o [1]
SAERxPgnTblInit         0x0801749f   0x2a2  Code  Gb  SAEJ1939.o [1]
SAETxPgnTblInit         0x08017741    0x6c  Code  Gb  SAEJ1939.o [1]
SAEUpdataTxPgnAddr      0x08017417    0x28  Code  Gb  SAEJ1939.o [1]
SAEUpdataTxPgnAddrAll   0x0801743f    0x1e  Code  Gb  SAEJ1939.o [1]
SAEUpdateRxAMCON        0x08017a19     0x2  Code  Gb  SAEJ1939.o [1]
SAEUpdateRxCCPPAR       0x08017dc9     0x8  Code  Gb  SAEJ1939.o [1]
SAEUpdateRxCNFPACK      0x08017a63     0x2  Code  Gb  SAEJ1939.o [1]
SAEUpdateRxCNFPBAM      0x08017a4b    0x18  Code  Gb  SAEJ1939.o [1]
SAEUpdateRxCRPRESS      0x08017c37    0x2a  Code  Gb  SAEJ1939.o [1]
SAEUpdateRxDM1          0x08017b3f    0x3a  Code  Gb  SAEJ1939.o [1]
SAEUpdateRxDM11ACK      0x08017ba9     0x2  Code  Gb  SAEJ1939.o [1]
SAEUpdateRxDM2          0x08017b79    0x2e  Code  Gb  SAEJ1939.o [1]
SAEUpdateRxDM4          0x08017ba7     0x2  Code  Gb  SAEJ1939.o [1]
SAEUpdateRxEEC1         0x080179a5    0x4a  Code  Gb  SAEJ1939.o [1]
SAEUpdateRxEEC2         0x080179ef    0x28  Code  Gb  SAEJ1939.o [1]
SAEUpdateRxEEC3         0x08017a17     0x2  Code  Gb  SAEJ1939.o [1]
SAEUpdateRxEFL          0x08017b05    0x22  Code  Gb  SAEJ1939.o [1]
SAEUpdateRxENGHOUR      0x08017c1b    0x1c  Code  Gb  SAEJ1939.o [1]
SAEUpdateRxENGTEMP      0x08017a65    0x5e  Code  Gb  SAEJ1939.o [1]
SAEUpdateRxINCON        0x08017bab    0x46  Code  Gb  SAEJ1939.o [1]
SAEUpdateRxLFC          0x08017b27    0x18  Code  Gb  SAEJ1939.o [1]
SAEUpdateRxLFE          0x08017ac3    0x42  Code  Gb  SAEJ1939.o [1]
SAEUpdateRxVEHPOW       0x08017bf1    0x2a  Code  Gb  SAEJ1939.o [1]
SAEUpdateRxVEHSPD       0x08017a1b    0x30  Code  Gb  SAEJ1939.o [1]
SAEUpdateTxCCPREQ       0x08017dc1     0x8  Code  Gb  SAEJ1939.o [1]
SAEUpdateTxPGNRQ        0x08017c61    0x94  Code  Gb  SAEJ1939.o [1]
SCI1HardInit            0x08011f57    0x86  Code  Gb  SCI1Cortex.o [1]
SCI1Init                0x0801196d   0x24a  Code  Gb  SCI1Cortex.o [1]
SCI1InitOverTimer       0x08011eb5    0x48  Code  Gb  SCI1Cortex.o [1]
SCI1OverTimerHook       0x08011e4d    0x68  Code  Gb  SCI1Cortex.o [1]
SCI1SetOverTimer        0x08011efd    0x5a  Code  Gb  SCI1Cortex.o [1]
SCI1Start               0x08011bb7    0x58  Code  Gb  SCI1Cortex.o [1]
SCI1TaskLoop            0x08011c0f    0x7e  Code  Gb  SCI1Cortex.o [1]
SCI1TxRxIntHook         0x08011c8d   0x1c0  Code  Gb  SCI1Cortex.o [1]
SCI2BufInit             0x08012329    0x36  Code  Gb  SCI2Cortex.o [1]
SCI2Dma1Ch6IntHook      0x08012313    0x16  Code  Gb  SCI2Cortex.o [1]
SCI2Dma1Ch7IntHook      0x080122fd    0x16  Code  Gb  SCI2Cortex.o [1]
SCI2GetChar             0x080123d1    0x6e  Code  Gb  SCI2Cortex.o [1]
SCI2GetTxChar           0x0801238f    0x42  Code  Gb  SCI2Cortex.o [1]
SCI2HardInit            0x080124ab    0x72  Code  Gb  SCI2Cortex.o [1]
SCI2Init                0x08012069    0x18  Code  Gb  SCI2Cortex.o [1]
SCI2OverTimerHook       0x080122fb     0x2  Code  Gb  SCI2Cortex.o [1]
SCI2PutChar             0x0801243f    0x6c  Code  Gb  SCI2Cortex.o [1]
SCI2PutRxChar           0x0801235f    0x30  Code  Gb  SCI2Cortex.o [1]
SCI2Start               0x08012081    0x4e  Code  Gb  SCI2Cortex.o [1]
SCI2TaskLoop            0x080120cf   0x1ce  Code  Gb  SCI2Cortex.o [1]
SCI2TxRxIntHook         0x0801229d    0x5e  Code  Gb  SCI2Cortex.o [1]
SCI3Dma1Ch2IntHook      0x0800c20f    0x1e  Code  Gb  SCI3Cortex.o [1]
SCI3Dma1Ch3IntHook      0x0800c22d    0x16  Code  Gb  SCI3Cortex.o [1]
SCI3HardInit            0x0800c2e5    0x7e  Code  Gb  SCI3Cortex.o [1]
SCI3Init                0x0800bc41   0x24e  Code  Gb  SCI3Cortex.o [1]
SCI3InitOverTimer       0x0800c243    0x48  Code  Gb  SCI3Cortex.o [1]
SCI3InitTxDma           0x0800c363    0x20  Code  Gb  SCI3Cortex.o [1]
SCI3OverTimerHook       0x0800c161    0xae  Code  Gb  SCI3Cortex.o [1]
SCI3Reset               0x0800bf57    0xa0  Code  Gb  SCI3Cortex.o [1]
SCI3SetOverTimer        0x0800c28b    0x5a  Code  Gb  SCI3Cortex.o [1]
SCI3SetupTxDma          0x0800c383    0x62  Code  Gb  SCI3Cortex.o [1]
SCI3Start               0x0800be8f    0x6a  Code  Gb  SCI3Cortex.o [1]
SCI3Stop                0x0800bef9    0x5e  Code  Gb  SCI3Cortex.o [1]
SCI3TaskLoop            0x0800bff7    0x78  Code  Gb  SCI3Cortex.o [1]
SCI3TxRxIntHook         0x0800c06f    0xf2  Code  Gb  SCI3Cortex.o [1]
SCI4Dma2Ch3IntHook      0x0800c657    0x24  Code  Gb  SCI4Cortex.o [1]
SCI4Dma2Ch5IntHook      0x0800c63b    0x1c  Code  Gb  SCI4Cortex.o [1]
SCI4HardInit            0x0800c8e1    0x82  Code  Gb  SCI4Cortex.o [1]
SCI4Init                0x0800c491    0x1c  Code  Gb  SCI4Cortex.o [1]
SCI4InitRxDma           0x0800c9e9    0x22  Code  Gb  SCI4Cortex.o [1]
SCI4InitTxDma           0x0800c963    0x22  Code  Gb  SCI4Cortex.o [1]
SCI4OverTimerHook       0x0800c639     0x2  Code  Gb  SCI4Cortex.o [1]
SCI4ProcessMsg          0x0800c67b   0x266  Code  Gb  SCI4Cortex.o [1]
SCI4Reset               0x0800c55b    0x62  Code  Gb  SCI4Cortex.o [1]
SCI4SetupRxDma          0x0800ca0b    0x64  Code  Gb  SCI4Cortex.o [1]
SCI4SetupTxDma          0x0800c985    0x64  Code  Gb  SCI4Cortex.o [1]
SCI4Start               0x0800c4ad    0x7e  Code  Gb  SCI4Cortex.o [1]
SCI4Stop                0x0800c52b    0x30  Code  Gb  SCI4Cortex.o [1]
SCI4TaskLoop            0x0800c5bd    0x7a  Code  Gb  SCI4Cortex.o [1]
SCI4TxRxIntHook         0x0800c637     0x2  Code  Gb  SCI4Cortex.o [1]
SFCheckMinMax32u        0x08000c73    0xa2  Code  Gb  SFCortex.o [1]
SFCheckModMsgCrc        0x08000301    0x3a  Code  Gb  SFCortex.o [1]
SFCheckTime             0x08000159    0x16  Code  Gb  SFCortex.o [1]
SFClrSwitchErrSum       0x08007449     0x6  Code  Gb  SFCortex.o [1]
SFClrSwitchOffErr       0x0800743f     0xa  Code  Gb  SFCortex.o [1]
SFClrSwitchOnErr        0x08007435     0xa  Code  Gb  SFCortex.o [1]
SFCompare16u            0x08000a15    0xe4  Code  Gb  SFCortex.o [1]
SFCopy16s               0x0800078d    0x7a  Code  Gb  SFCortex.o [1]
SFCopy16u               0x08000807    0x7a  Code  Gb  SFCortex.o [1]
SFCopyAndSum16u         0x08000881    0x92  Code  Gb  SFCortex.o [1]
SFFill16u               0x08000913    0x56  Code  Gb  SFCortex.o [1]
SFFill32f               0x080009bf    0x56  Code  Gb  SFCortex.o [1]
SFFill32u               0x08000969    0x56  Code  Gb  SFCortex.o [1]
SFFilter16Sum           0x08000d15    0x20  Code  Gb  SFCortex.o [1]
SFFuelStealInit         0x08001621    0x22  Code  Gb  SFCortex.o [1]
SFFuelStealPutLvl       0x08001643    0x58  Code  Gb  SFCortex.o [1]
SFGet1DMap10            0x080013cd    0xa4  Code  Gb  SFCortex.o [1]
SFGet1DMapCst10         0x08001471    0xa4  Code  Gb  SFCortex.o [1]
SFGetAccKvarh           0x08001d07    0x42  Code  Gb  SFCortex.o [1]
SFGetAccKwh             0x08001cc5    0x42  Code  Gb  SFCortex.o [1]
SFGetAccRunTime         0x08001d49    0x32  Code  Gb  SFCortex.o [1]
SFGetAdcRef16u          0x08000d35    0x12  Code  Gb  SFCortex.o [1]
SFGetAirHeaterActive    0x08006f41    0xec  Code  Gb  SFCortex.o [1]
SFGetAve16s             0x08000be5    0x8e  Code  Gb  SFCortex.o [1]
SFGetBeeperActive       0x08007ad1    0xc0  Code  Gb  SFCortex.o [1]
SFGetCoolantFanActive   0x080072e7    0x84  Code  Gb  SFCortex.o [1]
SFGetCrc16Code          0x080002b9    0x36  Code  Gb  SFCortex.o [1]
SFGetEffAve             0x08000dc1    0x98  Code  Gb  SFCortex.o [1]
SFGetEngStsIdling       0x08006eb1    0x48  Code  Gb  SFCortex.o [1]
SFGetEngStsRated        0x08006f01    0x3a  Code  Gb  SFCortex.o [1]
SFGetEngStsRunning      0x08006e71    0x3a  Code  Gb  SFCortex.o [1]
SFGetEngStsStopped      0x08006e37    0x3a  Code  Gb  SFCortex.o [1]
SFGetErrorPidCtrl       0x080017db    0x7e  Code  Gb  SFCortex.o [1]
SFGetFuelSupplyActive   0x080072c1    0x26  Code  Gb  SFCortex.o [1]
SFGetMacAve             0x08000fb1    0xd4  Code  Gb  SFCortex.o [1]
SFGetOilPumpActive      0x08007035    0xbc  Code  Gb  SFCortex.o [1]
SFGetPowerSpectrum      0x08001085    0xee  Code  Gb  SFCortex.o [1]
SFGetReactPwrOfAct      0x08001999    0x32  Code  Gb  SFCortex.o [1]
SFGetSensorLevel        0x08001c03    0xc2  Code  Gb  SFCortex.o [1]
SFGetSensorPres         0x08001ae9   0x11a  Code  Gb  SFCortex.o [1]
SFGetSensorTemp         0x080019cb   0x11a  Code  Gb  SFCortex.o [1]
SFGetSpeedRatedActive   0x0800737d    0x92  Code  Gb  SFCortex.o [1]
SFGetStarterActive      0x080070fd   0x1ae  Code  Gb  SFCortex.o [1]
SFGetStopperActive      0x08007a59    0x66  Code  Gb  SFCortex.o [1]
SFGetSum16u             0x08000af9    0x6e  Code  Gb  SFCortex.o [1]
SFGetSum32f             0x08000b67    0x7e  Code  Gb  SFCortex.o [1]
SFGetSwitchErrSum       0x08007431     0x4  Code  Gb  SFCortex.o [1]
SFGetSwitchOffErr       0x08007429     0x8  Code  Gb  SFCortex.o [1]
SFGetSwitchOnErr        0x08007421     0x8  Code  Gb  SFCortex.o [1]
SFGetSwitchOnLock       0x0800744f     0x8  Code  Gb  SFCortex.o [1]
SFGetSwitchStatus       0x0800741d     0x4  Code  Gb  SFCortex.o [1]
SFHardFreqCheckPeriod   0x080015e1    0x16  Code  Gb  SFCortex.o [1]
SFHardFreqGetFreq       0x080015cd     0xe  Code  Gb  SFCortex.o [1]
SFHardFreqGetPeriod     0x080015db     0x6  Code  Gb  SFCortex.o [1]
SFHardFreqGetPhsDiff    0x080015f7    0x2a  Code  Gb  SFCortex.o [1]
SFHardFreqInit          0x08001515    0x2a  Code  Gb  SFCortex.o [1]
SFHardFreqPutTime       0x08001555    0x78  Code  Gb  SFCortex.o [1]
SFHardFreqRefresh       0x0800153f    0x16  Code  Gb  SFCortex.o [1]
SFI2tTimeOverCheck      0x08001929    0x70  Code  Gb  SFCortex.o [1]
SFI2tTimeOverInit       0x080018c5    0x64  Code  Gb  SFCortex.o [1]
SFInit                  0x08000151     0x8  Code  Gb  SFCortex.o [1]
SFInterp16u             0x08000257    0x62  Code  Gb  SFCortex.o [1]
SFModGetParams          0x08000367    0x4a  Code  Gb  SFCortex.o [1]
SFModSetParam           0x080003b1    0x80  Code  Gb  SFCortex.o [1]
SFModSetParams          0x08000431    0x80  Code  Gb  SFCortex.o [1]
SFMonitorEepDataError   0x08006d25    0x78  Code  Gb  SFCortex.o [1]
SFMonitorEngFilter      0x08006c85    0x98  Code  Gb  SFCortex.o [1]
SFMonitorEngLevel       0x08006885   0x1ae  Code  Gb  SFCortex.o [1]
SFMonitorEngPressure    0x08006715   0x168  Code  Gb  SFCortex.o [1]
SFMonitorEngSpeedDelta  0x080062d5   0x172  Code  Gb  SFCortex.o [1]
SFMonitorEngSpeedHigh   0x080060cf    0xe2  Code  Gb  SFCortex.o [1]
SFMonitorEngSpeedLow    0x080061b9   0x118  Code  Gb  SFCortex.o [1]
SFMonitorEngSpeedRamp   0x0800644d    0x7a  Code  Gb  SFCortex.o [1]
SFMonitorEngStopping    0x080064c7    0x4c  Code  Gb  SFCortex.o [1]
SFMonitorEngTemperature
                        0x0800651d   0x1ec  Code  Gb  SFCortex.o [1]
SFMonitorEngVoltage     0x08006a41   0x23e  Code  Gb  SFCortex.o [1]
SFMonitorGensActPwr     0x08005813   0x106  Code  Gb  SFCortex.o [1]
SFMonitorGensAppPwr     0x08005a31   0x106  Code  Gb  SFCortex.o [1]
SFMonitorGensCurrGnd    0x080055d9   0x11e  Code  Gb  SFCortex.o [1]
SFMonitorGensCurrLong   0x08005471   0x168  Code  Gb  SFCortex.o [1]
SFMonitorGensCurrLongInit
                        0x080053e9    0x4e  Code  Gb  SFCortex.o [1]
SFMonitorGensCurrShort  0x08005105   0x2dc  Code  Gb  SFCortex.o [1]
SFMonitorGensCurrUnb    0x080056f7   0x11c  Code  Gb  SFCortex.o [1]
SFMonitorGensFactor     0x08005c6d   0x148  Code  Gb  SFCortex.o [1]
SFMonitorGensFreq       0x08004cf5   0x218  Code  Gb  SFCortex.o [1]
SFMonitorGensInvPwr     0x08005b41   0x11e  Code  Gb  SFCortex.o [1]
SFMonitorGensMagLost    0x08005db9   0x11a  Code  Gb  SFCortex.o [1]
SFMonitorGensPhase      0x08004f1d   0x1e0  Code  Gb  SFCortex.o [1]
SFMonitorGensReactPwr   0x08005925   0x106  Code  Gb  SFCortex.o [1]
SFMonitorGensReadyToLoad
                        0x08005f6d   0x162  Code  Gb  SFCortex.o [1]
SFMonitorGensSyncTimeOver
                        0x08005ed3    0x8c  Code  Gb  SFCortex.o [1]
SFMonitorGensVolt       0x080047cd   0x51e  Code  Gb  SFCortex.o [1]
SFMonitorMainActPwr     0x08003ef1   0x114  Code  Gb  SFCortex.o [1]
SFMonitorMainAppPwr     0x08004119   0x100  Code  Gb  SFCortex.o [1]
SFMonitorMainCurrGnd    0x08003cc9   0x114  Code  Gb  SFCortex.o [1]
SFMonitorMainCurrLong   0x08003b65   0x15c  Code  Gb  SFCortex.o [1]
SFMonitorMainCurrLongInit
                        0x08003af5    0x4e  Code  Gb  SFCortex.o [1]
SFMonitorMainCurrShort  0x0800383d   0x2b8  Code  Gb  SFCortex.o [1]
SFMonitorMainCurrUnb    0x08003ddd   0x114  Code  Gb  SFCortex.o [1]
SFMonitorMainFreq       0x080034a1   0x1f0  Code  Gb  SFCortex.o [1]
SFMonitorMainPhase      0x080036a5   0x18c  Code  Gb  SFCortex.o [1]
SFMonitorMainReactPwr   0x08004005   0x110  Code  Gb  SFCortex.o [1]
SFMonitorMainRocof      0x0800421d   0x10a  Code  Gb  SFCortex.o [1]
SFMonitorMainSynFreq    0x080045c1   0x12a  Code  Gb  SFCortex.o [1]
SFMonitorMainSynVolt    0x08004441   0x17a  Code  Gb  SFCortex.o [1]
SFMonitorMainVector     0x08004327   0x108  Code  Gb  SFCortex.o [1]
SFMonitorMainVolt       0x08002fa9   0x4ec  Code  Gb  SFCortex.o [1]
SFMonitorMainVoltLost   0x080046fd    0xba  Code  Gb  SFCortex.o [1]
SFMonitorPowerOff       0x08006da5    0x92  Code  Gb  SFCortex.o [1]
SFProcessRxModMsg       0x080004b1   0x2dc  Code  Gb  SFCortex.o [1]
SFResetOneError         0x08002db5   0x1f0  Code  Gb  SFCortex.o [1]
SFResetSwitchDelay      0x080018b7     0xe  Code  Gb  SFCortex.o [1]
SFSetupModMsgCrc        0x0800033b    0x2c  Code  Gb  SFCortex.o [1]
SFSoftFreqInit          0x08001173    0x34  Code  Gb  SFCortex.o [1]
SFSoftFreqRefresh       0x080011a7   0x226  Code  Gb  SFCortex.o [1]
SFSpeedPulseGetSpd      0x0800174b    0x24  Code  Gb  SFCortex.o [1]
SFSpeedPulseInit        0x0800169b    0x78  Code  Gb  SFCortex.o [1]
SFSpeedPulsePutPrd      0x0800176f    0x6c  Code  Gb  SFCortex.o [1]
SFSpeedPulseRefrash     0x08001713    0x38  Code  Gb  SFCortex.o [1]
SFSqrt32u               0x08000171    0xe6  Code  Gb  SFCortex.o [1]
SFSubEffAve             0x08000e59    0x98  Code  Gb  SFCortex.o [1]
SFSubRef16s             0x08000d47    0x7a  Code  Gb  SFCortex.o [1]
SFSwitchDelay           0x08001859    0x5e  Code  Gb  SFCortex.o [1]
SFSwitchOffTimes        0x08007483    0x2c  Code  Gb  SFCortex.o [1]
SFSwitchOnTimes         0x08007457    0x2c  Code  Gb  SFCortex.o [1]
SFTriEffAve             0x08000ef1    0xc0  Code  Gb  SFCortex.o [1]
SFUpdataStatistics      0x08001d7b    0xb2  Code  Gb  SFCortex.o [1]
SFUpdateAnalogStatus    0x08001f21   0x662  Code  Gb  SFCortex.o [1]
SFUpdateBoardKeyStatus  0x08002a51   0x360  Code  Gb  SFCortex.o [1]
SFUpdateHstryStatus     0x08001e2d    0xa2  Code  Gb  SFCortex.o [1]
SFUpdateSwitchCtrl      0x08007541   0x50e  Code  Gb  SFCortex.o [1]
SFUpdateSwitchLock      0x080074af    0x66  Code  Gb  SFCortex.o [1]
SFUpdateSwitchesStatus  0x08002675   0x3d4  Code  Gb  SFCortex.o [1]
SPI1_IRQHandler         0x0800bbd1     0xc  Code  Gb  FWCortex.o [1]
SPI2_IRQHandler         0x0800bbdd     0xc  Code  Gb  FWCortex.o [1]
SPI3_IRQHandler         0x0800bbe9     0xc  Code  Gb  FWCortex.o [1]
SVC_Handler             0x0800b71b    0x12  Code  Gb  FWCortex.o [1]
SetSysClock             0x080196e7     0x8  Code  Lc  system_stm32f10x.o [1]
SetSysClockTo72         0x080196ef   0x110  Code  Lc  system_stm32f10x.o [1]
SysTick_Handler         0x0800b72d    0x14  Code  Gb  FWCortex.o [1]
SystemInit              0x08019681    0x66  Code  Gb  system_stm32f10x.o [1]
TAMPER_IRQHandler       0x0800b765    0x12  Code  Gb  FWCortex.o [1]
TIM1_BRK_IRQHandler     0x0800b981     0xe  Code  Gb  FWCortex.o [1]
TIM1_CC_IRQHandler      0x0800b9ab     0xe  Code  Gb  FWCortex.o [1]
TIM1_TRG_COM_IRQHandler
                        0x0800b99d     0xe  Code  Gb  FWCortex.o [1]
TIM1_UP_IRQHandler      0x0800b98f     0xe  Code  Gb  FWCortex.o [1]
TIM2_IRQHandler         0x0800b9b9    0xba  Code  Gb  FWCortex.o [1]
TIM3_IRQHandler         0x0800ba73    0x10  Code  Gb  FWCortex.o [1]
TIM4_IRQHandler         0x0800ba83     0xe  Code  Gb  FWCortex.o [1]
TIM5_IRQHandler         0x0800ba91     0xe  Code  Gb  FWCortex.o [1]
TIM6_IRQHandler         0x0800ba9f     0xe  Code  Gb  FWCortex.o [1]
TIM7_IRQHandler         0x0800baad     0xe  Code  Gb  FWCortex.o [1]
UART4_IRQHandler        0x0800bc25    0x10  Code  Gb  FWCortex.o [1]
UART5_IRQHandler        0x0800bc35     0xc  Code  Gb  FWCortex.o [1]
USART1_IRQHandler       0x0800bbf5    0x10  Code  Gb  FWCortex.o [1]
USART2_IRQHandler       0x0800bc05    0x10  Code  Gb  FWCortex.o [1]
USART3_IRQHandler       0x0800bc15    0x10  Code  Gb  FWCortex.o [1]
WWDG_IRQHandler         0x0800b741    0x12  Code  Gb  FWCortex.o [1]
XIOAdc1ClearFlags       0x0800f80f    0x12  Code  Gb  XIOCortex.o [1]
XIOAdc1ReadResult       0x0800f805     0xa  Code  Gb  XIOCortex.o [1]
XIOConfigGPIO           0x080102e5    0xbe  Code  Gb  XIOCortex.o [1]
[...]
aSFPressMap3Adc         0x08019fe8    0x14  Data  Gb  SFCortex.o [1]
aSFPressMap3Prs         0x08019ffc    0x14  Data  Gb  SFCortex.o [1]
aSFPressMap4Adc         0x0801a010    0x14  Data  Gb  SFCortex.o [1]
aSFPressMap4Prs         0x0801a024    0x14  Data  Gb  SFCortex.o [1]
aSFPressMap5Adc         0x0801a038    0x14  Data  Gb  SFCortex.o [1]
aSFPressMap5Prs         0x0801a04c    0x14  Data  Gb  SFCortex.o [1]
aSFPressMap6Adc         0x0801a060    0x14  Data  Gb  SFCortex.o [1]
aSFPressMap6Prs         0x0801a074    0x14  Data  Gb  SFCortex.o [1]
aSFPressMap7Adc         0x0801a088    0x14  Data  Gb  SFCortex.o [1]
aSFPressMap7Prs         0x0801a09c    0x14  Data  Gb  SFCortex.o [1]
aSFPressMap8Adc         0x0801a0b0    0x14  Data  Gb  SFCortex.o [1]
aSFPressMap8Prs         0x0801a0c4    0x14  Data  Gb  SFCortex.o [1]
aSFPressMap9Adc         0x0801a0d8    0x14  Data  Gb  SFCortex.o [1]
aSFPressMap9Prs         0x0801a0ec    0x14  Data  Gb  SFCortex.o [1]
aSFTempMap0Adc          0x08019c50    0x14  Data  Gb  SFCortex.o [1]
aSFTempMap0Tmp          0x08019c64    0x14  Data  Gb  SFCortex.o [1]
aSFTempMap10Adc         0x08019de0    0x14  Data  Gb  SFCortex.o [1]
aSFTempMap10Tmp         0x08019df4    0x14  Data  Gb  SFCortex.o [1]
aSFTempMap11Adc         0x08019e08    0x14  Data  Gb  SFCortex.o [1]
aSFTempMap11Tmp         0x08019e1c    0x14  Data  Gb  SFCortex.o [1]
aSFTempMap1Adc          0x08019c78    0x14  Data  Gb  SFCortex.o [1]
aSFTempMap1Tmp          0x08019c8c    0x14  Data  Gb  SFCortex.o [1]
aSFTempMap2Adc          0x08019ca0    0x14  Data  Gb  SFCortex.o [1]
aSFTempMap2Tmp          0x08019cb4    0x14  Data  Gb  SFCortex.o [1]
aSFTempMap3Adc          0x08019cc8    0x14  Data  Gb  SFCortex.o [1]
aSFTempMap3Tmp          0x08019cdc    0x14  Data  Gb  SFCortex.o [1]
aSFTempMap4Adc          0x08019cf0    0x14  Data  Gb  SFCortex.o [1]
aSFTempMap4Tmp          0x08019d04    0x14  Data  Gb  SFCortex.o [1]
aSFTempMap5Adc          0x08019d18    0x14  Data  Gb  SFCortex.o [1]
aSFTempMap5Tmp          0x08019d2c    0x14  Data  Gb  SFCortex.o [1]
aSFTempMap6Adc          0x08019d40    0x14  Data  Gb  SFCortex.o [1]
aSFTempMap6Tmp          0x08019d54    0x14  Data  Gb  SFCortex.o [1]
aSFTempMap7Adc          0x08019d68    0x14  Data  Gb  SFCortex.o [1]
aSFTempMap7Tmp          0x08019d7c    0x14  Data  Gb  SFCortex.o [1]
aSFTempMap8Adc          0x08019d90    0x14  Data  Gb  SFCortex.o [1]
aSFTempMap8Tmp          0x08019da4    0x14  Data  Gb  SFCortex.o [1]
aSFTempMap9Adc          0x08019db8    0x14  Data  Gb  SFCortex.o [1]
aSFTempMap9Tmp          0x08019dcc    0x14  Data  Gb  SFCortex.o [1]
armBitRevIndexTable64   0x08019b24    0x70  Data  Gb  arm_common_tables.o [1]
arm_bitreversal_32      0x08019415          Code  Gb  arm_bitreversal2.o [1]
arm_cfft_f32            0x0801873b    0xe6  Code  Gb  arm_cfft_f32.o [1]
arm_cfft_radix8by2_f32  0x08017dd1   0x28c  Code  Gb  arm_cfft_f32.o [1]
arm_cfft_radix8by4_f32  0x0801805d   0x6de  Code  Gb  arm_cfft_f32.o [1]
arm_cfft_sR_f32_len64   0x0801a150    0x10  Data  Gb  FFTCortex.o [1]
arm_radix8_butterfly_f32
                        0x08018a3d   0x9d8  Code  Gb  arm_cfft_radix8_f32.o [1]
dbOSRdyIndex            0x200077d4     0x4  Data  Gb  OSCortex.o [1]
exit                    0x08019c2b     0x4  Code  Gb  exit.o [3]
fFFTDatBuffer           0x20004b90   0x200  Data  Gb  FFTCortex.o [1]
fFFTDatFilter           0x20006aa8    0x80  Data  Gb  FFTCortex.o [1]
main                    0x0800b26d    0x54  Code  Gb  FWCortex.o [1]
pCAN2EngLeader          0x2000776c     0x4  Data  Gb  CAN2Cortex.o [1]
pCAN2EngThis            0x20007768     0x4  Data  Gb  CAN2Cortex.o [1]
pCAN2EngToStart         0x20007778     0x4  Data  Gb  CAN2Cortex.o [1]
pCAN2EngToStop          0x20007770     0x4  Data  Gb  CAN2Cortex.o [1]
pCAN2EngToSwOn          0x20007774     0x4  Data  Gb  CAN2Cortex.o [1]
pOSEventFreeList        0x200077f0     0x4  Data  Gb  OSCortex.o [1]
pOSTCBCur               0x200077e8     0x4  Data  Gb  OSCortex.o [1]
pOSTCBFree              0x200077ec     0x4  Data  Gb  OSCortex.o [1]
pOSTCBHighRdy           0x200077e4     0x4  Data  Gb  OSCortex.o [1]
pOSTCBPrioTbl           0x20007328    0x40  Data  Gb  OSCortex.o [1]
pXIOAdcDmaBuf           0x200078a4     0x4  Data  Gb  XIOCortex.o [1]
pXIOFftDatBuf           0x200078a8     0x4  Data  Gb  XIOCortex.o [1]
sCAN1IntrRxMsg          0x200076fc     0xc  Data  Gb  CAN1Cortex.o [1]
sCAN1IntrTxMsg          0x20007708     0xc  Data  Gb  CAN1Cortex.o [1]
sCAN1RingBuf            0x20006888    0xe0  Data  Gb  CAN1Cortex.o [1]
sCAN1TaskRxMsg          0x200076e4     0xc  Data  Gb  CAN1Cortex.o [1]
sCAN1TaskTxMsg          0x200076f0     0xc  Data  Gb  CAN1Cortex.o [1]
sCAN2EngTbl             0x20001678   0x460  Data  Gb  CAN2Cortex.o [1]
sCAN2IntrRxMsg          0x2000772c     0xc  Data  Gb  CAN2Cortex.o [1]
sCAN2IntrTxMsg          0x20007738     0xc  Data  Gb  CAN2Cortex.o [1]
sCAN2RingBuf            0x20006190   0x1d0  Data  Gb  CAN2Cortex.o [1]
sCAN2TaskRxMsg          0x20007714     0xc  Data  Gb  CAN2Cortex.o [1]
sCAN2TaskTxMsg          0x20007720     0xc  Data  Gb  CAN2Cortex.o [1]
sCCP10RxPar             0x2000774c     0x8  Data  Gb  CCPCortex.o [1]
sCCP10TxReq             0x20007744     0x8  Data  Gb  CCPCortex.o [1]
sCTLGensSwitch          0x200075d0    0x18  Data  Gb  CTLCortex.o [1]
sCTLKeyErrReset         0x20007754     0x8  Data  Gb  CTLCortex.o [1]
sCTLMainSwitch          0x200075b8    0x18  Data  Gb  CTLCortex.o [1]
sDBCmdRingBuf           0x200075e8    0x18  Data  Gb  DBCortex.o [1]
sDBHstryBlck            0x20007368    0x30  Data  Gb  DBCortex.o [1]
sFFTRingBuf             0x200076d0    0x14  Data  Gb  FFTCortex.o [1]
sOSEventTbl             0x20006968    0xc0  Data  Gb  OSCortex.o [1]
sOSTCBTbl               0x20006360   0x140  Data  Gb  OSCortex.o [1]
sSAERxPgnTbl            0x20006798    0xf0  Data  Gb  SAEJ1939.o [1]
sSAETxPgnTbl            0x20007600    0x18  Data  Gb  SAEJ1939.o [1]
sSCI1ModbusMsg          0x200064a0   0x104  Data  Gb  SCI1Cortex.o [1]
sSCI2RingBuf            0x20007398    0x30  Data  Gb  SCI2Cortex.o [1]
sSCI3ModbusMsg          0x200065a4   0x104  Data  Gb  SCI3Cortex.o [1]
sSFFuelSteal            0x200073c8    0x30  Data  Gb  SFCortex.o [1]
sSFI2tGensCurrA         0x20007660    0x18  Data  Gb  SFCortex.o [1]
sSFI2tGensCurrB         0x20007678    0x18  Data  Gb  SFCortex.o [1]
sSFI2tGensCurrC         0x20007690    0x18  Data  Gb  SFCortex.o [1]
sSFI2tMainCurrA         0x20007618    0x18  Data  Gb  SFCortex.o [1]
sSFI2tMainCurrB         0x20007630    0x18  Data  Gb  SFCortex.o [1]
sSFI2tMainCurrC         0x20007648    0x18  Data  Gb  SFCortex.o [1]
sXIOHardFreq0           0x200073f8    0x2c  Data  Gb  XIOCortex.o [1]
sXIOHardFreq1           0x20007424    0x2c  Data  Gb  XIOCortex.o [1]
sXIOSoftFreq0           0x20007478    0x20  Data  Gb  XIOCortex.o [1]
sXIOSoftFreq1           0x20007498    0x20  Data  Gb  XIOCortex.o [1]
sXIOSoftFreq2           0x200074b8    0x20  Data  Gb  XIOCortex.o [1]
sXIOSoftFreq3           0x200074d8    0x20  Data  Gb  XIOCortex.o [1]
sXIOSoftFreq4           0x200074f8    0x20  Data  Gb  XIOCortex.o [1]
sXIOSoftFreq5           0x20007518    0x20  Data  Gb  XIOCortex.o [1]
sXIOSoftFreq6           0x20007538    0x20  Data  Gb  XIOCortex.o [1]
sXIOSoftFreq7           0x20007558    0x20  Data  Gb  XIOCortex.o [1]
sXIOSoftFreq8           0x20007578    0x20  Data  Gb  XIOCortex.o [1]
sXIOSoftFreq9           0x20007598    0x20  Data  Gb  XIOCortex.o [1]
sXIOSpdPulse0           0x20001018   0x660  Data  Gb  XIOCortex.o [1]
siXIOCrossMac01         0x2000784c     0x4  Data  Gb  XIOCortex.o [1]
siXIOCrossMac23         0x20007850     0x4  Data  Gb  XIOCortex.o [1]
siXIOCrossMac56         0x20007854     0x4  Data  Gb  XIOCortex.o [1]
siXIOCrossMac89         0x20007858     0x4  Data  Gb  XIOCortex.o [1]
siXIOGensActPA          0x2000786c     0x4  Data  Gb  XIOCortex.o [1]
siXIOGensActPAll        0x20007878     0x4  Data  Gb  XIOCortex.o [1]
siXIOGensActPB          0x20007870     0x4  Data  Gb  XIOCortex.o [1]
siXIOGensActPC          0x20007874     0x4  Data  Gb  XIOCortex.o [1]
siXIOMainActPA          0x2000785c     0x4  Data  Gb  XIOCortex.o [1]
siXIOMainActPAll        0x20007868     0x4  Data  Gb  XIOCortex.o [1]
siXIOMainActPB          0x20007860     0x4  Data  Gb  XIOCortex.o [1]
siXIOMainActPC          0x20007864     0x4  Data  Gb  XIOCortex.o [1]
ssFFTDatInput           0x20006a28    0x80  Data  Gb  FFTCortex.o [1]
ssXIOAdcArray0          0x20002d90   0x300  Data  Gb  XIOCortex.o [1]
ssXIOAdcArray1          0x20003090   0x300  Data  Gb  XIOCortex.o [1]
ssXIOAdcArray2          0x20003390   0x300  Data  Gb  XIOCortex.o [1]
ssXIOAdcArray3          0x20003690   0x300  Data  Gb  XIOCortex.o [1]
ssXIOAdcArray4          0x20003990   0x300  Data  Gb  XIOCortex.o [1]
ssXIOAdcArray5          0x20003c90   0x300  Data  Gb  XIOCortex.o [1]
ssXIOAdcArray6          0x20003f90   0x300  Data  Gb  XIOCortex.o [1]
ssXIOAdcArray7          0x20004290   0x300  Data  Gb  XIOCortex.o [1]
ssXIOAdcArray8          0x20004590   0x300  Data  Gb  XIOCortex.o [1]
ssXIOAdcArray9          0x20004890   0x300  Data  Gb  XIOCortex.o [1]
ssXIOAdcChDat0          0x20006b28    0x80  Data  Gb  XIOCortex.o [1]
ssXIOAdcChDat1          0x20006ba8    0x80  Data  Gb  XIOCortex.o [1]
ssXIOAdcChDat10         0x20007028    0x80  Data  Gb  XIOCortex.o [1]
ssXIOAdcChDat11         0x200070a8    0x80  Data  Gb  XIOCortex.o [1]
ssXIOAdcChDat12         0x20007128    0x80  Data  Gb  XIOCortex.o [1]
ssXIOAdcChDat13         0x200071a8    0x80  Data  Gb  XIOCortex.o [1]
ssXIOAdcChDat14         0x20007228    0x80  Data  Gb  XIOCortex.o [1]
ssXIOAdcChDat15         0x200072a8    0x80  Data  Gb  XIOCortex.o [1]
ssXIOAdcChDat2          0x20006c28    0x80  Data  Gb  XIOCortex.o [1]
ssXIOAdcChDat3          0x20006ca8    0x80  Data  Gb  XIOCortex.o [1]
ssXIOAdcChDat4          0x20006d28    0x80  Data  Gb  XIOCortex.o [1]
ssXIOAdcChDat5          0x20006da8    0x80  Data  Gb  XIOCortex.o [1]
ssXIOAdcChDat6          0x20006e28    0x80  Data  Gb  XIOCortex.o [1]
ssXIOAdcChDat7          0x20006ea8    0x80  Data  Gb  XIOCortex.o [1]
ssXIOAdcChDat8          0x20006f28    0x80  Data  Gb  XIOCortex.o [1]
ssXIOAdcChDat9          0x20006fa8    0x80  Data  Gb  XIOCortex.o [1]
ssXIOHardPhsDiffer      0x20007a52     0x2  Data  Gb  XIOCortex.o [1]
ssXIOSoftPhsDiffer      0x20007a50     0x2  Data  Gb  XIOCortex.o [1]
twiddleCoef_64          0x08019480   0x200  Data  Gb  arm_common_tables.o [1]
ucCAN2NumOfNotLocked    0x20007a59     0x1  Data  Gb  CAN2Cortex.o [1]
ucCAN2NumOfNotStop      0x20007a57     0x1  Data  Gb  CAN2Cortex.o [1]
ucCAN2NumOfSwNotOff     0x20007a58     0x1  Data  Gb  CAN2Cortex.o [1]
ucCAN2NumOfTotal        0x20007a56     0x1  Data  Gb  CAN2Cortex.o [1]
ucCAN2RxSwLockCmd       0x20007a5b     0x1  Data  Gb  CAN2Cortex.o [1]
ucCAN2TxSwLockCmd       0x20007a5a     0x1  Data  Gb  CAN2Cortex.o [1]
ucCTLGensSwTry          0x20007a65     0x1  Data  Gb  CTLCortex.o [1]
ucCTLMainSwTry          0x20007a64     0x1  Data  Gb  CTLCortex.o [1]
ucOSIntNesting          0x20007a67     0x1  Data  Gb  OSCortex.o [1]
ucOSPrioCur             0x20007a68     0x1  Data  Gb  OSCortex.o [1]
ucOSPrioHighRdy         0x20007a69     0x1  Data  Gb  OSCortex.o [1]
ucOSRunning             0x20007a66     0x1  Data  Gb  OSCortex.o [1]
ucOSUnMapTbl            0x08019824   0x100  Data  Gb  OSCortex.o [1]
ucSCI1CtrlStep          0x20007a6b     0x1  Data  Gb  SCI1Cortex.o [1]
ucSCI1RxByteCnt         0x20007a6c     0x1  Data  Gb  SCI1Cortex.o [1]
ucSCI1TxByteCnt         0x20007a6d     0x1  Data  Gb  SCI1Cortex.o [1]
ucSCI3CtrlStep          0x20007a6e     0x1  Data  Gb  SCI3Cortex.o [1]
ucSCI3RxByteCnt         0x20007a6f     0x1  Data  Gb  SCI3Cortex.o [1]
ucSCI3TxByteCnt         0x20007a70     0x1  Data  Gb  SCI3Cortex.o [1]
uiCAN1Status            0x2000775c     0x4  Data  Gb  CAN1Cortex.o [1]
uiCAN2Status            0x20007764     0x4  Data  Gb  CAN2Cortex.o [1]
uiCTLStatus             0x200077b8     0x4  Data  Gb  CTLCortex.o [1]
uiDBStatus              0x200077c4     0x4  Data  Gb  DBCortex.o [1]
uiFFTStatus             0x200077c8     0x4  Data  Gb  FFTCortex.o [1]
uiFWStatus              0x200077cc     0x4  Data  Gb  FWCortex.o [1]
uiFWSynchro             0x200077d0     0x4  Data  Gb  FWCortex.o [1]
uiOSIdleCtr             0x200077dc     0x4  Data  Gb  OSCortex.o [1]
uiOSIdleCtrMax          0x200077d8     0x4  Data  Gb  OSCortex.o [1]
uiOSTime                0x200077e0     0x4  Data  Gb  OSCortex.o [1]
uiRTCStatus             0x200077f4     0x4  Data  Gb  RTCCortex.o [1]
uiSAEStatus             0x200077f8     0x4  Data  Gb  SAEJ1939.o [1]
uiSCI1BaudRate          0x20007800     0x4  Data  Gb  SCI1Cortex.o [1]
uiSCI1Status            0x200077fc     0x4  Data  Gb  SCI1Cortex.o [1]
uiSCI2Status            0x20007804     0x4  Data  Gb  SCI2Cortex.o [1]
uiSCI3BaudRate          0x2000780c     0x4  Data  Gb  SCI3Cortex.o [1]
uiSCI3Status            0x20007808     0x4  Data  Gb  SCI3Cortex.o [1]
uiSCI4Status            0x20007810     0x4  Data  Gb  SCI4Cortex.o [1]
uiSFStatus              0x20007814     0x4  Data  Gb  SFCortex.o [1]
uiXIOAdcRefSum0         0x200078ac     0x4  Data  Gb  XIOCortex.o [1]
uiXIOAdcRefSum1         0x200078b0     0x4  Data  Gb  XIOCortex.o [1]
uiXIOAdcRefSum2         0x200078b4     0x4  Data  Gb  XIOCortex.o [1]
uiXIOAdcRefSum3         0x200078b8     0x4  Data  Gb  XIOCortex.o [1]
uiXIOAdcRefSum4         0x200078bc     0x4  Data  Gb  XIOCortex.o [1]
uiXIOAdcRefSum5         0x200078c0     0x4  Data  Gb  XIOCortex.o [1]
uiXIOAdcRefSum6         0x200078c4     0x4  Data  Gb  XIOCortex.o [1]
uiXIOAdcRefSum7         0x200078c8     0x4  Data  Gb  XIOCortex.o [1]
uiXIOAdcRefSum8         0x200078cc     0x4  Data  Gb  XIOCortex.o [1]
uiXIOAdcRefSum9         0x200078d0     0x4  Data  Gb  XIOCortex.o [1]
uiXIOGensActPrd         0x20007890     0x4  Data  Gb  XIOCortex.o [1]
uiXIOHardPrdGensA       0x20007894     0x4  Data  Gb  XIOCortex.o [1]
uiXIOHardPrdMainA       0x20007880     0x4  Data  Gb  XIOCortex.o [1]
uiXIOMainActPrd         0x2000787c     0x4  Data  Gb  XIOCortex.o [1]
uiXIOSoftPrdGensA       0x20007898     0x4  Data  Gb  XIOCortex.o [1]
uiXIOSoftPrdGensB       0x2000789c     0x4  Data  Gb  XIOCortex.o [1]
uiXIOSoftPrdGensC       0x200078a0     0x4  Data  Gb  XIOCortex.o [1]
uiXIOSoftPrdMainA       0x20007884     0x4  Data  Gb  XIOCortex.o [1]
uiXIOSoftPrdMainB       0x20007888     0x4  Data  Gb  XIOCortex.o [1]
uiXIOSoftPrdMainC       0x2000788c     0x4  Data  Gb  XIOCortex.o [1]
uiXIOStatus             0x20007848     0x4  Data  Gb  XIOCortex.o [1]
usFFTCalcTime           0x200078fa     0x2  Data  Gb  FFTCortex.o [1]
usFW100msTimer          0x200078fe     0x2  Data  Gb  FWCortex.o [1]
usFW5msTimer            0x200078fc     0x2  Data  Gb  FWCortex.o [1]
usFWCan1StackUsage      0x20007902     0x2  Data  Gb  FWCortex.o [1]
usFWCan2StackUsage      0x20007904     0x2  Data  Gb  FWCortex.o [1]
usFWDbStackUsage        0x2000790e     0x2  Data  Gb  FWCortex.o [1]
usFWFftStackUsage       0x20007910     0x2  Data  Gb  FWCortex.o [1]
usFWSci1StackUsage      0x20007906     0x2  Data  Gb  FWCortex.o [1]
usFWSci2StackUsage      0x20007908     0x2  Data  Gb  FWCortex.o [1]
usFWSci3StackUsage      0x2000790a     0x2  Data  Gb  FWCortex.o [1]
usFWSci4StackUsage      0x2000790c     0x2  Data  Gb  FWCortex.o [1]
usFWXioStackUsage       0x20007900     0x2  Data  Gb  FWCortex.o [1]
usOSCPUUsage            0x20007916     0x2  Data  Gb  OSCortex.o [1]
usOSIdleStackUsage      0x20007914     0x2  Data  Gb  FWCortex.o [1]
usOSStatStackUsage      0x20007912     0x2  Data  Gb  FWCortex.o [1]
usOSTimeOverCnt         0x20007918     0x2  Data  Gb  OSCortex.o [1]
usSCI1OverTime1P5       0x2000791a     0x2  Data  Gb  SCI1Cortex.o [1]
usSCI1OverTime2P0       0x2000791c     0x2  Data  Gb  SCI1Cortex.o [1]
usSCI1OverTime2P5       0x2000791e     0x2  Data  Gb  SCI1Cortex.o [1]
usSCI1OverTime4P0       0x20007920     0x2  Data  Gb  SCI1Cortex.o [1]
usSCI1OverTime4P5       0x20007922     0x2  Data  Gb  SCI1Cortex.o [1]
usSCI3OverTime1P5       0x20007924     0x2  Data  Gb  SCI3Cortex.o [1]
usSCI3OverTime2P0       0x20007926     0x2  Data  Gb  SCI3Cortex.o [1]
usSCI3OverTime2P5       0x20007928     0x2  Data  Gb  SCI3Cortex.o [1]
usSCI3OverTime4P0       0x2000792a     0x2  Data  Gb  SCI3Cortex.o [1]
usSCI3OverTime4P5       0x2000792c     0x2  Data  Gb  SCI3Cortex.o [1]
usXIOAdcChEff0          0x20007a10     0x2  Data  Gb  XIOCortex.o [1]
usXIOAdcChEff1          0x20007a12     0x2  Data  Gb  XIOCortex.o [1]
usXIOAdcChEff14         0x20007a24     0x2  Data  Gb  XIOCortex.o [1]
usXIOAdcChEff147        0x20007a2a     0x2  Data  Gb  XIOCortex.o [1]
usXIOAdcChEff17         0x20007a26     0x2  Data  Gb  XIOCortex.o [1]
usXIOAdcChEff2          0x20007a14     0x2  Data  Gb  XIOCortex.o [1]
usXIOAdcChEff25         0x20007a2c     0x2  Data  Gb  XIOCortex.o [1]
usXIOAdcChEff28         0x20007a2e     0x2  Data  Gb  XIOCortex.o [1]
usXIOAdcChEff3          0x20007a16     0x2  Data  Gb  XIOCortex.o [1]
usXIOAdcChEff369        0x20007a32     0x2  Data  Gb  XIOCortex.o [1]
usXIOAdcChEff4          0x20007a18     0x2  Data  Gb  XIOCortex.o [1]
usXIOAdcChEff47         0x20007a28     0x2  Data  Gb  XIOCortex.o [1]
usXIOAdcChEff5          0x20007a1a     0x2  Data  Gb  XIOCortex.o [1]
usXIOAdcChEff58         0x20007a30     0x2  Data  Gb  XIOCortex.o [1]
usXIOAdcChEff6          0x20007a1c     0x2  Data  Gb  XIOCortex.o [1]
usXIOAdcChEff7          0x20007a1e     0x2  Data  Gb  XIOCortex.o [1]
usXIOAdcChEff8          0x20007a20     0x2  Data  Gb  XIOCortex.o [1]
usXIOAdcChEff9          0x20007a22     0x2  Data  Gb  XIOCortex.o [1]
usXIOAdcChRef0          0x200079fc     0x2  Data  Gb  XIOCortex.o [1]
usXIOAdcChRef1          0x200079fe     0x2  Data  Gb  XIOCortex.o [1]
usXIOAdcChRef2          0x20007a00     0x2  Data  Gb  XIOCortex.o [1]
usXIOAdcChRef3          0x20007a02     0x2  Data  Gb  XIOCortex.o [1]
usXIOAdcChRef4          0x20007a04     0x2  Data  Gb  XIOCortex.o [1]
usXIOAdcChRef5          0x20007a06     0x2  Data  Gb  XIOCortex.o [1]
usXIOAdcChRef6          0x20007a08     0x2  Data  Gb  XIOCortex.o [1]
usXIOAdcChRef7          0x20007a0a     0x2  Data  Gb  XIOCortex.o [1]
usXIOAdcChRef8          0x20007a0c     0x2  Data  Gb  XIOCortex.o [1]
usXIOAdcChRef9          0x20007a0e     0x2  Data  Gb  XIOCortex.o [1]
usXIOAdcDmaBuf0         0x20000018   0x800  Data  Gb  XIOCortex.o [1]
usXIOAdcDmaBuf1         0x20000818   0x800  Data  Gb  XIOCortex.o [1]
usXIOCalcTime           0x200079f8     0x2  Data  Gb  XIOCortex.o [1]
usXIOCalcTimer          0x200079fa     0x2  Data  Gb  XIOCortex.o [1]
usXIOHardFreqGensA      0x20007a42     0x2  Data  Gb  XIOCortex.o [1]
usXIOHardFreqMainA      0x20007a34     0x2  Data  Gb  XIOCortex.o [1]
usXIOSoftFreqGensA      0x20007a44     0x2  Data  Gb  XIOCortex.o [1]
usXIOSoftFreqGensB      0x20007a46     0x2  Data  Gb  XIOCortex.o [1]
usXIOSoftFreqGensC      0x20007a48     0x2  Data  Gb  XIOCortex.o [1]
usXIOSoftFreqMainA      0x20007a36     0x2  Data  Gb  XIOCortex.o [1]
usXIOSoftFreqMainB      0x20007a38     0x2  Data  Gb  XIOCortex.o [1]
usXIOSoftFreqMainC      0x20007a3a     0x2  Data  Gb  XIOCortex.o [1]
usXIOSoftPhsGensA       0x20007a4a     0x2  Data  Gb  XIOCortex.o [1]
usXIOSoftPhsGensB       0x20007a4c     0x2  Data  Gb  XIOCortex.o [1]
usXIOSoftPhsGensC       0x20007a4e     0x2  Data  Gb  XIOCortex.o [1]
usXIOSoftPhsMainA       0x20007a3c     0x2  Data  Gb  XIOCortex.o [1]
usXIOSoftPhsMainB       0x20007a3e     0x2  Data  Gb  XIOCortex.o [1]
usXIOSoftPhsMainC       0x20007a40     0x2  Data  Gb  XIOCortex.o [1]


[1] = E:\SoftWare\SoftGenSet001\Debug\Obj
[2] = command line
[3] = dl7M_tln.a
[4] = m7M_tl.a
[5] = rt7M_tl.a
[6] = shb_l.a

  104 174 bytes of readonly  code memory
    2 750 bytes of readonly  data memory
   35 441 bytes of readwrite data memory

Errors: none
Warnings: none
