<html>
<body>
<pre>
<h1>µVision Build Log</h1>
<h2>Tool Versions:</h2>
IDE-Version: ¦ÌVision V5.17.0.0
Copyright (C) 2015 ARM Ltd and ARM Germany GmbH. All rights reserved.
License Information: zc zc, zc, LIC=58545-GI8C6-9G970-BEHFD-2TW5B-5B3EU
 
Tool Versions:
Toolchain:       MDK-ARM Standard  Version: 5.17
Toolchain Path:  D:\Keil5\ARM\ARMCC\Bin
C Compiler:      Armcc.exe V5.06 update 1 (build 61)
Assembler:       Armasm.exe V5.06 update 1 (build 61)
Linker/Locator:  ArmLink.exe V5.06 update 1 (build 61)
Library Manager: ArmAr.exe V5.06 update 1 (build 61)
Hex Converter:   FromElf.exe V5.06 update 1 (build 61)
CPU DLL:         SARMCM3.DLL V5.17
Dialog DLL:      DCM.DLL V1.13.4.0
Target DLL:      Segger\JL2CM3.dll V2.99.16.0
Dialog DLL:      TCM.DLL V1.14.6.0
 
<h2>Project:</h2>
E:\CortexCODE\TEST\BaseOnGEC4000\CommunicationBy4000V1.04\GEC4010.uvprojx
Project File Date:  09/11/2018

<h2>Output:</h2>
*** Using Compiler 'V5.06 update 1 (build 61)', folder: 'D:\Keil5\ARM\ARMCC\Bin'
Build target 'GEC4010'
compiling USART1Cortex.c...
BSP\RS485\USART1Cortex.c(158): warning:  #550-D: variable "ucTmp" was set but never used
  	  INT08U ucTmp;
BSP\RS485\USART1Cortex.c(159): warning:  #177-D: variable "usBegin" was declared but never referenced
      INT08U Data16uleng,usBegin;
BSP\RS485\USART1Cortex.c: 2 warnings, 0 errors
linking...
Program Size: Code=14448 RO-data=1136 RW-data=124 ZI-data=9364  
".\Objects\GEC4010.axf" - 0 Error(s), 2 Warning(s).

<h2>Collection of Component include folders:</h2>
  E:\CortexCODE\TEST\BaseOnGEC4000\CommunicationBy4000V1.04\RTE
  D:\Keil5\ARM\PACK\Keil\STM32F1xx_DFP\1.1.0\Device\Include

<h2>Collection of Component Files used:</h2>
Build Time Elapsed:  00:00:02
</pre>
</body>
</html>
