<html>
<body>
<pre>
<h1>礦ision Build Log</h1>
<h2>Tool Versions:</h2>
IDE-Version: μVision V5.17.0.0
Copyright (C) 2015 ARM Ltd and ARM Germany GmbH. All rights reserved.
License Information: zc zc, zc, LIC=58545-GI8C6-9G970-BEHFD-2TW5B-5B3EU
 
Tool Versions:
Toolchain:       MDK-ARM Standard  Version: 5.17
Toolchain Path:  D:\Keil5\ARM\ARMCC\Bin
C Compiler:      Armcc.exe V5.06 update 1 (build 61)
Assembler:       Armasm.exe V5.06 update 1 (build 61)
Linker/Locator:  ArmLink.exe V5.06 update 1 (build 61)
Library Manager: ArmAr.exe V5.06 update 1 (build 61)
Hex Converter:   FromElf.exe V5.06 update 1 (build 61)
CPU DLL:         SARMCM3.DLL V5.17
Dialog DLL:      DCM.DLL V1.13.4.0
Target DLL:      Segger\JL2CM3.dll V2.99.16.0
Dialog DLL:      TCM.DLL V1.14.6.0
 
<h2>Project:</h2>
E:\CortexCODE\TEST\BaseOnGEC4000\CommunicationBy4000V1.07\GEC4010.uvprojx
Project File Date:  09/17/2018

<h2>Output:</h2>
*** Using Compiler 'V5.06 update 1 (build 61)', folder: 'D:\Keil5\ARM\ARMCC\Bin'
Build target 'GEC4010'
compiling TestShow.c...
BSP\LCDDrive\TestShow.c(440): warning:  #177-D: variable "MsgLong" was declared but never referenced
  		INT08U MsgLong = SF_UC_LOW(*usDBhRS485RXBuff);  //取??一????-??志-?暮?8位
BSP\LCDDrive\TestShow.c(443): warning:  #177-D: variable "DataAdd" was declared but never referenced
  	  INT16U* DataAdd = (usDBhRS485RXBuff+1);
BSP\LCDDrive\TestShow.c(444): warning:  #177-D: variable "i" was declared but never referenced
  	  INT08U i = 0;
BSP\LCDDrive\TestShow.c(493): warning:  #177-D: variable "MsgLong" was declared but never referenced
  		INT08U MsgLong = 8;
BSP\LCDDrive\TestShow.c(496): warning:  #177-D: variable "DataAdd" was declared but never referenced
  	  INT16U* DataAdd = usDBhCANRXBuff;
BSP\LCDDrive\TestShow.c(497): warning:  #177-D: variable "i" was declared but never referenced
  	  INT08U i = 0;
BSP\LCDDrive\TestShow.c: 6 warnings, 0 errors
linking...
Program Size: Code=33252 RO-data=35348 RW-data=776 ZI-data=17192  
".\Objects\GEC4010.axf" - 0 Error(s), 6 Warning(s).

<h2>Collection of Component include folders:</h2>
  E:\CortexCODE\TEST\BaseOnGEC4000\CommunicationBy4000V1.07\RTE
  D:\Keil5\ARM\PACK\Keil\STM32F1xx_DFP\1.1.0\Device\Include

<h2>Collection of Component Files used:</h2>
Build Time Elapsed:  00:00:07
</pre>
</body>
</html>
