Component: ARM Compiler 5.06 update 1 (build 61) Tool: armlink [4d35a8]

==============================================================================

Section Cross References

    startup_stm32f10x_hd.o(RESET) refers to startup_stm32f10x_hd.o(STACK) for __initial_sp
    startup_stm32f10x_hd.o(RESET) refers to startup_stm32f10x_hd.o(.text) for Reset_Handler
    startup_stm32f10x_hd.o(RESET) refers to stm32f10x_it.o(.text) for NMI_Handler
    startup_stm32f10x_hd.o(.text) refers to system_stm32f10x.o(.text) for SystemInit
    startup_stm32f10x_hd.o(.text) refers to entry.o(.ARM.Collect$$$$00000000) for __main
    main.o(.text) refers to memseta.o(.text) for __aeabi_memclr4
    main.o(.text) refers to systick.o(.text) for SysTick_Init
    main.o(.text) refers to guicore.o(.text) for GUI_Init
    main.o(.text) refers to lcd.o(.text) for LCD_Str_R
    main.o(.text) refers to printf8.o(i.__0sprintf$8) for __2sprintf
    main.o(.text) refers to gui_dispstringat.o(.text) for GUI_DispStringAt
    main.o(.text) refers to gui_goto.o(.text) for GUI_GotoXY
    main.o(.text) refers to guival.o(.text) for GUI_DispDecSpace
    main.o(.text) refers to main.o(.constdata) for .constdata
    main.o(.text) refers to main.o(.bss) for TESTZCNUM
    stm32f10x_it.o(.text) refers to stm32f10x_exti.o(.text) for EXTI_GetITStatus
    stm32f10x_it.o(.text) refers to stm32f10x_gpio.o(.text) for GPIO_ResetBits
    stm32f10x_it.o(.text) refers to systick.o(.text) for TimingDelay_Decrement
    stm32f10x_it.o(.text) refers to stm32f10x_it.o(.data) for touch_flag
    touch.o(.text) refers to stm32f10x_rcc.o(.text) for RCC_APB2PeriphClockCmd
    touch.o(.text) refers to stm32f10x_spi.o(.text) for SPI_Cmd
    touch.o(.text) refers to misc.o(.text) for NVIC_PriorityGroupConfig
    touch.o(.text) refers to stm32f10x_gpio.o(.text) for GPIO_Init
    touch.o(.text) refers to stm32f10x_exti.o(.text) for EXTI_Init
    touch.o(.text) refers to lcd.o(.text) for LCD_Rectangle
    touch.o(.text) refers to memseta.o(.text) for __aeabi_memclr4
    touch.o(.text) refers to touch.o(.data) for Pen_color
    touch.o(.text) refers to stm32f10x_it.o(.data) for touch_flag
    touch.o(.text) refers to dflti.o(.text) for __aeabi_i2d
    touch.o(.text) refers to cdcmple.o(.text) for __aeabi_cdcmpeq
    touch.o(.text) refers to dfltui.o(.text) for __aeabi_ui2d
    touch.o(.text) refers to dmul.o(.text) for __aeabi_dmul
    touch.o(.text) refers to dadd.o(.text) for __aeabi_dadd
    touch.o(.text) refers to dfixui.o(.text) for __aeabi_d2uiz
    touch.o(.text) refers to lcd_botton.o(.text) for Set_direction
    touch.o(.text) refers to systick.o(.text) for Delay_us
    touch.o(.text) refers to ddiv.o(.text) for __aeabi_ddiv
    touch.o(.text) refers to touch.o(.bss) for touch_para
    systick.o(.text) refers to system_stm32f10x.o(.data) for SystemCoreClock
    systick.o(.text) refers to systick.o(.data) for TimingDelay
    lcd_botton.o(.text) refers to stm32f10x_gpio.o(.text) for GPIO_ResetBits
    lcd_botton.o(.text) refers to systick.o(.text) for Delay_us
    lcd_botton.o(.text) refers to lcd_botton.o(.data) for display_direction
    lcd.o(.text) refers to lcd_botton.o(.text) for LCD_GPIO_Config
    lcd.o(.text) refers to lcd.o(.data) for POINT_COLOR
    lcd.o(.text) refers to lcd.o(.constdata) for asc2_1206
    lcd.o(.text) refers to lcd_botton.o(.data) for display_direction
    lcd_gui.o(.text) refers to gui_setcolor.o(.text) for GUI_SetColor
    lcd_gui.o(.text) refers to gui_dispstringat.o(.text) for GUI_DispStringAt
    lcd_gui.o(.text) refers to systick.o(.text) for Delay_us
    lcd_gui.o(.text) refers to guicore.o(.text) for GUI_Clear
    lcd_gui.o(.text) refers to gui_setfont.o(.text) for GUI_SetFont
    lcd_gui.o(.text) refers to f24b_ascii.o(.constdata) for GUI_Font24B_ASCII
    stm32f10x_gpio.o(.text) refers to stm32f10x_rcc.o(.text) for RCC_APB2PeriphResetCmd
    stm32f10x_gpio.o(.text) refers to stm32f10x_gpio.o(.bss) for TESTZCGPIO
    stm32f10x_gpio.o(.text) refers to stm32f10x_gpio.o(.data) for TESTZCSIGN
    stm32f10x_rcc.o(.text) refers to stm32f10x_rcc.o(.data) for APBAHBPrescTable
    stm32f10x_spi.o(.text) refers to stm32f10x_rcc.o(.text) for RCC_APB2PeriphResetCmd
    system_stm32f10x.o(.text) refers to system_stm32f10x.o(.data) for SystemCoreClock
    gui__addspacehex.o(.text) refers to gui_addhex.o(.text) for GUI_AddHex
    gui__calctextrect.o(.text) refers to gui_getstringdistx.o(.text) for GUI_GetStringDistX
    gui__calctextrect.o(.text) refers to guichar.o(.text) for GUI_GetFontDistY
    gui__getfontsizey.o(.text) refers to guicore.o(.bss) for GUI_Context
    gui__getnumchars.o(.text) refers to gui_uc.o(.text) for GUI_UC__GetCharCodeInc
    gui__settext.o(.text) refers to gui__strcmp.o(.text) for GUI__strcmp_hp
    gui__settext.o(.text) refers to gui__strlen.o(.text) for GUI__strlen
    gui__settext.o(.text) refers to guialloc.o(.text) for GUI_ALLOC_AllocNoInit
    gui__settext.o(.text) refers to strcpy.o(.text) for strcpy
[...]
    ..\GUI\Widget\LISTBOX_GetNumItems.c      0x00000000   Number         0  listbox_getnumitems.o ABSOLUTE
    ..\GUI\Widget\LISTBOX_InsertString.c     0x00000000   Number         0  listbox_insertstring.o ABSOLUTE
    ..\GUI\Widget\LISTBOX_ItemDisabled.c     0x00000000   Number         0  listbox_itemdisabled.o ABSOLUTE
    ..\GUI\Widget\LISTBOX_ItemSpacing.c      0x00000000   Number         0  listbox_itemspacing.o ABSOLUTE
    ..\GUI\Widget\LISTBOX_MultiSel.c         0x00000000   Number         0  listbox_multisel.o ABSOLUTE
    ..\GUI\Widget\LISTBOX_ScrollStep.c       0x00000000   Number         0  listbox_scrollstep.o ABSOLUTE
    ..\GUI\Widget\LISTBOX_SetAutoScroll.c    0x00000000   Number         0  listbox_setautoscroll.o ABSOLUTE
    ..\GUI\Widget\LISTBOX_SetBkColor.c       0x00000000   Number         0  listbox_setbkcolor.o ABSOLUTE
    ..\GUI\Widget\LISTBOX_SetOwner.c         0x00000000   Number         0  listbox_setowner.o ABSOLUTE
    ..\GUI\Widget\LISTBOX_SetOwnerDraw.c     0x00000000   Number         0  listbox_setownerdraw.o ABSOLUTE
    ..\GUI\Widget\LISTBOX_SetScrollbarWidth.c 0x00000000   Number         0  listbox_setscrollbarwidth.o ABSOLUTE
    ..\GUI\Widget\LISTBOX_SetString.c        0x00000000   Number         0  listbox_setstring.o ABSOLUTE
    ..\GUI\Widget\LISTBOX_SetTextColor.c     0x00000000   Number         0  listbox_settextcolor.o ABSOLUTE
    ..\GUI\Widget\LISTVIEW.c                 0x00000000   Number         0  listview.o ABSOLUTE
    ..\GUI\Widget\LISTVIEW_Create.c          0x00000000   Number         0  listview_create.o ABSOLUTE
    ..\GUI\Widget\LISTVIEW_CreateIndirect.c  0x00000000   Number         0  listview_createindirect.o ABSOLUTE
    ..\GUI\Widget\LISTVIEW_Default.c         0x00000000   Number         0  listview_default.o ABSOLUTE
    ..\GUI\Widget\LISTVIEW_DeleteColumn.c    0x00000000   Number         0  listview_deletecolumn.o ABSOLUTE
    ..\GUI\Widget\LISTVIEW_DeleteRow.c       0x00000000   Number         0  listview_deleterow.o ABSOLUTE
    ..\GUI\Widget\LISTVIEW_GetBkColor.c      0x00000000   Number         0  listview_getbkcolor.o ABSOLUTE
    ..\GUI\Widget\LISTVIEW_GetFont.c         0x00000000   Number         0  listview_getfont.o ABSOLUTE
    ..\GUI\Widget\LISTVIEW_GetHeader.c       0x00000000   Number         0  listview_getheader.o ABSOLUTE
    ..\GUI\Widget\LISTVIEW_GetNumColumns.c   0x00000000   Number         0  listview_getnumcolumns.o ABSOLUTE
    ..\GUI\Widget\LISTVIEW_GetNumRows.c      0x00000000   Number         0  listview_getnumrows.o ABSOLUTE
    ..\GUI\Widget\LISTVIEW_GetSel.c          0x00000000   Number         0  listview_getsel.o ABSOLUTE
    ..\GUI\Widget\LISTVIEW_GetTextColor.c    0x00000000   Number         0  listview_gettextcolor.o ABSOLUTE
    ..\GUI\Widget\LISTVIEW_SetBkColor.c      0x00000000   Number         0  listview_setbkcolor.o ABSOLUTE
    ..\GUI\Widget\LISTVIEW_SetColumnWidth.c  0x00000000   Number         0  listview_setcolumnwidth.o ABSOLUTE
    ..\GUI\Widget\LISTVIEW_SetFont.c         0x00000000   Number         0  listview_setfont.o ABSOLUTE
    ..\GUI\Widget\LISTVIEW_SetGridVis.c      0x00000000   Number         0  listview_setgridvis.o ABSOLUTE
    ..\GUI\Widget\LISTVIEW_SetItemColor.c    0x00000000   Number         0  listview_setitemcolor.o ABSOLUTE
    ..\GUI\Widget\LISTVIEW_SetItemText.c     0x00000000   Number         0  listview_setitemtext.o ABSOLUTE
    ..\GUI\Widget\LISTVIEW_SetLBorder.c      0x00000000   Number         0  listview_setlborder.o ABSOLUTE
    ..\GUI\Widget\LISTVIEW_SetRBorder.c      0x00000000   Number         0  listview_setrborder.o ABSOLUTE
    ..\GUI\Widget\LISTVIEW_SetRowHeight.c    0x00000000   Number         0  listview_setrowheight.o ABSOLUTE
    ..\GUI\Widget\LISTVIEW_SetSel.c          0x00000000   Number         0  listview_setsel.o ABSOLUTE
    ..\GUI\Widget\LISTVIEW_SetTextAlign.c    0x00000000   Number         0  listview_settextalign.o ABSOLUTE
    ..\GUI\Widget\LISTVIEW_SetTextColor.c    0x00000000   Number         0  listview_settextcolor.o ABSOLUTE
    ..\GUI\Widget\MENU.c                     0x00000000   Number         0  menu.o ABSOLUTE
    ..\GUI\Widget\MENU_Attach.c              0x00000000   Number         0  menu_attach.o ABSOLUTE
    ..\GUI\Widget\MENU_CreateIndirect.c      0x00000000   Number         0  menu_createindirect.o ABSOLUTE
    ..\GUI\Widget\MENU_Default.c             0x00000000   Number         0  menu_default.o ABSOLUTE
    ..\GUI\Widget\MENU_DeleteItem.c          0x00000000   Number         0  menu_deleteitem.o ABSOLUTE
    ..\GUI\Widget\MENU_DisableItem.c         0x00000000   Number         0  menu_disableitem.o ABSOLUTE
    ..\GUI\Widget\MENU_EnableItem.c          0x00000000   Number         0  menu_enableitem.o ABSOLUTE
    ..\GUI\Widget\MENU_GetItem.c             0x00000000   Number         0  menu_getitem.o ABSOLUTE
    ..\GUI\Widget\MENU_GetItemText.c         0x00000000   Number         0  menu_getitemtext.o ABSOLUTE
    ..\GUI\Widget\MENU_GetNumItems.c         0x00000000   Number         0  menu_getnumitems.o ABSOLUTE
    ..\GUI\Widget\MENU_InsertItem.c          0x00000000   Number         0  menu_insertitem.o ABSOLUTE
    ..\GUI\Widget\MENU_Popup.c               0x00000000   Number         0  menu_popup.o ABSOLUTE
    ..\GUI\Widget\MENU_SetBkColor.c          0x00000000   Number         0  menu_setbkcolor.o ABSOLUTE
    ..\GUI\Widget\MENU_SetBorderSize.c       0x00000000   Number         0  menu_setbordersize.o ABSOLUTE
    ..\GUI\Widget\MENU_SetFont.c             0x00000000   Number         0  menu_setfont.o ABSOLUTE
    ..\GUI\Widget\MENU_SetItem.c             0x00000000   Number         0  menu_setitem.o ABSOLUTE
    ..\GUI\Widget\MENU_SetTextColor.c        0x00000000   Number         0  menu_settextcolor.o ABSOLUTE
    ..\GUI\Widget\MENU__FindItem.c           0x00000000   Number         0  menu__finditem.o ABSOLUTE
    ..\GUI\Widget\MESSAGEBOX.c               0x00000000   Number         0  messagebox.o ABSOLUTE
    ..\GUI\Widget\MULTIEDIT.c                0x00000000   Number         0  multiedit.o ABSOLUTE
    ..\GUI\Widget\MULTIEDIT_Create.c         0x00000000   Number         0  multiedit_create.o ABSOLUTE
    ..\GUI\Widget\MULTIEDIT_CreateIndirect.c 0x00000000   Number         0  multiedit_createindirect.o ABSOLUTE
    ..\GUI\Widget\MULTIPAGE.c                0x00000000   Number         0  multipage.o ABSOLUTE
    ..\GUI\Widget\MULTIPAGE_Create.c         0x00000000   Number         0  multipage_create.o ABSOLUTE
    ..\GUI\Widget\MULTIPAGE_CreateIndirect.c 0x00000000   Number         0  multipage_createindirect.o ABSOLUTE
    ..\GUI\Widget\MULTIPAGE_Default.c        0x00000000   Number         0  multipage_default.o ABSOLUTE
    ..\GUI\Widget\PROGBAR.c                  0x00000000   Number         0  progbar.o ABSOLUTE
    ..\GUI\Widget\PROGBAR_Create.c           0x00000000   Number         0  progbar_create.o ABSOLUTE
    ..\GUI\Widget\PROGBAR_CreateIndirect.c   0x00000000   Number         0  progbar_createindirect.o ABSOLUTE
    ..\GUI\Widget\RADIO.c                    0x00000000   Number         0  radio.o ABSOLUTE
    ..\GUI\Widget\RADIO_Create.c             0x00000000   Number         0  radio_create.o ABSOLUTE
    ..\GUI\Widget\RADIO_CreateIndirect.c     0x00000000   Number         0  radio_createindirect.o ABSOLUTE
    ..\GUI\Widget\RADIO_Default.c            0x00000000   Number         0  radio_default.o ABSOLUTE
    ..\GUI\Widget\RADIO_Image.c              0x00000000   Number         0  radio_image.o ABSOLUTE
    ..\GUI\Widget\RADIO_SetBkColor.c         0x00000000   Number         0  radio_setbkcolor.o ABSOLUTE
    ..\GUI\Widget\RADIO_SetDefaultImage.c    0x00000000   Number         0  radio_setdefaultimage.o ABSOLUTE
    ..\GUI\Widget\RADIO_SetFont.c            0x00000000   Number         0  radio_setfont.o ABSOLUTE
    ..\GUI\Widget\RADIO_SetGroupId.c         0x00000000   Number         0  radio_setgroupid.o ABSOLUTE
    ..\GUI\Widget\RADIO_SetImage.c           0x00000000   Number         0  radio_setimage.o ABSOLUTE
    ..\GUI\Widget\RADIO_SetText.c            0x00000000   Number         0  radio_settext.o ABSOLUTE
    ..\GUI\Widget\RADIO_SetTextColor.c       0x00000000   Number         0  radio_settextcolor.o ABSOLUTE
    ..\GUI\Widget\SCROLLBAR.c                0x00000000   Number         0  scrollbar.o ABSOLUTE
    ..\GUI\Widget\SCROLLBAR_Create.c         0x00000000   Number         0  scrollbar_create.o ABSOLUTE
    ..\GUI\Widget\SCROLLBAR_CreateIndirect.c 0x00000000   Number         0  scrollbar_createindirect.o ABSOLUTE
    ..\GUI\Widget\SCROLLBAR_Defaults.c       0x00000000   Number         0  scrollbar_defaults.o ABSOLUTE
    ..\GUI\Widget\SCROLLBAR_GetValue.c       0x00000000   Number         0  scrollbar_getvalue.o ABSOLUTE
    ..\GUI\Widget\SCROLLBAR_SetWidth.c       0x00000000   Number         0  scrollbar_setwidth.o ABSOLUTE
    ..\GUI\Widget\SLIDER.c                   0x00000000   Number         0  slider.o ABSOLUTE
    ..\GUI\Widget\SLIDER_Create.c            0x00000000   Number         0  slider_create.o ABSOLUTE
    ..\GUI\Widget\SLIDER_CreateIndirect.c    0x00000000   Number         0  slider_createindirect.o ABSOLUTE
    ..\GUI\Widget\TEXT.c                     0x00000000   Number         0  text.o ABSOLUTE
    ..\GUI\Widget\TEXT_Create.c              0x00000000   Number         0  text_create.o ABSOLUTE
    ..\GUI\Widget\TEXT_CreateIndirect.c      0x00000000   Number         0  text_createindirect.o ABSOLUTE
    ..\GUI\Widget\TEXT_SetBkColor.c          0x00000000   Number         0  text_setbkcolor.o ABSOLUTE
    ..\GUI\Widget\TEXT_SetFont.c             0x00000000   Number         0  text_setfont.o ABSOLUTE
    ..\GUI\Widget\TEXT_SetText.c             0x00000000   Number         0  text_settext.o ABSOLUTE
    ..\GUI\Widget\TEXT_SetTextAlign.c        0x00000000   Number         0  text_settextalign.o ABSOLUTE
    ..\GUI\Widget\TEXT_SetTextColor.c        0x00000000   Number         0  text_settextcolor.o ABSOLUTE
    ..\GUI\Widget\WIDGET.c                   0x00000000   Number         0  widget.o ABSOLUTE
    ..\GUI\Widget\WIDGET_Effect_3D.c         0x00000000   Number         0  widget_effect_3d.o ABSOLUTE
    ..\GUI\Widget\WIDGET_Effect_3D1L.c       0x00000000   Number         0  widget_effect_3d1l.o ABSOLUTE
    ..\GUI\Widget\WIDGET_Effect_3D2L.c       0x00000000   Number         0  widget_effect_3d2l.o ABSOLUTE
    ..\GUI\Widget\WIDGET_Effect_None.c       0x00000000   Number         0  widget_effect_none.o ABSOLUTE
    ..\GUI\Widget\WIDGET_Effect_Simple.c     0x00000000   Number         0  widget_effect_simple.o ABSOLUTE
    ..\GUI\Widget\WIDGET_FillStringInRect.c  0x00000000   Number         0  widget_fillstringinrect.o ABSOLUTE
    ..\GUI\Widget\WIDGET_SetEffect.c         0x00000000   Number         0  widget_seteffect.o ABSOLUTE
    ..\GUI\Widget\WIDGET_SetWidth.c          0x00000000   Number         0  widget_setwidth.o ABSOLUTE
    ..\GUI\Widget\WINDOW.c                   0x00000000   Number         0  window.o ABSOLUTE
    ..\GUI\Widget\WINDOW_Default.c           0x00000000   Number         0  window_default.o ABSOLUTE
    ..\\CMSIS\\core_cm3.c                    0x00000000   Number         0  core_cm3.o ABSOLUTE
    Touch.c                                  0x00000000   Number         0  touch.o ABSOLUTE
    cdcmple.s                                0x00000000   Number         0  cdcmple.o ABSOLUTE
    cdrcmple.s                               0x00000000   Number         0  cdrcmple.o ABSOLUTE
    cfcmple.s                                0x00000000   Number         0  cfcmple.o ABSOLUTE
    cfrcmple.s                               0x00000000   Number         0  cfrcmple.o ABSOLUTE
    dc.s                                     0x00000000   Number         0  dc.o ABSOLUTE
    handlers.s                               0x00000000   Number         0  handlers.o ABSOLUTE
    init.s                                   0x00000000   Number         0  init.o ABSOLUTE
    lcd.c                                    0x00000000   Number         0  lcd.o ABSOLUTE
    lcd_botton.c                             0x00000000   Number         0  lcd_botton.o ABSOLUTE
    lcd_gui.c                                0x00000000   Number         0  lcd_gui.o ABSOLUTE
    main.c                                   0x00000000   Number         0  main.o ABSOLUTE
    stm32f10x_it.c                           0x00000000   Number         0  stm32f10x_it.o ABSOLUTE
    systick.c                                0x00000000   Number         0  systick.o ABSOLUTE
    RESET                                    0x08000000   Section      304  startup_stm32f10x_hd.o(RESET)
    .ARM.Collect$$$$00000000                 0x08000130   Section        0  entry.o(.ARM.Collect$$$$00000000)
    .ARM.Collect$$$$00000001                 0x08000130   Section        4  entry2.o(.ARM.Collect$$$$00000001)
    .ARM.Collect$$$$00000004                 0x08000134   Section        4  entry5.o(.ARM.Collect$$$$00000004)
    .ARM.Collect$$$$00000008                 0x08000138   Section        0  entry7b.o(.ARM.Collect$$$$00000008)
    .ARM.Collect$$$$0000000A                 0x08000138   Section        0  entry8b.o(.ARM.Collect$$$$0000000A)
    .ARM.Collect$$$$0000000B                 0x08000138   Section        8  entry9a.o(.ARM.Collect$$$$0000000B)
    .ARM.Collect$$$$0000000D                 0x08000140   Section        0  entry10a.o(.ARM.Collect$$$$0000000D)
    .ARM.Collect$$$$0000000F                 0x08000140   Section        0  entry11a.o(.ARM.Collect$$$$0000000F)
    .ARM.Collect$$$$00002712                 0x08000140   Section        4  entry2.o(.ARM.Collect$$$$00002712)
    __lit__00000000                          0x08000140   Data           4  entry2.o(.ARM.Collect$$$$00002712)
    .text                                    0x08000144   Section       36  startup_stm32f10x_hd.o(.text)
    .text                                    0x08000168   Section        0  main.o(.text)
    .text                                    0x08000204   Section        0  stm32f10x_it.o(.text)
    .text                                    0x0800024c   Section        0  systick.o(.text)
    .text                                    0x08000300   Section        0  lcd_botton.o(.text)
    .text                                    0x08000a08   Section        0  lcd.o(.text)
    .text                                    0x080012b4   Section        0  stm32f10x_exti.o(.text)
    .text                                    0x080013d0   Section        0  stm32f10x_gpio.o(.text)
    .text                                    0x080017c0   Section        0  stm32f10x_rcc.o(.text)
    .text                                    0x08001b64   Section        0  system_stm32f10x.o(.text)
    SetSysClockTo72                          0x08001b65   Thumb Code   214  system_stm32f10x.o(.text)
    SetSysClock                              0x08001c3b   Thumb Code     8  system_stm32f10x.o(.text)
    .text                                    0x08001d44   Section        0  gui__intersectrect.o(.text)
    .text                                    0x08001d86   Section        0  gui__intersectrects.o(.text)
    .text                                    0x08001e0e   Section        0  gui__memset.o(.text)
    .text                                    0x08001e64   Section        0  gui_adddecmin.o(.text)
    .text                                    0x08001e80   Section        0  gui_adddecshift.o(.text)
    _Check_NegLong                           0x08001e81   Thumb Code    34  gui_adddecshift.o(.text)
    .text                                    0x08001f70   Section        0  gui_alloc_alloczero.o(.text)
    .text                                    0x08001f94   Section        0  gui_dispstring.o(.text)
    .text                                    0x080020d8   Section        0  gui_dispstringat.o(.text)
    .text                                    0x080020f8   Section        0  gui_goto.o(.text)
    _GotoY                                   0x080020f9   Thumb Code    12  gui_goto.o(.text)
    _GotoX                                   0x08002105   Thumb Code    12  gui_goto.o(.text)
    .text                                    0x08002150   Section        0  gui_mergerect.o(.text)
    .text                                    0x080021d2   Section        0  gui_moverect.o(.text)
    .text                                    0x080021f8   Section        0  gui_onkey.o(.text)
    .text                                    0x08002288   Section        0  gui_pen.o(.text)
    .text                                    0x080022ac   Section        0  gui_rectsintersect.o(.text)
    .text                                    0x080022e8   Section        0  gui_savecontext.o(.text)
    .text                                    0x0800230c   Section        0  gui_setcolor.o(.text)
    .text                                    0x08002324   Section        0  gui_setdefault.o(.text)
    .text                                    0x08002368   Section        0  gui_setdrawmode.o(.text)
    .text                                    0x08002378   Section        0  gui_setfont.o(.text)
    .text                                    0x08002388   Section        0  gui_setlinestyle.o(.text)
    .text                                    0x08002398   Section        0  gui_settextalign.o(.text)
    .text                                    0x080023ac   Section        0  gui_settextmode.o(.text)
    .text                                    0x080023c0   Section        0  gui_uc.o(.text)
    .text                                    0x08002490   Section        0  gui_uc_encodenone.o(.text)
    _GetCharCode                             0x08002491   Thumb Code     6  gui_uc_encodenone.o(.text)
    _GetCharSize                             0x08002497   Thumb Code     8  gui_uc_encodenone.o(.text)
    _CalcSizeOfChar                          0x0800249f   Thumb Code     8  gui_uc_encodenone.o(.text)
    _Encode                                  0x080024a7   Thumb Code     8  gui_uc_encodenone.o(.text)
    .text                                    0x080024c0   Section        0  guialloc.o(.text)
    _Size2LegalSize                          0x080024c1   Thumb Code    12  guialloc.o(.text)
    _GetSize                                 0x080024cd   Thumb Code    18  guialloc.o(.text)
    _Free                                    0x080024df   Thumb Code   136  guialloc.o(.text)
    _FindFreeHandle                          0x08002567   Thumb Code    32  guialloc.o(.text)
    _FindHole                                0x08002587   Thumb Code   114  guialloc.o(.text)
    _CreateHole                              0x080025f9   Thumb Code   222  guialloc.o(.text)
    _CheckInit                               0x08002701   Thumb Code    14  guialloc.o(.text)
    _Alloc                                   0x0800270f   Thumb Code   258  guialloc.o(.text)
    .text                                    0x08002908   Section        0  guichar.o(.text)
    .text                                    0x080029c0   Section        0  guicharline.o(.text)
    _DispLine                                0x080029c1   Thumb Code    96  guicharline.o(.text)
    .text                                    0x08002b78   Section        0  guicharm.o(.text)
    .text                                    0x08002d50   Section        0  guicore.o(.text)
    _InitContext                             0x08002d51   Thumb Code    68  guicore.o(.text)
    .text                                    0x08002e58   Section        0  guival.o(.text)
    .text                                    0x08002f5c   Section        0  lcd_1.o(.text)
    _GetColorIndex                           0x08002f5d   Thumb Code    20  lcd_1.o(.text)
    .text                                    0x080033a0   Section        0  lcd_l0_generic.o(.text)
    .text                                    0x080033d8   Section        0  lcd_setcliprectex.o(.text)
    .text                                    0x080033f4   Section        0  lcdcolor.o(.text)
    .text                                    0x08003448   Section        0  lcdpm565_index2color.o(.text)
    .text                                    0x08003480   Section        0  lcddummy.o(.text)
    _DrawBitLine1BPP                         0x080034a9   Thumb Code   210  lcddummy.o(.text)
    _DrawBitLine2BPP                         0x0800357b   Thumb Code   354  lcddummy.o(.text)
    _DrawBitLine4BPP                         0x080036dd   Thumb Code   354  lcddummy.o(.text)
    _DrawBitLine8BPP                         0x0800383f   Thumb Code   164  lcddummy.o(.text)
    DrawBitLine16BPP                         0x080038e3   Thumb Code   150  lcddummy.o(.text)
    .text                                    0x08003af0   Section        0  gui_x.o(.text)
    .text                                    0x08003b20   Section        0  wm.o(.text)
    _CheckCriticalHandles                    0x08003b21   Thumb Code    28  wm.o(.text)
    _DesktopHandle2Index                     0x08003b3d   Thumb Code    22  wm.o(.text)
    _Invalidate1Abs                          0x08003b79   Thumb Code   120  wm.o(.text)
    ResetNextDrawWin                         0x08003bf1   Thumb Code     8  wm.o(.text)
    _GethDrawWin                             0x08003bf9   Thumb Code    22  wm.o(.text)
    _SetClipRectUserIntersect                0x08003c25   Thumb Code    66  wm.o(.text)
    _DeleteAllChildren                       0x08003fc3   Thumb Code    34  wm.o(.text)
    _AddToLinList                            0x08003ff5   Thumb Code    44  wm.o(.text)
    _Findy1                                  0x08004021   Thumb Code   178  wm.o(.text)
    _Findx0                                  0x080040d3   Thumb Code   146  wm.o(.text)
    _Findx1                                  0x08004165   Thumb Code   130  wm.o(.text)
    WM__GetInvalidRectAbs                    0x08004203   Thumb Code    10  wm.o(.text)
    _FindNext_IVR                            0x080043eb   Thumb Code   372  wm.o(.text)
    _Paint1                                  0x080046ad   Thumb Code   124  wm.o(.text)
    _Paint1Trans                             0x08004729   Thumb Code   126  wm.o(.text)
    _PaintTransChildren                      0x080047a7   Thumb Code    92  wm.o(.text)
    _PaintTransTopSiblings                   0x08004803   Thumb Code    84  wm.o(.text)
    _Paint                                   0x0800488b   Thumb Code    92  wm.o(.text)
    _DrawNext                                0x080048e7   Thumb Code    82  wm.o(.text)
    cbBackWin                                0x080049f5   Thumb Code    76  wm.o(.text)
    .text                                    0x08004b04   Section        0  wm__getfirstsibling.o(.text)
    .text                                    0x08004b22   Section        0  wm__getprevsibling.o(.text)
    .text                                    0x08004b58   Section        0  wm__sendmessage.o(.text)
    .text                                    0x08004b7c   Section        0  wm_bringtobottom.o(.text)
    .text                                    0x08004bc4   Section        0  wm_criticalhandle.o(.text)
    .text                                    0x08004c14   Section        0  wm_getdesktopwindow.o(.text)
    .text                                    0x08004c20   Section        0  wm_getparent.o(.text)
    .text                                    0x08004c34   Section        0  wm_notifyparent.o(.text)
    .text                                    0x08004c4c   Section        0  wm_onkey.o(.text)
    .text                                    0x08004c84   Section        0  wm_sendtoparent.o(.text)
    .text                                    0x08004ca4   Section        0  lcdpm565.o(.text)
    .text                                    0x08004cc4   Section        0  memmovea.o(.text)
    .text                                    0x08004d04   Section        0  memseta.o(.text)
    .text                                    0x08004d28   Section        0  uldiv.o(.text)
    .text                                    0x08004d8a   Section        0  llshl.o(.text)
    .text                                    0x08004da8   Section        0  llushr.o(.text)
    .text                                    0x08004dc8   Section       36  init.o(.text)
    i.__0sprintf$8                           0x08004dec   Section        0  printf8.o(i.__0sprintf$8)
    i.__scatterload_copy                     0x08004e14   Section       14  handlers.o(i.__scatterload_copy)
    i.__scatterload_null                     0x08004e22   Section        2  handlers.o(i.__scatterload_null)
    i.__scatterload_zeroinit                 0x08004e24   Section       14  handlers.o(i.__scatterload_zeroinit)
    i._printf_core                           0x08004e34   Section        0  printf8.o(i._printf_core)
    _printf_core                             0x08004e35   Thumb Code   996  printf8.o(i._printf_core)
    i._printf_post_padding                   0x08005244   Section        0  printf8.o(i._printf_post_padding)
    _printf_post_padding                     0x08005245   Thumb Code    36  printf8.o(i._printf_post_padding)
    i._printf_pre_padding                    0x08005268   Section        0  printf8.o(i._printf_pre_padding)
    _printf_pre_padding                      0x08005269   Thumb Code    46  printf8.o(i._printf_pre_padding)
    i._sputc                                 0x08005296   Section        0  printf8.o(i._sputc)
    _sputc                                   0x08005297   Thumb Code    10  printf8.o(i._sputc)
    .constdata                               0x080052a0   Section        4  main.o(.constdata)
    .constdata                               0x080052a4   Section     2676  lcd.o(.constdata)
    ascii_8x16                               0x08005718   Data        1536  lcd.o(.constdata)
    .constdata                               0x08005d18   Section       40  gui_adddecshift.o(.constdata)
    .constdata                               0x08005d40   Section       16  gui_uc_encodenone.o(.constdata)
    .constdata                               0x08005d50   Section        8  guicore.o(.constdata)
    _HL_APIList                              0x08005d50   Data           8  guicore.o(.constdata)
    .constdata                               0x08005d58   Section     3316  f8x16.o(.constdata)
    FontMono8x16x2                           0x080069c4   Data          20  f8x16.o(.constdata)
    FontMono8x16x3                           0x080069d8   Data          20  f8x16.o(.constdata)
    .data                                    0x20000000   Section        1  stm32f10x_it.o(.data)
    .data                                    0x20000004   Section        4  systick.o(.data)
    TimingDelay                              0x20000004   Data           4  systick.o(.data)
    .data                                    0x20000008   Section        1  lcd_botton.o(.data)
    .data                                    0x2000000a   Section        2  lcd.o(.data)
    .data                                    0x2000000c   Section        4  stm32f10x_gpio.o(.data)
    .data                                    0x20000010   Section       20  stm32f10x_rcc.o(.data)
    APBAHBPrescTable                         0x20000010   Data          16  stm32f10x_rcc.o(.data)
    ADCPrescTable                            0x20000020   Data           4  stm32f10x_rcc.o(.data)
    .data                                    0x20000024   Section       20  system_stm32f10x.o(.data)
    .data                                    0x20000038   Section       20  gui_onkey.o(.data)
    _KeyMsgCnt                               0x20000038   Data           4  gui_onkey.o(.data)
    _KeyMsg                                  0x2000003c   Data           8  gui_onkey.o(.data)
    _Key                                     0x20000044   Data           4  gui_onkey.o(.data)
    .data                                    0x2000004c   Section        1  guialloc.o(.data)
    IsInitialized                            0x2000004c   Data           1  guialloc.o(.data)
    .data                                    0x20000050   Section       20  guicore.o(.data)
    .data                                    0x20000064   Section        4  gui_x.o(.data)
    .data                                    0x20000068   Section       49  wm.o(.data)
    NextDrawWin                              0x20000096   Data           2  wm.o(.data)
    _IsInited                                0x20000098   Data           1  wm.o(.data)
    .data                                    0x2000009c   Section       16  wmtouch.o(.data)
    .bss                                     0x200000ac   Section       40  main.o(.bss)
    .bss                                     0x200000d4   Section      160  stm32f10x_gpio.o(.bss)
    .bss                                     0x20000174   Section     5968  guialloc.o(.bss)
    aBlock                                   0x200014fc   Data         948  guialloc.o(.bss)
    .bss                                     0x200018c4   Section       80  guicore.o(.bss)
    .bss                                     0x20001914   Section      512  lcdcolor.o(.bss)
    .bss                                     0x20001b14   Section       36  wm.o(.bss)
    _ClipContext                             0x20001b20   Data          24  wm.o(.bss)
    STACK                                    0x20001b38   Section     1024  startup_stm32f10x_hd.o(STACK)

    Global Symbols

    Symbol Name                              Value     Ov Type        Size  Object(Section)

    BuildAttributes$$THM_ISAv4$P$D$K$B$S$PE$A:L22UL41UL21$X:L11$S22US41US21$IEEE1$IW$USESV6$~STKCKD$USESV7$~SHL$OTIME$ROPI$IEEEX$EBA8$MICROLIB$REQ8$PRES8$EABIv2 0x00000000   Number         0  anon$$obj.o ABSOLUTE
    __ARM_use_no_argv                        0x00000000   Number         0  main.o ABSOLUTE
    _printf_a                                0x00000000   Number         0  stubs.o ABSOLUTE
    _printf_c                                0x00000000   Number         0  stubs.o ABSOLUTE
    _printf_charcount                        0x00000000   Number         0  stubs.o ABSOLUTE
    _printf_d                                0x00000000   Number         0  stubs.o ABSOLUTE
    _printf_e                                0x00000000   Number         0  stubs.o ABSOLUTE
    _printf_f                                0x00000000   Number         0  stubs.o ABSOLUTE
    _printf_flags                            0x00000000   Number         0  stubs.o ABSOLUTE
    _printf_fp_dec                           0x00000000   Number         0  stubs.o ABSOLUTE
    _printf_fp_hex                           0x00000000   Number         0  stubs.o ABSOLUTE
    _printf_g                                0x00000000   Number         0  stubs.o ABSOLUTE
    _printf_i                                0x00000000   Number         0  stubs.o ABSOLUTE
    _printf_int_dec                          0x00000000   Number         0  stubs.o ABSOLUTE
    _printf_l                                0x00000000   Number         0  stubs.o ABSOLUTE
    _printf_lc                               0x00000000   Number         0  stubs.o ABSOLUTE
    _printf_ll                               0x00000000   Number         0  stubs.o ABSOLUTE
    _printf_lld                              0x00000000   Number         0  stubs.o ABSOLUTE
    _printf_lli                              0x00000000   Number         0  stubs.o ABSOLUTE
    _printf_llo                              0x00000000   Number         0  stubs.o ABSOLUTE
    _printf_llu                              0x00000000   Number         0  stubs.o ABSOLUTE
    _printf_llx                              0x00000000   Number         0  stubs.o ABSOLUTE
    _printf_longlong_dec                     0x00000000   Number         0  stubs.o ABSOLUTE
    _printf_longlong_hex                     0x00000000   Number         0  stubs.o ABSOLUTE
    _printf_longlong_oct                     0x00000000   Number         0  stubs.o ABSOLUTE
    _printf_ls                               0x00000000   Number         0  stubs.o ABSOLUTE
    _printf_mbtowc                           0x00000000   Number         0  stubs.o ABSOLUTE
    _printf_n                                0x00000000   Number         0  stubs.o ABSOLUTE
    _printf_o                                0x00000000   Number         0  stubs.o ABSOLUTE
    _printf_p                                0x00000000   Number         0  stubs.o ABSOLUTE
    _printf_percent                          0x00000000   Number         0  stubs.o ABSOLUTE
    _printf_pre_padding                      0x00000000   Number         0  stubs.o ABSOLUTE
    _printf_return_value                     0x00000000   Number         0  stubs.o ABSOLUTE
    _printf_s                                0x00000000   Number         0  stubs.o ABSOLUTE
    _printf_sizespec                         0x00000000   Number         0  stubs.o ABSOLUTE
    _printf_str                              0x00000000   Number         0  stubs.o ABSOLUTE
    _printf_truncate_signed                  0x00000000   Number         0  stubs.o ABSOLUTE
    _printf_truncate_unsigned                0x00000000   Number         0  stubs.o ABSOLUTE
    _printf_u                                0x00000000   Number         0  stubs.o ABSOLUTE
    _printf_wc                               0x00000000   Number         0  stubs.o ABSOLUTE
    _printf_wctomb                           0x00000000   Number         0  stubs.o ABSOLUTE
    _printf_widthprec                        0x00000000   Number         0  stubs.o ABSOLUTE
    _printf_x                                0x00000000   Number         0  stubs.o ABSOLUTE
    __cpp_initialize__aeabi_                  - Undefined Weak Reference
    __cxa_finalize                            - Undefined Weak Reference
    __decompress                              - Undefined Weak Reference
    _clock_init                               - Undefined Weak Reference
    _microlib_exit                            - Undefined Weak Reference
    __Vectors_Size                           0x00000130   Number         0  startup_stm32f10x_hd.o ABSOLUTE
    __Vectors                                0x08000000   Data           4  startup_stm32f10x_hd.o(RESET)
    __Vectors_End                            0x08000130   Data           0  startup_stm32f10x_hd.o(RESET)
    __main                                   0x08000131   Thumb Code     0  entry.o(.ARM.Collect$$$$00000000)
    _main_stk                                0x08000131   Thumb Code     0  entry2.o(.ARM.Collect$$$$00000001)
    _main_scatterload                        0x08000135   Thumb Code     0  entry5.o(.ARM.Collect$$$$00000004)
    __main_after_scatterload                 0x08000139   Thumb Code     0  entry5.o(.ARM.Collect$$$$00000004)
    _main_clock                              0x08000139   Thumb Code     0  entry7b.o(.ARM.Collect$$$$00000008)
    _main_cpp_init                           0x08000139   Thumb Code     0  entry8b.o(.ARM.Collect$$$$0000000A)
    _main_init                               0x08000139   Thumb Code     0  entry9a.o(.ARM.Collect$$$$0000000B)
    __rt_final_cpp                           0x08000141   Thumb Code     0  entry10a.o(.ARM.Collect$$$$0000000D)
    __rt_final_exit                          0x08000141   Thumb Code     0  entry11a.o(.ARM.Collect$$$$0000000F)
    Reset_Handler                            0x08000145   Thumb Code     8  startup_stm32f10x_hd.o(.text)
    ADC1_2_IRQHandler                        0x0800015f   Thumb Code     0  startup_stm32f10x_hd.o(.text)
    ADC3_IRQHandler                          0x0800015f   Thumb Code     0  startup_stm32f10x_hd.o(.text)
    CAN1_RX1_IRQHandler                      0x0800015f   Thumb Code     0  startup_stm32f10x_hd.o(.text)
    CAN1_SCE_IRQHandler                      0x0800015f   Thumb Code     0  startup_stm32f10x_hd.o(.text)
    DMA1_Channel1_IRQHandler                 0x0800015f   Thumb Code     0  startup_stm32f10x_hd.o(.text)
    DMA1_Channel2_IRQHandler                 0x0800015f   Thumb Code     0  startup_stm32f10x_hd.o(.text)
    DMA1_Channel3_IRQHandler                 0x0800015f   Thumb Code     0  startup_stm32f10x_hd.o(.text)
    DMA1_Channel4_IRQHandler                 0x0800015f   Thumb Code     0  startup_stm32f10x_hd.o(.text)
    DMA1_Channel5_IRQHandler                 0x0800015f   Thumb Code     0  startup_stm32f10x_hd.o(.text)
    DMA1_Channel6_IRQHandler                 0x0800015f   Thumb Code     0  startup_stm32f10x_hd.o(.text)
    DMA1_Channel7_IRQHandler                 0x0800015f   Thumb Code     0  startup_stm32f10x_hd.o(.text)
    DMA2_Channel1_IRQHandler                 0x0800015f   Thumb Code     0  startup_stm32f10x_hd.o(.text)
    DMA2_Channel2_IRQHandler                 0x0800015f   Thumb Code     0  startup_stm32f10x_hd.o(.text)
    DMA2_Channel3_IRQHandler                 0x0800015f   Thumb Code     0  startup_stm32f10x_hd.o(.text)
    DMA2_Channel4_5_IRQHandler               0x0800015f   Thumb Code     0  startup_stm32f10x_hd.o(.text)
    EXTI0_IRQHandler                         0x0800015f   Thumb Code     0  startup_stm32f10x_hd.o(.text)
    EXTI15_10_IRQHandler                     0x0800015f   Thumb Code     0  startup_stm32f10x_hd.o(.text)
    EXTI1_IRQHandler                         0x0800015f   Thumb Code     0  startup_stm32f10x_hd.o(.text)
    EXTI2_IRQHandler                         0x0800015f   Thumb Code     0  startup_stm32f10x_hd.o(.text)
    EXTI3_IRQHandler                         0x0800015f   Thumb Code     0  startup_stm32f10x_hd.o(.text)
    EXTI4_IRQHandler                         0x0800015f   Thumb Code     0  startup_stm32f10x_hd.o(.text)
    FLASH_IRQHandler                         0x0800015f   Thumb Code     0  startup_stm32f10x_hd.o(.text)
    FSMC_IRQHandler                          0x0800015f   Thumb Code     0  startup_stm32f10x_hd.o(.text)
    I2C1_ER_IRQHandler                       0x0800015f   Thumb Code     0  startup_stm32f10x_hd.o(.text)
    I2C1_EV_IRQHandler                       0x0800015f   Thumb Code     0  startup_stm32f10x_hd.o(.text)
    I2C2_ER_IRQHandler                       0x0800015f   Thumb Code     0  startup_stm32f10x_hd.o(.text)
    I2C2_EV_IRQHandler                       0x0800015f   Thumb Code     0  startup_stm32f10x_hd.o(.text)
    PVD_IRQHandler                           0x0800015f   Thumb Code     0  startup_stm32f10x_hd.o(.text)
    RCC_IRQHandler                           0x0800015f   Thumb Code     0  startup_stm32f10x_hd.o(.text)
    RTCAlarm_IRQHandler                      0x0800015f   Thumb Code     0  startup_stm32f10x_hd.o(.text)
    RTC_IRQHandler                           0x0800015f   Thumb Code     0  startup_stm32f10x_hd.o(.text)
    SDIO_IRQHandler                          0x0800015f   Thumb Code     0  startup_stm32f10x_hd.o(.text)
    SPI1_IRQHandler                          0x0800015f   Thumb Code     0  startup_stm32f10x_hd.o(.text)
    SPI2_IRQHandler                          0x0800015f   Thumb Code     0  startup_stm32f10x_hd.o(.text)
    SPI3_IRQHandler                          0x0800015f   Thumb Code     0  startup_stm32f10x_hd.o(.text)
    TAMPER_IRQHandler                        0x0800015f   Thumb Code     0  startup_stm32f10x_hd.o(.text)
    TIM1_BRK_IRQHandler                      0x0800015f   Thumb Code     0  startup_stm32f10x_hd.o(.text)
    TIM1_CC_IRQHandler                       0x0800015f   Thumb Code     0  startup_stm32f10x_hd.o(.text)
    TIM1_TRG_COM_IRQHandler                  0x0800015f   Thumb Code     0  startup_stm32f10x_hd.o(.text)
    TIM1_UP_IRQHandler                       0x0800015f   Thumb Code     0  startup_stm32f10x_hd.o(.text)
    TIM2_IRQHandler                          0x0800015f   Thumb Code     0  startup_stm32f10x_hd.o(.text)
    TIM3_IRQHandler                          0x0800015f   Thumb Code     0  startup_stm32f10x_hd.o(.text)
    TIM4_IRQHandler                          0x0800015f   Thumb Code     0  startup_stm32f10x_hd.o(.text)
    TIM5_IRQHandler                          0x0800015f   Thumb Code     0  startup_stm32f10x_hd.o(.text)
    TIM6_IRQHandler                          0x0800015f   Thumb Code     0  startup_stm32f10x_hd.o(.text)
    TIM7_IRQHandler                          0x0800015f   Thumb Code     0  startup_stm32f10x_hd.o(.text)
    TIM8_BRK_IRQHandler                      0x0800015f   Thumb Code     0  startup_stm32f10x_hd.o(.text)
    TIM8_CC_IRQHandler                       0x0800015f   Thumb Code     0  startup_stm32f10x_hd.o(.text)
    TIM8_TRG_COM_IRQHandler                  0x0800015f   Thumb Code     0  startup_stm32f10x_hd.o(.text)
    TIM8_UP_IRQHandler                       0x0800015f   Thumb Code     0  startup_stm32f10x_hd.o(.text)
    UART4_IRQHandler                         0x0800015f   Thumb Code     0  startup_stm32f10x_hd.o(.text)
    UART5_IRQHandler                         0x0800015f   Thumb Code     0  startup_stm32f10x_hd.o(.text)
    USART1_IRQHandler                        0x0800015f   Thumb Code     0  startup_stm32f10x_hd.o(.text)
    USART2_IRQHandler                        0x0800015f   Thumb Code     0  startup_stm32f10x_hd.o(.text)
    USART3_IRQHandler                        0x0800015f   Thumb Code     0  startup_stm32f10x_hd.o(.text)
    USBWakeUp_IRQHandler                     0x0800015f   Thumb Code     0  startup_stm32f10x_hd.o(.text)
    USB_HP_CAN1_TX_IRQHandler                0x0800015f   Thumb Code     0  startup_stm32f10x_hd.o(.text)
    USB_LP_CAN1_RX0_IRQHandler               0x0800015f   Thumb Code     0  startup_stm32f10x_hd.o(.text)
    WWDG_IRQHandler                          0x0800015f   Thumb Code     0  startup_stm32f10x_hd.o(.text)
    delay_main                               0x08000169   Thumb Code    12  main.o(.text)
    main                                     0x08000175   Thumb Code   118  main.o(.text)
    NMI_Handler                              0x08000205   Thumb Code     2  stm32f10x_it.o(.text)
    HardFault_Handler                        0x08000207   Thumb Code     4  stm32f10x_it.o(.text)
    MemManage_Handler                        0x0800020b   Thumb Code     4  stm32f10x_it.o(.text)
    BusFault_Handler                         0x0800020f   Thumb Code     4  stm32f10x_it.o(.text)
    EXTI9_5_IRQHandler                       0x08000213   Thumb Code    32  stm32f10x_it.o(.text)
    UsageFault_Handler                       0x08000233   Thumb Code     4  stm32f10x_it.o(.text)
    SVC_Handler                              0x08000237   Thumb Code     2  stm32f10x_it.o(.text)
    DebugMon_Handler                         0x08000239   Thumb Code     2  stm32f10x_it.o(.text)
    PendSV_Handler                           0x0800023b   Thumb Code     2  stm32f10x_it.o(.text)
    SysTick_Handler                          0x0800023d   Thumb Code     8  stm32f10x_it.o(.text)
    SysTick_Init                             0x0800024d   Thumb Code   106  systick.o(.text)
    Delay_us                                 0x080002b7   Thumb Code    36  systick.o(.text)
    TimingDelay_Decrement                    0x080002db   Thumb Code    18  systick.o(.text)
    XIO_SetState                             0x08000301   Thumb Code    18  lcd_botton.o(.text)
    XIOConfigGPIO                            0x08000313   Thumb Code   212  lcd_botton.o(.text)
    GPIO_CtlBKLingtON                        0x080003e7   Thumb Code    14  lcd_botton.o(.text)
    GPIO_CtlBKLingtOFF                       0x080003f5   Thumb Code    14  lcd_botton.o(.text)
    LCD_GPIO_Config                          0x08000403   Thumb Code   392  lcd_botton.o(.text)
    LCD_FSMC_Config                          0x0800058b   Thumb Code   130  lcd_botton.o(.text)
    LCD_Rst                                  0x0800060d   Thumb Code    36  lcd_botton.o(.text)
    LCD_RD_data                              0x08000631   Thumb Code    42  lcd_botton.o(.text)
    Set_direction                            0x0800065b   Thumb Code   140  lcd_botton.o(.text)
    LCD_open_windows                         0x080006e7   Thumb Code   262  lcd_botton.o(.text)
    GetPoint                                 0x080007ed   Thumb Code    36  lcd_botton.o(.text)
    Lcd_data_start                           0x08000811   Thumb Code     8  lcd_botton.o(.text)
    Lcd_init_conf                            0x08000819   Thumb Code   492  lcd_botton.o(.text)
    LCD_Init1                                0x08000a09   Thumb Code    44  lcd.o(.text)
    LCDClear                                 0x08000a35   Thumb Code    22  lcd.o(.text)
    LCD_Rectangle                            0x08000a4b   Thumb Code    58  lcd.o(.text)
    LCD_Point                                0x08000a85   Thumb Code    28  lcd.o(.text)
    LCD_ColorPoint                           0x08000aa1   Thumb Code    26  lcd.o(.text)
    LCD_Line                                 0x08000abb   Thumb Code   190  lcd.o(.text)
    LCD_Char_6x12_O                          0x08000b79   Thumb Code   182  lcd.o(.text)
    LCD_Char_6x12_O_P                        0x08000c2f   Thumb Code   210  lcd.o(.text)
    LCD_Char_O                               0x08000d01   Thumb Code   178  lcd.o(.text)
    LCD_Char_O_P                             0x08000db3   Thumb Code   202  lcd.o(.text)
    LCD_Str_O                                0x08000e7d   Thumb Code    74  lcd.o(.text)
    LCD_Char                                 0x08000ec7   Thumb Code   120  lcd.o(.text)
    LCD_Str_R                                0x08000f3f   Thumb Code    92  lcd.o(.text)
    LCD_Str_O_P                              0x08000f9b   Thumb Code    74  lcd.o(.text)
    LCD_Num_6x12_O                           0x08000fe5   Thumb Code   114  lcd.o(.text)
    LCD_Str_6x12_O                           0x08001057   Thumb Code    72  lcd.o(.text)
    LCD_Str_6x12_O_P                         0x0800109f   Thumb Code    72  lcd.o(.text)
    LCD_Char_CH                              0x080010e7   Thumb Code     6  lcd.o(.text)
    LCD_Char_CH_P                            0x080010ed   Thumb Code     6  lcd.o(.text)
    LCD_Char_CH_O                            0x080010f3   Thumb Code     2  lcd.o(.text)
    LCD_Char_CH_O_P                          0x080010f5   Thumb Code     2  lcd.o(.text)
    LCD_Str_CH                               0x080010f7   Thumb Code    80  lcd.o(.text)
    LCD_Str_CH_P                             0x08001147   Thumb Code    80  lcd.o(.text)
    LCD_Str_CH_O                             0x08001197   Thumb Code    72  lcd.o(.text)
    LCD_Str_CH_O_P                           0x080011df   Thumb Code    82  lcd.o(.text)
    LCD_Str_ENCH_O_P                         0x08001231   Thumb Code   132  lcd.o(.text)
    EXTI_DeInit                              0x080012b5   Thumb Code    28  stm32f10x_exti.o(.text)
    EXTI_Init                                0x080012d1   Thumb Code   142  stm32f10x_exti.o(.text)
    EXTI_StructInit                          0x0800135f   Thumb Code    16  stm32f10x_exti.o(.text)
    EXTI_GenerateSWInterrupt                 0x0800136f   Thumb Code    16  stm32f10x_exti.o(.text)
    EXTI_GetFlagStatus                       0x0800137f   Thumb Code    22  stm32f10x_exti.o(.text)
    EXTI_ClearFlag                           0x08001395   Thumb Code     8  stm32f10x_exti.o(.text)
    EXTI_GetITStatus                         0x0800139d   Thumb Code    34  stm32f10x_exti.o(.text)
    EXTI_ClearITPendingBit                   0x080013bf   Thumb Code     8  stm32f10x_exti.o(.text)
    GPIO_DeInit                              0x080013d1   Thumb Code   172  stm32f10x_gpio.o(.text)
    GPIO_AFIODeInit                          0x0800147d   Thumb Code    20  stm32f10x_gpio.o(.text)
    GPIO_Init                                0x08001491   Thumb Code   418  stm32f10x_gpio.o(.text)
    GPIO_StructInit                          0x08001633   Thumb Code    16  stm32f10x_gpio.o(.text)
    GPIO_ReadInputDataBit                    0x08001643   Thumb Code    18  stm32f10x_gpio.o(.text)
    GPIO_ReadInputData                       0x08001655   Thumb Code     8  stm32f10x_gpio.o(.text)
    GPIO_ReadOutputDataBit                   0x0800165d   Thumb Code    18  stm32f10x_gpio.o(.text)
    GPIO_ReadOutputData                      0x0800166f   Thumb Code     8  stm32f10x_gpio.o(.text)
    GPIO_SetBits                             0x08001677   Thumb Code     4  stm32f10x_gpio.o(.text)
    GPIO_ResetBits                           0x0800167b   Thumb Code     4  stm32f10x_gpio.o(.text)
    GPIO_WriteBit                            0x0800167f   Thumb Code    10  stm32f10x_gpio.o(.text)
    GPIO_Write                               0x08001689   Thumb Code     4  stm32f10x_gpio.o(.text)
    GPIO_PinLockConfig                       0x0800168d   Thumb Code    18  stm32f10x_gpio.o(.text)
    GPIO_EventOutputConfig                   0x0800169f   Thumb Code    26  stm32f10x_gpio.o(.text)
    GPIO_EventOutputCmd                      0x080016b9   Thumb Code     6  stm32f10x_gpio.o(.text)
    GPIO_PinRemapConfig                      0x080016bf   Thumb Code   138  stm32f10x_gpio.o(.text)
    GPIO_EXTILineConfig                      0x08001749   Thumb Code    66  stm32f10x_gpio.o(.text)
    GPIO_ETH_MediaInterfaceConfig            0x0800178b   Thumb Code     8  stm32f10x_gpio.o(.text)
    RCC_DeInit                               0x080017c1   Thumb Code    64  stm32f10x_rcc.o(.text)
    RCC_HSEConfig                            0x08001801   Thumb Code    70  stm32f10x_rcc.o(.text)
    RCC_GetFlagStatus                        0x08001847   Thumb Code    56  stm32f10x_rcc.o(.text)
    RCC_WaitForHSEStartUp                    0x0800187f   Thumb Code    56  stm32f10x_rcc.o(.text)
    RCC_AdjustHSICalibrationValue            0x080018b7   Thumb Code    20  stm32f10x_rcc.o(.text)
    RCC_HSICmd                               0x080018cb   Thumb Code     6  stm32f10x_rcc.o(.text)
    RCC_PLLConfig                            0x080018d1   Thumb Code    24  stm32f10x_rcc.o(.text)
    RCC_PLLCmd                               0x080018e9   Thumb Code     6  stm32f10x_rcc.o(.text)
    RCC_SYSCLKConfig                         0x080018ef   Thumb Code    18  stm32f10x_rcc.o(.text)
    RCC_GetSYSCLKSource                      0x08001901   Thumb Code    10  stm32f10x_rcc.o(.text)
    RCC_HCLKConfig                           0x0800190b   Thumb Code    18  stm32f10x_rcc.o(.text)
    RCC_PCLK1Config                          0x0800191d   Thumb Code    18  stm32f10x_rcc.o(.text)
    RCC_PCLK2Config                          0x0800192f   Thumb Code    20  stm32f10x_rcc.o(.text)
    RCC_ITConfig                             0x08001943   Thumb Code    26  stm32f10x_rcc.o(.text)
    RCC_USBCLKConfig                         0x0800195d   Thumb Code     8  stm32f10x_rcc.o(.text)
    RCC_ADCCLKConfig                         0x08001965   Thumb Code    18  stm32f10x_rcc.o(.text)
    RCC_LSEConfig                            0x08001977   Thumb Code    50  stm32f10x_rcc.o(.text)
    RCC_LSICmd                               0x080019a9   Thumb Code     6  stm32f10x_rcc.o(.text)
    RCC_RTCCLKConfig                         0x080019af   Thumb Code    12  stm32f10x_rcc.o(.text)
    RCC_RTCCLKCmd                            0x080019bb   Thumb Code     8  stm32f10x_rcc.o(.text)
    RCC_GetClocksFreq                        0x080019c3   Thumb Code   192  stm32f10x_rcc.o(.text)
    RCC_AHBPeriphClockCmd                    0x08001a83   Thumb Code    26  stm32f10x_rcc.o(.text)
    RCC_APB2PeriphClockCmd                   0x08001a9d   Thumb Code    26  stm32f10x_rcc.o(.text)
    RCC_APB1PeriphClockCmd                   0x08001ab7   Thumb Code    26  stm32f10x_rcc.o(.text)
    RCC_APB2PeriphResetCmd                   0x08001ad1   Thumb Code    26  stm32f10x_rcc.o(.text)
    RCC_APB1PeriphResetCmd                   0x08001aeb   Thumb Code    26  stm32f10x_rcc.o(.text)
    RCC_BackupResetCmd                       0x08001b05   Thumb Code     8  stm32f10x_rcc.o(.text)
    RCC_ClockSecuritySystemCmd               0x08001b0d   Thumb Code     6  stm32f10x_rcc.o(.text)
    RCC_MCOConfig                            0x08001b13   Thumb Code     6  stm32f10x_rcc.o(.text)
    RCC_ClearFlag                            0x08001b19   Thumb Code    14  stm32f10x_rcc.o(.text)
    RCC_GetITStatus                          0x08001b27   Thumb Code    20  stm32f10x_rcc.o(.text)
    RCC_ClearITPendingBit                    0x08001b3b   Thumb Code     6  stm32f10x_rcc.o(.text)
    SystemInit                               0x08001c43   Thumb Code    78  system_stm32f10x.o(.text)
    SystemCoreClockUpdate                    0x08001c91   Thumb Code   142  system_stm32f10x.o(.text)
    GUI__IntersectRect                       0x08001d45   Thumb Code    66  gui__intersectrect.o(.text)
    GUI__IntersectRects                      0x08001d87   Thumb Code   136  gui__intersectrects.o(.text)
    GUI__memset                              0x08001e0f   Thumb Code    86  gui__memset.o(.text)
    GUI_AddDecMin                            0x08001e65   Thumb Code    28  gui_adddecmin.o(.text)
    GUI_Long2Len                             0x08001ea3   Thumb Code    42  gui_adddecshift.o(.text)
    GUI_AddSign                              0x08001ecd   Thumb Code    30  gui_adddecshift.o(.text)
    GUI_AddDecShift                          0x08001eeb   Thumb Code   124  gui_adddecshift.o(.text)
    GUI_ALLOC_AllocZero                      0x08001f71   Thumb Code    34  gui_alloc_alloczero.o(.text)
    GUI_DispString                           0x08001f95   Thumb Code   320  gui_dispstring.o(.text)
    GUI_DispStringAt                         0x080020d9   Thumb Code    26  gui_dispstringat.o(.text)
    GUI_GotoY                                0x08002111   Thumb Code    16  gui_goto.o(.text)
    GUI_GotoX                                0x08002121   Thumb Code    16  gui_goto.o(.text)
    GUI_GotoXY                               0x08002131   Thumb Code    26  gui_goto.o(.text)
    GUI_MergeRect                            0x08002151   Thumb Code   130  gui_mergerect.o(.text)
    GUI_MoveRect                             0x080021d3   Thumb Code    36  gui_moverect.o(.text)
    GUI_GetKey                               0x080021f9   Thumb Code    12  gui_onkey.o(.text)
    GUI_StoreKey                             0x08002205   Thumb Code    12  gui_onkey.o(.text)
    GUI_ClearKeyBuffer                       0x08002211   Thumb Code    14  gui_onkey.o(.text)
    GUI_StoreKeyMsg                          0x0800221f   Thumb Code    14  gui_onkey.o(.text)
    GUI_PollKeyMsg                           0x0800222d   Thumb Code    54  gui_onkey.o(.text)
    GUI_SendKeyMsg                           0x08002263   Thumb Code    26  gui_onkey.o(.text)
    GUI_GetPenSize                           0x08002289   Thumb Code     6  gui_pen.o(.text)
    GUI_GetPenShape                          0x0800228f   Thumb Code     6  gui_pen.o(.text)
    GUI_SetPenSize                           0x08002295   Thumb Code    10  gui_pen.o(.text)
    GUI_SetPenShape                          0x0800229f   Thumb Code    10  gui_pen.o(.text)
    GUI_RectsIntersect                       0x080022ad   Thumb Code    58  gui_rectsintersect.o(.text)
    GUI_SaveContext_W                        0x080022e9   Thumb Code    16  gui_savecontext.o(.text)
    GUI_RestoreContext                       0x080022f9   Thumb Code    16  gui_savecontext.o(.text)
    GUI_SetBkColor                           0x0800230d   Thumb Code    12  gui_setcolor.o(.text)
    GUI_SetColor                             0x08002319   Thumb Code    12  gui_setcolor.o(.text)
    GL_SetDefault                            0x08002325   Thumb Code    54  gui_setdefault.o(.text)
    GUI_SetDefault                           0x0800235b   Thumb Code     8  gui_setdefault.o(.text)
    GUI_SetDrawMode                          0x08002369   Thumb Code    16  gui_setdrawmode.o(.text)
    GUI_SetFont                              0x08002379   Thumb Code    12  gui_setfont.o(.text)
    GUI_SetLineStyle                         0x08002389   Thumb Code    10  gui_setlinestyle.o(.text)
    GUI_SetTextAlign                         0x08002399   Thumb Code    16  gui_settextalign.o(.text)
    GUI_SetTextMode                          0x080023ad   Thumb Code    16  gui_settextmode.o(.text)
    GUI_UC_GetCharSize                       0x080023c1   Thumb Code    20  gui_uc.o(.text)
    GUI_UC_GetCharCode                       0x080023d5   Thumb Code    20  gui_uc.o(.text)
    GUI_UC_Encode                            0x080023e9   Thumb Code    24  gui_uc.o(.text)
    GUI_UC__CalcSizeOfChar                   0x08002401   Thumb Code    16  gui_uc.o(.text)
    GUI_UC__GetCharCodeInc                   0x08002411   Thumb Code    36  gui_uc.o(.text)
    GUI_UC__NumChars2NumBytes                0x08002435   Thumb Code    42  gui_uc.o(.text)
    GUI_UC__NumBytes2NumChars                0x0800245f   Thumb Code    44  gui_uc.o(.text)
    GUI_UC_SetEncodeNone                     0x080024af   Thumb Code     8  gui_uc_encodenone.o(.text)
    GUI_ALLOC_Init                           0x080026d7   Thumb Code    42  guialloc.o(.text)
    GUI_ALLOC_AllocNoInit                    0x08002811   Thumb Code    22  guialloc.o(.text)
    GUI_ALLOC_h2p                            0x08002827   Thumb Code    24  guialloc.o(.text)
    GUI_ALLOC_GetNumFreeBytes                0x0800283f   Thumb Code    14  guialloc.o(.text)
    GUI_ALLOC_GetMaxSize                     0x0800284d   Thumb Code   132  guialloc.o(.text)
    GUI_ALLOC_GetSize                        0x080028d1   Thumb Code    18  guialloc.o(.text)
    GUI_ALLOC_Free                           0x080028e3   Thumb Code    18  guialloc.o(.text)
    GUI_ALLOC_FreePtr                        0x080028f5   Thumb Code    18  guialloc.o(.text)
    GUI_GetFontDistY                         0x08002909   Thumb Code    18  guichar.o(.text)
    GUI_DispNextLine                         0x0800291b   Thumb Code    26  guichar.o(.text)
    GL_DispChar                              0x08002935   Thumb Code    44  guichar.o(.text)
    GUI_GetYAdjust                           0x08002961   Thumb Code    68  guichar.o(.text)
    GUI_GetCharDistX                         0x080029a5   Thumb Code    20  guichar.o(.text)
    GUI__GetLineNumChars                     0x08002a21   Thumb Code    64  guicharline.o(.text)
    GUI__GetLineDistX                        0x08002a61   Thumb Code    64  guicharline.o(.text)
    GUI__DispLine                            0x08002aa1   Thumb Code   204  guicharline.o(.text)
    GUIMONO_DispChar                         0x08002b79   Thumb Code   390  guicharm.o(.text)
    GUIMONO_GetCharDistX                     0x08002cff   Thumb Code    22  guicharm.o(.text)
    GUIMONO_GetFontInfo                      0x08002d15   Thumb Code     8  guicharm.o(.text)
    GUIMONO_IsInFont                         0x08002d1d   Thumb Code    48  guicharm.o(.text)
    GUI_ClearRect                            0x08002d95   Thumb Code   116  guicore.o(.text)
    GUI_Clear                                0x08002e09   Thumb Code    26  guicore.o(.text)
    GUI_Init                                 0x08002e23   Thumb Code    34  guicore.o(.text)
    GUI_DispDecShift                         0x08002e59   Thumb Code    32  guival.o(.text)
    GUI_DispSDecShift                        0x08002e79   Thumb Code    48  guival.o(.text)
    GUI_DispDecMin                           0x08002ea9   Thumb Code    24  guival.o(.text)
    GUI_DispDecSpace                         0x08002ec1   Thumb Code    76  guival.o(.text)
    GUI_DispSDec                             0x08002f0d   Thumb Code    18  guival.o(.text)
    GUI_DispDec                              0x08002f1f   Thumb Code    18  guival.o(.text)
    GUI_DispDecAt                            0x08002f31   Thumb Code    42  guival.o(.text)
    LCD_SetColorIndex                        0x08002f71   Thumb Code    18  lcd_1.o(.text)
    LCD_SetBkColorIndex                      0x08002f83   Thumb Code    18  lcd_1.o(.text)
    LCD_SetDrawMode                          0x08002f95   Thumb Code    40  lcd_1.o(.text)
    LCD_DrawPixel                            0x08002fbd   Thumb Code    90  lcd_1.o(.text)
    LCD_DrawHLine                            0x08003017   Thumb Code    84  lcd_1.o(.text)
    LCD_FillRect                             0x0800306b   Thumb Code   106  lcd_1.o(.text)
    LCD_DrawBitmap                           0x080030d5   Thumb Code   556  lcd_1.o(.text)
    LCD_SetClipRectMax                       0x08003301   Thumb Code    12  lcd_1.o(.text)
    LCD_Init                                 0x0800330d   Thumb Code    60  lcd_1.o(.text)
    LCD_Color2Index                          0x08003349   Thumb Code    12  lcd_1.o(.text)
    LCD_Index2Color                          0x08003355   Thumb Code    12  lcd_1.o(.text)
    LCD_SetBkColor                           0x08003361   Thumb Code    30  lcd_1.o(.text)
    LCD_SetColor                             0x0800337f   Thumb Code    30  lcd_1.o(.text)
    LCD_L0_Color2Index                       0x080033a1   Thumb Code    16  lcd_l0_generic.o(.text)
    LCD_L0_Index2Color                       0x080033b1   Thumb Code    12  lcd_l0_generic.o(.text)
    LCD_L0_GetIndexMask                      0x080033bd   Thumb Code     8  lcd_l0_generic.o(.text)
    LCD_L0_GetRect                           0x080033c5   Thumb Code    18  lcd_l0_generic.o(.text)
    LCD_SetClipRectEx                        0x080033d9   Thumb Code    22  lcd_setcliprectex.o(.text)
    LCD_GetpPalConvTableUncached             0x080033f5   Thumb Code    66  lcdcolor.o(.text)
    LCD_GetpPalConvTable                     0x08003437   Thumb Code    12  lcdcolor.o(.text)
    LCD_InitLUT                              0x08003443   Thumb Code     2  lcdcolor.o(.text)
    LCD_Index2Color_M565                     0x08003449   Thumb Code    56  lcdpm565_index2color.o(.text)
    LCD_L0_SetPixelIndex                     0x08003481   Thumb Code    20  lcddummy.o(.text)
    LCD_L0_GetPixelIndex                     0x08003495   Thumb Code    20  lcddummy.o(.text)
    LCD_L0_XorPixel                          0x08003979   Thumb Code    32  lcddummy.o(.text)
    LCD_L0_DrawHLine                         0x08003999   Thumb Code    58  lcddummy.o(.text)
    LCD_L0_DrawVLine                         0x080039d3   Thumb Code    58  lcddummy.o(.text)
    LCD_L0_FillRect                          0x08003a0d   Thumb Code    34  lcddummy.o(.text)
    LCD_L0_DrawBitmap                        0x08003a2f   Thumb Code   164  lcddummy.o(.text)
    LCD_L0_SetOrg                            0x08003ad3   Thumb Code     6  lcddummy.o(.text)
    LCD_L0_On                                0x08003ad9   Thumb Code     2  lcddummy.o(.text)
    LCD_L0_Off                               0x08003adb   Thumb Code     2  lcddummy.o(.text)
    LCD_L0_Init                              0x08003add   Thumb Code    10  lcddummy.o(.text)
    LCD_L0_SetLUTEntry                       0x08003ae7   Thumb Code     6  lcddummy.o(.text)
    GUI_X_GetTime                            0x08003af1   Thumb Code     6  gui_x.o(.text)
    GUI_X_Delay                              0x08003af7   Thumb Code    20  gui_x.o(.text)
    GUI_X_Init                               0x08003b0b   Thumb Code     2  gui_x.o(.text)
    GUI_X_ExecIdle                           0x08003b0d   Thumb Code     2  gui_x.o(.text)
    GUI_X_Log                                0x08003b0f   Thumb Code     4  gui_x.o(.text)
    GUI_X_Warn                               0x08003b13   Thumb Code     4  gui_x.o(.text)
    GUI_X_ErrorOut                           0x08003b17   Thumb Code     4  gui_x.o(.text)
    WM__RectIsNZ                             0x08003b53   Thumb Code    38  wm.o(.text)
    WM__Client2Screen                        0x08003c0f   Thumb Code    22  wm.o(.text)
    WM__ClipAtParentBorders                  0x08003c67   Thumb Code    68  wm.o(.text)
    WM__ActivateClipRect                     0x08003cab   Thumb Code    64  wm.o(.text)
    WM__InsertWindowIntoList                 0x08003ceb   Thumb Code   146  wm.o(.text)
    WM__RemoveWindowFromList                 0x08003d7d   Thumb Code    94  wm.o(.text)
    WM_InvalidateArea                        0x08003ddb   Thumb Code    36  wm.o(.text)
    WM__DetachWindow                         0x08003dff   Thumb Code    36  wm.o(.text)
    WM_SelectWindow                          0x08003e23   Thumb Code    52  wm.o(.text)
    WM__RemoveFromLinList                    0x08003e57   Thumb Code    54  wm.o(.text)
    WM_SendMessage                           0x08003e8d   Thumb Code    32  wm.o(.text)
    WM__SendMsgNoData                        0x08003ead   Thumb Code    22  wm.o(.text)
    WM__IsWindow                             0x08003ec3   Thumb Code    38  wm.o(.text)
    WM_DeleteWindow                          0x08003ee9   Thumb Code   218  wm.o(.text)
    WM__InvalidateAreaBelow                  0x08003fe5   Thumb Code    16  wm.o(.text)
    WM__GetClientRectWin                     0x080041e7   Thumb Code    28  wm.o(.text)
    WM_InvalidateRect                        0x0800420d   Thumb Code   104  wm.o(.text)
    WM_InvalidateWindow                      0x08004275   Thumb Code    14  wm.o(.text)
    WM_CreateWindowAsChild                   0x08004283   Thumb Code   308  wm.o(.text)
    WM_CreateWindow                          0x080043b7   Thumb Code    44  wm.o(.text)
    WM_GetActiveWindow                       0x080043e3   Thumb Code     8  wm.o(.text)
    WM__GetNextIVR                           0x0800455f   Thumb Code    72  wm.o(.text)
    WM__InitIVRSearch                        0x080045a7   Thumb Code   248  wm.o(.text)
    WM_SetDefault                            0x0800469f   Thumb Code    14  wm.o(.text)
    WM__PaintWinAndOverlays                  0x08004857   Thumb Code    52  wm.o(.text)
    WM_Exec1                                 0x08004939   Thumb Code    66  wm.o(.text)
    WM_Exec                                  0x0800497b   Thumb Code    20  wm.o(.text)
    WM_DefaultProc                           0x0800498f   Thumb Code   102  wm.o(.text)
    WM_Activate                              0x08004a41   Thumb Code     8  wm.o(.text)
    WM_Deactivate                            0x08004a49   Thumb Code    14  wm.o(.text)
    WM_Init                                  0x08004a57   Thumb Code   108  wm.o(.text)
    WM__GetFirstSibling                      0x08004b05   Thumb Code    30  wm__getfirstsibling.o(.text)
    WM__GetPrevSibling                       0x08004b23   Thumb Code    54  wm__getprevsibling.o(.text)
    WM__SendMessage                          0x08004b59   Thumb Code    36  wm__sendmessage.o(.text)
    WM_BringToBottom                         0x08004b7d   Thumb Code    72  wm_bringtobottom.o(.text)
    WM__AddCriticalHandle                    0x08004bc5   Thumb Code    12  wm_criticalhandle.o(.text)
    WM__RemoveCriticalHandle                 0x08004bd1   Thumb Code    64  wm_criticalhandle.o(.text)
    WM_GetDesktopWindow                      0x08004c15   Thumb Code     8  wm_getdesktopwindow.o(.text)
    WM_GetParent                             0x08004c21   Thumb Code    20  wm_getparent.o(.text)
    WM_NotifyParent                          0x08004c35   Thumb Code    22  wm_notifyparent.o(.text)
    WM_OnKey                                 0x08004c4d   Thumb Code    50  wm_onkey.o(.text)
    WM_SendToParent                          0x08004c85   Thumb Code    32  wm_sendtoparent.o(.text)
    LCD_Color2Index_M565                     0x08004ca5   Thumb Code    26  lcdpm565.o(.text)
    LCD_GetIndexMask_M565                    0x08004cbf   Thumb Code     6  lcdpm565.o(.text)
    ___aeabi_memcpy8$move                    0x08004cc5   Thumb Code     0  memmovea.o(.text)
    __aeabi_memcpy                           0x08004cc5   Thumb Code    64  memmovea.o(.text)
    __aeabi_memcpy4                          0x08004cc5   Thumb Code     0  memmovea.o(.text)
    __aeabi_memmove                          0x08004cc5   Thumb Code     0  memmovea.o(.text)
    __aeabi_memmove4                         0x08004cc5   Thumb Code     0  memmovea.o(.text)
    __aeabi_memmove8                         0x08004cc5   Thumb Code     0  memmovea.o(.text)
    __aeabi_memset                           0x08004d05   Thumb Code    14  memseta.o(.text)
    __aeabi_memset4                          0x08004d05   Thumb Code     0  memseta.o(.text)
    __aeabi_memset8                          0x08004d05   Thumb Code     0  memseta.o(.text)
    __aeabi_memclr                           0x08004d13   Thumb Code     4  memseta.o(.text)
    __aeabi_memclr4                          0x08004d13   Thumb Code     0  memseta.o(.text)
    __aeabi_memclr8                          0x08004d13   Thumb Code     0  memseta.o(.text)
    _memset$wrapper                          0x08004d17   Thumb Code    18  memseta.o(.text)
    __aeabi_uldivmod                         0x08004d29   Thumb Code    98  uldiv.o(.text)
    __aeabi_llsl                             0x08004d8b   Thumb Code    30  llshl.o(.text)
    _ll_shift_l                              0x08004d8b   Thumb Code     0  llshl.o(.text)
    __aeabi_llsr                             0x08004da9   Thumb Code    32  llushr.o(.text)
    _ll_ushift_r                             0x08004da9   Thumb Code     0  llushr.o(.text)
    __scatterload                            0x08004dc9   Thumb Code    28  init.o(.text)
    __scatterload_rt2                        0x08004dc9   Thumb Code     0  init.o(.text)
    __0sprintf$8                             0x08004ded   Thumb Code    34  printf8.o(i.__0sprintf$8)
    __1sprintf$8                             0x08004ded   Thumb Code     0  printf8.o(i.__0sprintf$8)
    __2sprintf                               0x08004ded   Thumb Code     0  printf8.o(i.__0sprintf$8)
    __scatterload_copy                       0x08004e15   Thumb Code    14  handlers.o(i.__scatterload_copy)
    __scatterload_null                       0x08004e23   Thumb Code     2  handlers.o(i.__scatterload_null)
    __scatterload_zeroinit                   0x08004e25   Thumb Code    14  handlers.o(i.__scatterload_zeroinit)
    asc2_1206                                0x080052a4   Data        1140  lcd.o(.constdata)
    GUI_Pow10                                0x08005d18   Data          40  gui_adddecshift.o(.constdata)
    GUI__API_TableNone                       0x08005d40   Data          16  gui_uc_encodenone.o(.constdata)
    acFont8x16                               0x08005d58   Data        2608  f8x16.o(.constdata)
    TransList8x16                            0x08006788   Data         448  f8x16.o(.constdata)
    TransInfo8x16                            0x08006948   Data           8  f8x16.o(.constdata)
    FontMono8x16                             0x08006950   Data          20  f8x16.o(.constdata)
    GUI_Font8x16                             0x08006964   Data          32  f8x16.o(.constdata)
    GUI_Font8x17                             0x08006984   Data          32  f8x16.o(.constdata)
    GUI_Font8x18                             0x080069a4   Data          32  f8x16.o(.constdata)
    GUI_Font8x16x1x2                         0x080069ec   Data          32  f8x16.o(.constdata)
    GUI_Font8x16x2x2                         0x08006a0c   Data          32  f8x16.o(.constdata)
    GUI_Font8x16x3x3                         0x08006a2c   Data          32  f8x16.o(.constdata)
    Region$$Table$$Base                      0x08006a4c   Number         0  anon$$obj.o(Region$$Table)
    Region$$Table$$Limit                     0x08006a6c   Number         0  anon$$obj.o(Region$$Table)
    touch_flag                               0x20000000   Data           1  stm32f10x_it.o(.data)
    display_direction                        0x20000008   Data           1  lcd_botton.o(.data)
    POINT_COLOR                              0x2000000a   Data           2  lcd.o(.data)
    TESTZCSIGN                               0x2000000c   Data           4  stm32f10x_gpio.o(.data)
    SystemCoreClock                          0x20000024   Data           4  system_stm32f10x.o(.data)
    AHBPrescTable                            0x20000028   Data          16  system_stm32f10x.o(.data)
    GUI_pfKeyMsgHook                         0x20000048   Data           4  gui_onkey.o(.data)
    GUI_DecChar                              0x20000050   Data           1  guicore.o(.data)
    GUI_pfTimerExec                          0x20000054   Data           4  guicore.o(.data)
    WM_pfHandlePID                           0x20000058   Data           4  guicore.o(.data)
    GUI_pfDispCharStyle                      0x2000005c   Data           4  guicore.o(.data)
    GUI_pLCD_APIList                         0x20000060   Data           4  guicore.o(.data)
    OS_TimeMS                                0x20000064   Data           4  gui_x.o(.data)
    WM__NumWindows                           0x20000068   Data           2  wm.o(.data)
    WM__NumInvalidWindows                    0x2000006a   Data           2  wm.o(.data)
    WM__FirstWin                             0x2000006c   Data           2  wm.o(.data)
    WM__pFirstCriticalHandle                 0x20000070   Data           4  wm.o(.data)
    WM__ahDesktopWin                         0x20000074   Data           2  wm.o(.data)
    WM__aBkColor                             0x20000078   Data           4  wm.o(.data)
    WM_IsActive                              0x2000007c   Data           1  wm.o(.data)
    WM__CreateFlags                          0x2000007e   Data           2  wm.o(.data)
    WM__hCapture                             0x20000080   Data           2  wm.o(.data)
    WM__hWinFocus                            0x20000082   Data           2  wm.o(.data)
    WM__CaptureReleaseAuto                   0x20000084   Data           1  wm.o(.data)
    WM_pfPollPID                             0x20000088   Data           4  wm.o(.data)
    WM__PaintCallbackCnt                     0x2000008c   Data           1  wm.o(.data)
    WM__TransWindowCnt                       0x20000090   Data           4  wm.o(.data)
    WM__hATransWindow                        0x20000094   Data           2  wm.o(.data)
    WM__CHWinModal                           0x2000009c   Data           8  wmtouch.o(.data)
    WM__CHWinLast                            0x200000a4   Data           8  wmtouch.o(.data)
    TESTZCNUM                                0x200000ac   Data          40  main.o(.bss)
    TESTZCGPIO                               0x200000d4   Data         160  stm32f10x_gpio.o(.bss)
    GUI_Heap                                 0x20000174   Data        5000  guialloc.o(.bss)
    GUI_ALLOC                                0x200018b0   Data          20  guialloc.o(.bss)
    GUI_Context                              0x200018c4   Data          80  guicore.o(.bss)
    LCD__aConvTable                          0x20001914   Data         512  lcdcolor.o(.bss)
    WM_PID__StateLast                        0x20001b14   Data          12  wm.o(.bss)
    __initial_sp                             0x20001f38   Data           0  startup_stm32f10x_hd.o(STACK)



==============================================================================

Memory Map of the image

  Image Entry point : 0x08000131

  Load Region LR_IROM1 (Base: 0x08000000, Size: 0x00006b18, Max: 0x00080000, ABSOLUTE)

    Execution Region ER_IROM1 (Base: 0x08000000, Size: 0x00006a6c, Max: 0x00080000, ABSOLUTE)

    Base Addr    Size         Type   Attr      Idx    E Section Name        Object

    0x08000000   0x00000130   Data   RO            3    RESET               startup_stm32f10x_hd.o
    0x08000130   0x00000000   Code   RO         9017  * .ARM.Collect$$$$00000000  mc_w.l(entry.o)
    0x08000130   0x00000004   Code   RO         9393    .ARM.Collect$$$$00000001  mc_w.l(entry2.o)
    0x08000134   0x00000004   Code   RO         9396    .ARM.Collect$$$$00000004  mc_w.l(entry5.o)
    0x08000138   0x00000000   Code   RO         9398    .ARM.Collect$$$$00000008  mc_w.l(entry7b.o)
    0x08000138   0x00000000   Code   RO         9400    .ARM.Collect$$$$0000000A  mc_w.l(entry8b.o)
    0x08000138   0x00000008   Code   RO         9401    .ARM.Collect$$$$0000000B  mc_w.l(entry9a.o)
    0x08000140   0x00000000   Code   RO         9403    .ARM.Collect$$$$0000000D  mc_w.l(entry10a.o)
    0x08000140   0x00000000   Code   RO         9405    .ARM.Collect$$$$0000000F  mc_w.l(entry11a.o)
    0x08000140   0x00000004   Code   RO         9394    .ARM.Collect$$$$00002712  mc_w.l(entry2.o)
    0x08000144   0x00000024   Code   RO            4    .text               startup_stm32f10x_hd.o
    0x08000168   0x0000009c   Code   RO           10    .text               main.o
    0x08000204   0x00000048   Code   RO          105    .text               stm32f10x_it.o
    0x0800024c   0x000000b4   Code   RO          149    .text               systick.o
    0x08000300   0x00000708   Code   RO          170    .text               lcd_botton.o
    0x08000a08   0x000008ac   Code   RO          189    .text               lcd.o
    0x080012b4   0x0000011c   Code   RO          237    .text               stm32f10x_exti.o
    0x080013d0   0x000003f0   Code   RO          261    .text               stm32f10x_gpio.o
    0x080017c0   0x000003a4   Code   RO          280    .text               stm32f10x_rcc.o
    0x08001b64   0x000001e0   Code   RO          316    .text               system_stm32f10x.o
    0x08001d44   0x00000042   Code   RO          442    .text               gui__intersectrect.o
    0x08001d86   0x00000088   Code   RO          454    .text               gui__intersectrects.o
    0x08001e0e   0x00000056   Code   RO          466    .text               gui__memset.o
    0x08001e64   0x0000001c   Code   RO          595    .text               gui_adddecmin.o
    0x08001e80   0x000000f0   Code   RO          607    .text               gui_adddecshift.o
    0x08001f70   0x00000022   Code   RO          664    .text               gui_alloc_alloczero.o
    0x08001f92   0x00000002   PAD
    0x08001f94   0x00000144   Code   RO         1164    .text               gui_dispstring.o
    0x080020d8   0x00000020   Code   RO         1176    .text               gui_dispstringat.o
    0x080020f8   0x00000058   Code   RO         1656    .text               gui_goto.o
    0x08002150   0x00000082   Code   RO         1716    .text               gui_mergerect.o
    0x080021d2   0x00000024   Code   RO         1756    .text               gui_moverect.o
    0x080021f6   0x00000002   PAD
    0x080021f8   0x00000090   Code   RO         1768    .text               gui_onkey.o
    0x08002288   0x00000024   Code   RO         1791    .text               gui_pen.o
    0x080022ac   0x0000003a   Code   RO         1820    .text               gui_rectsintersect.o
    0x080022e6   0x00000002   PAD
    0x080022e8   0x00000024   Code   RO         1832    .text               gui_savecontext.o
    0x0800230c   0x00000018   Code   RO         1868    .text               gui_setcolor.o
    0x08002324   0x00000044   Code   RO         1904    .text               gui_setdefault.o
    0x08002368   0x00000010   Code   RO         1916    .text               gui_setdrawmode.o
    0x08002378   0x00000010   Code   RO         1928    .text               gui_setfont.o
    0x08002388   0x00000010   Code   RO         1952    .text               gui_setlinestyle.o
    0x08002398   0x00000014   Code   RO         2026    .text               gui_settextalign.o
    0x080023ac   0x00000014   Code   RO         2038    .text               gui_settextmode.o
    0x080023c0   0x000000d0   Code   RO         2153    .text               gui_uc.o
    0x08002490   0x00000030   Code   RO         2177    .text               gui_uc_encodenone.o
    0x080024c0   0x00000446   Code   RO         2261    .text               guialloc.o
    0x08002906   0x00000002   PAD
    0x08002908   0x000000b8   Code   RO         2293    .text               guichar.o
    0x080029c0   0x000001b8   Code   RO         2305    .text               guicharline.o
    0x08002b78   0x000001d8   Code   RO         2317    .text               guicharm.o
    0x08002d50   0x00000108   Code   RO         2365    .text               guicore.o
    0x08002e58   0x00000102   Code   RO         2547    .text               guival.o
    0x08002f5a   0x00000002   PAD
    0x08002f5c   0x00000444   Code   RO         2571    .text               lcd_1.o
    0x080033a0   0x00000036   Code   RO         2713    .text               lcd_l0_generic.o
    0x080033d6   0x00000002   PAD
    0x080033d8   0x0000001c   Code   RO         2896    .text               lcd_setcliprectex.o
    0x080033f4   0x00000054   Code   RO         2932    .text               lcdcolor.o
    0x08003448   0x00000038   Code   RO         3047    .text               lcdpm565_index2color.o
    0x08003480   0x00000670   Code   RO         4266    .text               lcddummy.o
    0x08003af0   0x00000030   Code   RO         4305    .text               gui_x.o
    0x08003b20   0x00000fe4   Code   RO         4320    .text               wm.o
    0x08004b04   0x0000001e   Code   RO         4359    .text               wm__getfirstsibling.o
    0x08004b22   0x00000036   Code   RO         4407    .text               wm__getprevsibling.o
    0x08004b58   0x00000024   Code   RO         4479    .text               wm__sendmessage.o
    0x08004b7c   0x00000048   Code   RO         4539    .text               wm_bringtobottom.o
    0x08004bc4   0x00000050   Code   RO         4587    .text               wm_criticalhandle.o
    0x08004c14   0x0000000c   Code   RO         4671    .text               wm_getdesktopwindow.o
    0x08004c20   0x00000014   Code   RO         4831    .text               wm_getparent.o
    0x08004c34   0x00000016   Code   RO         5051    .text               wm_notifyparent.o
    0x08004c4a   0x00000002   PAD
    0x08004c4c   0x00000038   Code   RO         5063    .text               wm_onkey.o
    0x08004c84   0x00000020   Code   RO         5135    .text               wm_sendtoparent.o
    0x08004ca4   0x00000020   Code   RO         5871    .text               lcdpm565.o
    0x08004cc4   0x00000040   Code   RO         9022    .text               mc_w.l(memmovea.o)
    0x08004d04   0x00000024   Code   RO         9024    .text               mc_w.l(memseta.o)
    0x08004d28   0x00000062   Code   RO         9412    .text               mc_w.l(uldiv.o)
    0x08004d8a   0x0000001e   Code   RO         9414    .text               mc_w.l(llshl.o)
    0x08004da8   0x00000020   Code   RO         9416    .text               mc_w.l(llushr.o)
    0x08004dc8   0x00000024   Code   RO         9444    .text               mc_w.l(init.o)
    0x08004dec   0x00000028   Code   RO         9247    i.__0sprintf$8      mc_w.l(printf8.o)
    0x08004e14   0x0000000e   Code   RO         9452    i.__scatterload_copy  mc_w.l(handlers.o)
    0x08004e22   0x00000002   Code   RO         9453    i.__scatterload_null  mc_w.l(handlers.o)
    0x08004e24   0x0000000e   Code   RO         9454    i.__scatterload_zeroinit  mc_w.l(handlers.o)
    0x08004e32   0x00000002   PAD
    0x08004e34   0x00000410   Code   RO         9252    i._printf_core      mc_w.l(printf8.o)
    0x08005244   0x00000024   Code   RO         9253    i._printf_post_padding  mc_w.l(printf8.o)
    0x08005268   0x0000002e   Code   RO         9254    i._printf_pre_padding  mc_w.l(printf8.o)
    0x08005296   0x0000000a   Code   RO         9256    i._sputc            mc_w.l(printf8.o)
    0x080052a0   0x00000004   Data   RO           12    .constdata          main.o
    0x080052a4   0x00000a74   Data   RO          190    .constdata          lcd.o
    0x08005d18   0x00000028   Data   RO          608    .constdata          gui_adddecshift.o
    0x08005d40   0x00000010   Data   RO         2178    .constdata          gui_uc_encodenone.o
    0x08005d50   0x00000008   Data   RO         2367    .constdata          guicore.o
    0x08005d58   0x00000cf4   Data   RO         3265    .constdata          f8x16.o
    0x08006a4c   0x00000020   Data   RO         9450    Region$$Table       anon$$obj.o


    Execution Region RW_IRAM1 (Base: 0x20000000, Size: 0x00001f38, Max: 0x00010000, ABSOLUTE)

    Base Addr    Size         Type   Attr      Idx    E Section Name        Object

    0x20000000   0x00000001   Data   RW          106    .data               stm32f10x_it.o
    0x20000001   0x00000003   PAD
    0x20000004   0x00000004   Data   RW          150    .data               systick.o
    0x20000008   0x00000001   Data   RW          172    .data               lcd_botton.o
    0x20000009   0x00000001   PAD
    0x2000000a   0x00000002   Data   RW          191    .data               lcd.o
    0x2000000c   0x00000004   Data   RW          263    .data               stm32f10x_gpio.o
    0x20000010   0x00000014   Data   RW          281    .data               stm32f10x_rcc.o
    0x20000024   0x00000014   Data   RW          317    .data               system_stm32f10x.o
    0x20000038   0x00000014   Data   RW         1769    .data               gui_onkey.o
    0x2000004c   0x00000001   Data   RW         2263    .data               guialloc.o
    0x2000004d   0x00000003   PAD
    0x20000050   0x00000014   Data   RW         2368    .data               guicore.o
    0x20000064   0x00000004   Data   RW         4306    .data               gui_x.o
    0x20000068   0x00000031   Data   RW         4322    .data               wm.o
    0x20000099   0x00000003   PAD
    0x2000009c   0x00000010   Data   RW         5484    .data               wmtouch.o
    0x200000ac   0x00000028   Zero   RW           11    .bss                main.o
    0x200000d4   0x000000a0   Zero   RW          262    .bss                stm32f10x_gpio.o
    0x20000174   0x00001750   Zero   RW         2262    .bss                guialloc.o
    0x200018c4   0x00000050   Zero   RW         2366    .bss                guicore.o
    0x20001914   0x00000200   Zero   RW         2933    .bss                lcdcolor.o
    0x20001b14   0x00000024   Zero   RW         4321    .bss                wm.o
    0x20001b38   0x00000400   Zero   RW            1    STACK               startup_stm32f10x_hd.o


==============================================================================

Image component sizes


      Code (inc. data)   RO Data    RW Data    ZI Data      Debug   Object Name

         0          0       3316          0          0       2316   f8x16.o
        66          0          0          0          0        845   gui__intersectrect.o
       136          0          0          0          0       1090   gui__intersectrects.o
        86          0          0          0          0        774   gui__memset.o
        28          0          0          0          0        588   gui_adddecmin.o
       240         10         40          0          0       2139   gui_adddecshift.o
        34          0          0          0          0        566   gui_alloc_alloczero.o
       324          4          0          0          0        945   gui_dispstring.o
        32          6          0          0          0        611   gui_dispstringat.o
         0          0          0          0          0       3712   gui_dispstringinrect.o
        88          6          0          0          0       1217   gui_goto.o
       130          0          0          0          0        992   gui_mergerect.o
        36          0          0          0          0        819   gui_moverect.o
       144         12          0         20          0      16867   gui_onkey.o
        36          4          0          0          0        996   gui_pen.o
        58          0          0          0          0        945   gui_rectsintersect.o
        36          4          0          0          0        999   gui_savecontext.o
        24          0          0          0          0        658   gui_setcolor.o
        68          6          0          0          0        591   gui_setdefault.o
        16          0          0          0          0        542   gui_setdrawmode.o
        16          4          0          0          0        510   gui_setfont.o
        16          6          0          0          0        527   gui_setlinestyle.o
        20          4          0          0          0        515   gui_settextalign.o
        20          4          0          0          0        514   gui_settextmode.o
       208          6          0          0          0       2104   gui_uc.o
        48         10         16          0          0       1704   gui_uc_encodenone.o
        48          6          0          4          0       1438   gui_x.o
      1094         16          0          1       5968       5640   guialloc.o
       184          8          0          0          0       1204   guichar.o
       440         12          0          0          0       2151   guicharline.o
       472          4          0          0          0       2105   guicharm.o
       264         20          8         20         80       4966   guicore.o
       258          0          0          0          0       2220   guival.o
      2220         28       2676          2          0      10596   lcd.o
      1092         12          0          0          0       4668   lcd_1.o
      1800         48          0          1          0       6125   lcd_botton.o
        54          0          0          0          0       1123   lcd_l0_generic.o
        28          6          0          0          0        832   lcd_setcliprectex.o
        84          4          0          0        512       1702   lcdcolor.o
      1648          8          0          0          0       7002   lcddummy.o
        32          0          0          0          0        777   lcdpm565.o
        56          0          0          0          0        619   lcdpm565_index2color.o
       156         26          4          0         40     243606   main.o
        36          8        304          0       1024        824   startup_stm32f10x_hd.o
       284         10          0          0          0       2171   stm32f10x_exti.o
      1008         46          0          4        160      14309   stm32f10x_gpio.o
        72          8          0          1          0       1626   stm32f10x_it.o
       932         36          0         20          0       8796   stm32f10x_rcc.o
       480         38          0         20          0       1731   system_stm32f10x.o
       180         20          0          4          0      16437   systick.o
      4068        166          0         49         36      19114   wm.o
         0          0          0          0          0       1881   wm__foreachdesc.o
        30          0          0          0          0        570   wm__getfirstsibling.o
        54          0          0          0          0        885   wm__getprevsibling.o
        36          0          0          0          0        914   wm__sendmessage.o
        72          0          0          0          0       1039   wm_bringtobottom.o
        80          4          0          0          0        889   wm_criticalhandle.o
        12          4          0          0          0        462   wm_getdesktopwindow.o
        20          0          0          0          0        511   wm_getparent.o
        22          0          0          0          0        570   wm_notifyparent.o
        56          6          0          0          0        639   wm_onkey.o
        32          0          0          0          0        606   wm_sendtoparent.o
         0          0          0         16          0       2067   wmtouch.o

    ----------------------------------------------------------------------
     19328        630       6396        172       7820     416901   Object Totals
         0          0         32          0          0          0   (incl. Generated)
        14          0          0         10          0          0   (incl. Padding)

    ----------------------------------------------------------------------

      Code (inc. data)   RO Data    RW Data    ZI Data      Debug   Library Member Name

         0          0          0          0          0          0   entry.o
         0          0          0          0          0          0   entry10a.o
         0          0          0          0          0          0   entry11a.o
         8          4          0          0          0          0   entry2.o
         4          0          0          0          0          0   entry5.o
         0          0          0          0          0          0   entry7b.o
         0          0          0          0          0          0   entry8b.o
         8          4          0          0          0          0   entry9a.o
        30          0          0          0          0          0   handlers.o
        36          8          0          0          0         68   init.o
        30          0          0          0          0         68   llshl.o
        32          0          0          0          0         68   llushr.o
        64          0          0          0          0         76   memmovea.o
        36          0          0          0          0        108   memseta.o
      1172         50          0          0          0        420   printf8.o
        98          0          0          0          0         92   uldiv.o

    ----------------------------------------------------------------------
      1520         66          0          0          0        900   Library Totals
         2          0          0          0          0          0   (incl. Padding)

    ----------------------------------------------------------------------

      Code (inc. data)   RO Data    RW Data    ZI Data      Debug   Library Name

      1518         66          0          0          0        900   mc_w.l

    ----------------------------------------------------------------------
      1520         66          0          0          0        900   Library Totals

    ----------------------------------------------------------------------

==============================================================================


      Code (inc. data)   RO Data    RW Data    ZI Data      Debug   

     20848        696       6396        172       7820     413065   Grand Totals
     20848        696       6396        172       7820     413065   ELF Image Totals
     20848        696       6396        172          0          0   ROM Totals

==============================================================================

    Total RO  Size (Code + RO Data)                27244 (  26.61kB)
    Total RW  Size (RW Data + ZI Data)              7992 (   7.80kB)
    Total ROM Size (Code + RO Data + RW Data)      27416 (  26.77kB)

==============================================================================

